Archive member included to satisfy reference by file (symbol)

e:/tm32cubeide_1.3.0/stm32cubeide_1.3.0/stm32cubeide/plugins/com.st.stm32cube.ide.mcu.externaltools.gnu-tools-for-stm32.9-2020-q2-update.win32_2.0.0.202105311346/tools/bin/../lib/gcc/arm-none-eabi/9.3.1/../../../../arm-none-eabi/lib/thumb/v7-m/nofp\libc_nano.a(lib_a-errno.o)
                              ./Core/Src/syscalls.o (__errno)
e:/tm32cubeide_1.3.0/stm32cubeide_1.3.0/stm32cubeide/plugins/com.st.stm32cube.ide.mcu.externaltools.gnu-tools-for-stm32.9-2020-q2-update.win32_2.0.0.202105311346/tools/bin/../lib/gcc/arm-none-eabi/9.3.1/../../../../arm-none-eabi/lib/thumb/v7-m/nofp\libc_nano.a(lib_a-exit.o)
                              e:/tm32cubeide_1.3.0/stm32cubeide_1.3.0/stm32cubeide/plugins/com.st.stm32cube.ide.mcu.externaltools.gnu-tools-for-stm32.9-2020-q2-update.win32_2.0.0.202105311346/tools/bin/../lib/gcc/arm-none-eabi/9.3.1/../../../../arm-none-eabi/lib/thumb/v7-m/nofp/crt0.o (exit)
e:/tm32cubeide_1.3.0/stm32cubeide_1.3.0/stm32cubeide/plugins/com.st.stm32cube.ide.mcu.externaltools.gnu-tools-for-stm32.9-2020-q2-update.win32_2.0.0.202105311346/tools/bin/../lib/gcc/arm-none-eabi/9.3.1/../../../../arm-none-eabi/lib/thumb/v7-m/nofp\libc_nano.a(lib_a-impure.o)
                              e:/tm32cubeide_1.3.0/stm32cubeide_1.3.0/stm32cubeide/plugins/com.st.stm32cube.ide.mcu.externaltools.gnu-tools-for-stm32.9-2020-q2-update.win32_2.0.0.202105311346/tools/bin/../lib/gcc/arm-none-eabi/9.3.1/../../../../arm-none-eabi/lib/thumb/v7-m/nofp\libc_nano.a(lib_a-exit.o) (_global_impure_ptr)
e:/tm32cubeide_1.3.0/stm32cubeide_1.3.0/stm32cubeide/plugins/com.st.stm32cube.ide.mcu.externaltools.gnu-tools-for-stm32.9-2020-q2-update.win32_2.0.0.202105311346/tools/bin/../lib/gcc/arm-none-eabi/9.3.1/../../../../arm-none-eabi/lib/thumb/v7-m/nofp\libc_nano.a(lib_a-init.o)
                              e:/tm32cubeide_1.3.0/stm32cubeide_1.3.0/stm32cubeide/plugins/com.st.stm32cube.ide.mcu.externaltools.gnu-tools-for-stm32.9-2020-q2-update.win32_2.0.0.202105311346/tools/bin/../lib/gcc/arm-none-eabi/9.3.1/../../../../arm-none-eabi/lib/thumb/v7-m/nofp/crt0.o (__libc_init_array)
e:/tm32cubeide_1.3.0/stm32cubeide_1.3.0/stm32cubeide/plugins/com.st.stm32cube.ide.mcu.externaltools.gnu-tools-for-stm32.9-2020-q2-update.win32_2.0.0.202105311346/tools/bin/../lib/gcc/arm-none-eabi/9.3.1/../../../../arm-none-eabi/lib/thumb/v7-m/nofp\libc_nano.a(lib_a-memset.o)
                              e:/tm32cubeide_1.3.0/stm32cubeide_1.3.0/stm32cubeide/plugins/com.st.stm32cube.ide.mcu.externaltools.gnu-tools-for-stm32.9-2020-q2-update.win32_2.0.0.202105311346/tools/bin/../lib/gcc/arm-none-eabi/9.3.1/../../../../arm-none-eabi/lib/thumb/v7-m/nofp/crt0.o (memset)
e:/tm32cubeide_1.3.0/stm32cubeide_1.3.0/stm32cubeide/plugins/com.st.stm32cube.ide.mcu.externaltools.gnu-tools-for-stm32.9-2020-q2-update.win32_2.0.0.202105311346/tools/bin/../lib/gcc/arm-none-eabi/9.3.1/thumb/v7-m/nofp\libgcc.a(_arm_addsubdf3.o)
                              ./Core/Src/main.o (__aeabi_i2d)
e:/tm32cubeide_1.3.0/stm32cubeide_1.3.0/stm32cubeide/plugins/com.st.stm32cube.ide.mcu.externaltools.gnu-tools-for-stm32.9-2020-q2-update.win32_2.0.0.202105311346/tools/bin/../lib/gcc/arm-none-eabi/9.3.1/thumb/v7-m/nofp\libgcc.a(_arm_fixunsdfsi.o)
                              ./Core/Src/main.o (__aeabi_d2uiz)

Allocating common symbols
Common symbol       size              file

On5ms               0x2               ./Core/Src/main.o
Count3000ms         0x2               ./Core/Src/main.o
hUsbDeviceFS        0x2c4             ./USB_DEVICE/App/usb_device.o
x2_x3               0x2               ./Core/Src/main.o
htim4               0x48              ./Core/Src/main.o
Ki                  0x1               ./Core/Src/main.o
x2_x1cuad           0x2               ./Core/Src/main.o
RXUSART1            0x14              ./Core/Src/main.o
DecodeTimeOut       0x2               ./Core/Src/main.o
hi2c2               0x54              ./Core/Src/main.o
DecodeCIPSEND       0x1               ./Core/Src/main.o
On100ms             0x2               ./Core/Src/main.o
Derivativo          0x4               ./Core/Src/main.o
w                   0x20              ./Core/Src/main.o
uwTick              0x4               ./Drivers/STM32F1xx_HAL_Driver/Src/stm32f1xx_hal.o
x2_x1               0x2               ./Core/Src/main.o
rxUSBBuff           0x100             ./Core/Src/main.o
pFlash              0x20              ./Drivers/STM32F1xx_HAL_Driver/Src/stm32f1xx_hal_flash.o
denominador         0x4               ./Core/Src/main.o
Count500ms          0x2               ./Core/Src/main.o
UserRxBufferFS      0x200             ./USB_DEVICE/App/usbd_cdc_if.o
TXUSB               0xc               ./Core/Src/main.o
posMINDerecha       0x1               ./Core/Src/main.o
htim3               0x48              ./Core/Src/main.o
flag2               0x1               ./Core/Src/main.o
iAdc                0x1               ./Core/Src/main.o
[...]
Memory Configuration

Name             Origin             Length             Attributes
RAM              0x0000000020000000 0x0000000000005000 xrw
FLASH            0x0000000008000000 0x0000000000010000 xr
*default*        0x0000000000000000 0xffffffffffffffff

Linker script and memory map

LOAD e:/tm32cubeide_1.3.0/stm32cubeide_1.3.0/stm32cubeide/plugins/com.st.stm32cube.ide.mcu.externaltools.gnu-tools-for-stm32.9-2020-q2-update.win32_2.0.0.202105311346/tools/bin/../lib/gcc/arm-none-eabi/9.3.1/thumb/v7-m/nofp/crti.o
LOAD e:/tm32cubeide_1.3.0/stm32cubeide_1.3.0/stm32cubeide/plugins/com.st.stm32cube.ide.mcu.externaltools.gnu-tools-for-stm32.9-2020-q2-update.win32_2.0.0.202105311346/tools/bin/../lib/gcc/arm-none-eabi/9.3.1/thumb/v7-m/nofp/crtbegin.o
LOAD e:/tm32cubeide_1.3.0/stm32cubeide_1.3.0/stm32cubeide/plugins/com.st.stm32cube.ide.mcu.externaltools.gnu-tools-for-stm32.9-2020-q2-update.win32_2.0.0.202105311346/tools/bin/../lib/gcc/arm-none-eabi/9.3.1/../../../../arm-none-eabi/lib/thumb/v7-m/nofp/crt0.o
LOAD ./Core/Src/main.o
LOAD ./Core/Src/stm32f1xx_hal_msp.o
LOAD ./Core/Src/stm32f1xx_it.o
LOAD ./Core/Src/syscalls.o
LOAD ./Core/Src/sysmem.o
LOAD ./Core/Src/system_stm32f1xx.o
LOAD ./Core/Startup/startup_stm32f103c8tx.o
LOAD ./Drivers/STM32F1xx_HAL_Driver/Src/stm32f1xx_hal.o
LOAD ./Drivers/STM32F1xx_HAL_Driver/Src/stm32f1xx_hal_adc.o
LOAD ./Drivers/STM32F1xx_HAL_Driver/Src/stm32f1xx_hal_adc_ex.o
LOAD ./Drivers/STM32F1xx_HAL_Driver/Src/stm32f1xx_hal_cortex.o
LOAD ./Drivers/STM32F1xx_HAL_Driver/Src/stm32f1xx_hal_dma.o
LOAD ./Drivers/STM32F1xx_HAL_Driver/Src/stm32f1xx_hal_exti.o
LOAD ./Drivers/STM32F1xx_HAL_Driver/Src/stm32f1xx_hal_flash.o
LOAD ./Drivers/STM32F1xx_HAL_Driver/Src/stm32f1xx_hal_flash_ex.o
LOAD ./Drivers/STM32F1xx_HAL_Driver/Src/stm32f1xx_hal_gpio.o
LOAD ./Drivers/STM32F1xx_HAL_Driver/Src/stm32f1xx_hal_gpio_ex.o
LOAD ./Drivers/STM32F1xx_HAL_Driver/Src/stm32f1xx_hal_i2c.o
LOAD ./Drivers/STM32F1xx_HAL_Driver/Src/stm32f1xx_hal_pcd.o
LOAD ./Drivers/STM32F1xx_HAL_Driver/Src/stm32f1xx_hal_pcd_ex.o
LOAD ./Drivers/STM32F1xx_HAL_Driver/Src/stm32f1xx_hal_pwr.o
LOAD ./Drivers/STM32F1xx_HAL_Driver/Src/stm32f1xx_hal_rcc.o
LOAD ./Drivers/STM32F1xx_HAL_Driver/Src/stm32f1xx_hal_rcc_ex.o
LOAD ./Drivers/STM32F1xx_HAL_Driver/Src/stm32f1xx_hal_tim.o
LOAD ./Drivers/STM32F1xx_HAL_Driver/Src/stm32f1xx_hal_tim_ex.o
LOAD ./Drivers/STM32F1xx_HAL_Driver/Src/stm32f1xx_hal_uart.o
LOAD ./Drivers/STM32F1xx_HAL_Driver/Src/stm32f1xx_ll_usb.o
LOAD ./Middlewares/ST/STM32_USB_Device_Library/Class/CDC/Src/usbd_cdc.o
LOAD ./Middlewares/ST/STM32_USB_Device_Library/Core/Src/usbd_core.o
LOAD ./Middlewares/ST/STM32_USB_Device_Library/Core/Src/usbd_ctlreq.o
LOAD ./Middlewares/ST/STM32_USB_Device_Library/Core/Src/usbd_ioreq.o
LOAD ./USB_DEVICE/App/usb_device.o
LOAD ./USB_DEVICE/App/usbd_cdc_if.o
LOAD ./USB_DEVICE/App/usbd_desc.o
LOAD ./USB_DEVICE/Target/usbd_conf.o
START GROUP
LOAD e:/tm32cubeide_1.3.0/stm32cubeide_1.3.0/stm32cubeide/plugins/com.st.stm32cube.ide.mcu.externaltools.gnu-tools-for-stm32.9-2020-q2-update.win32_2.0.0.202105311346/tools/bin/../lib/gcc/arm-none-eabi/9.3.1/../../../../arm-none-eabi/lib/thumb/v7-m/nofp\libc_nano.a
LOAD e:/tm32cubeide_1.3.0/stm32cubeide_1.3.0/stm32cubeide/plugins/com.st.stm32cube.ide.mcu.externaltools.gnu-tools-for-stm32.9-2020-q2-update.win32_2.0.0.202105311346/tools/bin/../lib/gcc/arm-none-eabi/9.3.1/../../../../arm-none-eabi/lib/thumb/v7-m/nofp\libm.a
END GROUP
START GROUP
LOAD e:/tm32cubeide_1.3.0/stm32cubeide_1.3.0/stm32cubeide/plugins/com.st.stm32cube.ide.mcu.externaltools.gnu-tools-for-stm32.9-2020-q2-update.win32_2.0.0.202105311346/tools/bin/../lib/gcc/arm-none-eabi/9.3.1/thumb/v7-m/nofp\libgcc.a
LOAD e:/tm32cubeide_1.3.0/stm32cubeide_1.3.0/stm32cubeide/plugins/com.st.stm32cube.ide.mcu.externaltools.gnu-tools-for-stm32.9-2020-q2-update.win32_2.0.0.202105311346/tools/bin/../lib/gcc/arm-none-eabi/9.3.1/../../../../arm-none-eabi/lib/thumb/v7-m/nofp\libc_nano.a
END GROUP
START GROUP
LOAD e:/tm32cubeide_1.3.0/stm32cubeide_1.3.0/stm32cubeide/plugins/com.st.stm32cube.ide.mcu.externaltools.gnu-tools-for-stm32.9-2020-q2-update.win32_2.0.0.202105311346/tools/bin/../lib/gcc/arm-none-eabi/9.3.1/thumb/v7-m/nofp\libgcc.a
LOAD e:/tm32cubeide_1.3.0/stm32cubeide_1.3.0/stm32cubeide/plugins/com.st.stm32cube.ide.mcu.externaltools.gnu-tools-for-stm32.9-2020-q2-update.win32_2.0.0.202105311346/tools/bin/../lib/gcc/arm-none-eabi/9.3.1/../../../../arm-none-eabi/lib/thumb/v7-m/nofp\libc_nano.a
LOAD e:/tm32cubeide_1.3.0/stm32cubeide_1.3.0/stm32cubeide/plugins/com.st.stm32cube.ide.mcu.externaltools.gnu-tools-for-stm32.9-2020-q2-update.win32_2.0.0.202105311346/tools/bin/../lib/gcc/arm-none-eabi/9.3.1/../../../../arm-none-eabi/lib/thumb/v7-m/nofp\libnosys.a
END GROUP
START GROUP
LOAD e:/tm32cubeide_1.3.0/stm32cubeide_1.3.0/stm32cubeide/plugins/com.st.stm32cube.ide.mcu.externaltools.gnu-tools-for-stm32.9-2020-q2-update.win32_2.0.0.202105311346/tools/bin/../lib/gcc/arm-none-eabi/9.3.1/thumb/v7-m/nofp\libgcc.a
LOAD e:/tm32cubeide_1.3.0/stm32cubeide_1.3.0/stm32cubeide/plugins/com.st.stm32cube.ide.mcu.externaltools.gnu-tools-for-stm32.9-2020-q2-update.win32_2.0.0.202105311346/tools/bin/../lib/gcc/arm-none-eabi/9.3.1/../../../../arm-none-eabi/lib/thumb/v7-m/nofp\libc_nano.a
LOAD e:/tm32cubeide_1.3.0/stm32cubeide_1.3.0/stm32cubeide/plugins/com.st.stm32cube.ide.mcu.externaltools.gnu-tools-for-stm32.9-2020-q2-update.win32_2.0.0.202105311346/tools/bin/../lib/gcc/arm-none-eabi/9.3.1/../../../../arm-none-eabi/lib/thumb/v7-m/nofp\libnosys.a
END GROUP
LOAD e:/tm32cubeide_1.3.0/stm32cubeide_1.3.0/stm32cubeide/plugins/com.st.stm32cube.ide.mcu.externaltools.gnu-tools-for-stm32.9-2020-q2-update.win32_2.0.0.202105311346/tools/bin/../lib/gcc/arm-none-eabi/9.3.1/thumb/v7-m/nofp/crtend.o
LOAD e:/tm32cubeide_1.3.0/stm32cubeide_1.3.0/stm32cubeide/plugins/com.st.stm32cube.ide.mcu.externaltools.gnu-tools-for-stm32.9-2020-q2-update.win32_2.0.0.202105311346/tools/bin/../lib/gcc/arm-none-eabi/9.3.1/thumb/v7-m/nofp/crtn.o
                0x0000000020005000                _estack = (ORIGIN (RAM) + LENGTH (RAM))
                0x0000000000000200                _Min_Heap_Size = 0x200
                0x0000000000000400                _Min_Stack_Size = 0x400

.isr_vector     0x0000000008000000      0x10c
                0x0000000008000000                . = ALIGN (0x4)
 *(.isr_vector)
 .isr_vector    0x0000000008000000      0x10c ./Core/Startup/startup_stm32f103c8tx.o
                0x0000000008000000                g_pfnVectors
                0x000000000800010c                . = ALIGN (0x4)

.text           0x000000000800010c     0xba20
                0x000000000800010c                . = ALIGN (0x4)
 *(.text)
 .text          0x000000000800010c       0x40 e:/tm32cubeide_1.3.0/stm32cubeide_1.3.0/stm32cubeide/plugins/com.st.stm32cube.ide.mcu.externaltools.gnu-tools-for-stm32.9-2020-q2-update.win32_2.0.0.202105311346/tools/bin/../lib/gcc/arm-none-eabi/9.3.1/thumb/v7-m/nofp/crtbegin.o
 .text          0x000000000800014c      0x378 e:/tm32cubeide_1.3.0/stm32cubeide_1.3.0/stm32cubeide/plugins/com.st.stm32cube.ide.mcu.externaltools.gnu-tools-for-stm32.9-2020-q2-update.win32_2.0.0.202105311346/tools/bin/../lib/gcc/arm-none-eabi/9.3.1/thumb/v7-m/nofp\libgcc.a(_arm_addsubdf3.o)
                0x000000000800014c                __aeabi_drsub
                0x0000000008000154                __aeabi_dsub
                0x0000000008000154                __subdf3
                0x0000000008000158                __aeabi_dadd
                0x0000000008000158                __adddf3
                0x00000000080003d0                __floatunsidf
                0x00000000080003d0                __aeabi_ui2d
                0x00000000080003f0                __floatsidf
                0x00000000080003f0                __aeabi_i2d
                0x0000000008000414                __aeabi_f2d
                0x0000000008000414                __extendsfdf2
                0x0000000008000458                __floatundidf
                0x0000000008000458                __aeabi_ul2d
                0x0000000008000468                __floatdidf
                0x0000000008000468                __aeabi_l2d
 .text          0x00000000080004c4       0x40 e:/tm32cubeide_1.3.0/stm32cubeide_1.3.0/stm32cubeide/plugins/com.st.stm32cube.ide.mcu.externaltools.gnu-tools-for-stm32.9-2020-q2-update.win32_2.0.0.202105311346/tools/bin/../lib/gcc/arm-none-eabi/9.3.1/thumb/v7-m/nofp\libgcc.a(_arm_fixunsdfsi.o)
                0x00000000080004c4                __aeabi_d2uiz
                0x00000000080004c4                __fixunsdfsi
 *(.text*)
 .text.InitEsp  0x0000000008000504       0xc8 ./Core/Src/main.o
                0x0000000008000504                InitEsp
 .text.Reset    0x00000000080005cc       0x50 ./Core/Src/main.o
                0x00000000080005cc                Reset
 .text.HAL_TIM_PeriodElapsedCallback
                0x000000000800061c       0xa8 ./Core/Src/main.o
                0x000000000800061c                HAL_TIM_PeriodElapsedCallback
 .text.DecodeESP
                0x00000000080006c4      0x3f0 ./Core/Src/main.o
                0x00000000080006c4                DecodeESP
 .text.HAL_UART_RxCpltCallback
                0x0000000008000ab4       0x74 ./Core/Src/main.o
                0x0000000008000ab4                HAL_UART_RxCpltCallback
 .text.HAL_ADC_ConvCpltCallback
                0x0000000008000b28       0x38 ./Core/Src/main.o
                0x0000000008000b28                HAL_ADC_ConvCpltCallback
 .text.ADC      0x0000000008000b60      0x2d4 ./Core/Src/main.o
                0x0000000008000b60                ADC
 .text.MyCallBackOnUSBData
                0x0000000008000e34       0x50 ./Core/Src/main.o
                0x0000000008000e34                MyCallBackOnUSBData
 .text.DecodeHeader
                0x0000000008000e84      0x1f0 ./Core/Src/main.o
                0x0000000008000e84                DecodeHeader
 .text.DecodeCmd
                0x0000000008001074       0x8c ./Core/Src/main.o
                0x0000000008001074                DecodeCmd
 .text.PutCIPSENDOnTx
                0x0000000008001100       0x74 ./Core/Src/main.o
                0x0000000008001100                PutCIPSENDOnTx
 .text.SendUDPData
                0x0000000008001174       0xbc ./Core/Src/main.o
                0x0000000008001174                SendUDPData
 .text.PutStrOnTx
                0x0000000008001230       0x5a ./Core/Src/main.o
                0x0000000008001230                PutStrOnTx
 .text.PutByteOnTx
                0x000000000800128a       0x3c ./Core/Src/main.o
                0x000000000800128a                PutByteOnTx
 .text.PutBuffOnTx
                0x00000000080012c6       0x5a ./Core/Src/main.o
                0x00000000080012c6                PutBuffOnTx
 .text.PutHeaderOnTx
                0x0000000008001320      0x12e ./Core/Src/main.o
                0x0000000008001320                PutHeaderOnTx
 .text.PutcksOnTx
                0x000000000800144e       0x82 ./Core/Src/main.o
                0x000000000800144e                PutcksOnTx
 .text.main     0x00000000080014d0      0x508 ./Core/Src/main.o
                0x00000000080014d0                main
 .text.SystemClock_Config
                0x00000000080019d8       0xba ./Core/Src/main.o
                0x00000000080019d8                SystemClock_Config
 *fill*         0x0000000008001a92        0x2 
 .text.MX_ADC1_Init
                0x0000000008001a94      0x144 ./Core/Src/main.o
 .text.MX_I2C2_Init
                0x0000000008001bd8       0x5c ./Core/Src/main.o
 .text.MX_TIM3_Init
                0x0000000008001c34       0x9c ./Core/Src/main.o
 .text.MX_TIM4_Init
                0x0000000008001cd0      0x130 ./Core/Src/main.o
 .text.MX_USART1_UART_Init
                0x0000000008001e00       0x54 ./Core/Src/main.o
 .text.MX_DMA_Init
                0x0000000008001e54       0x3c ./Core/Src/main.o
 .text.MX_GPIO_Init
                0x0000000008001e90       0xf0 ./Core/Src/main.o
 .text.Error_Handler
                0x0000000008001f80        0xa ./Core/Src/main.o
                0x0000000008001f80                Error_Handler
 *fill*         0x0000000008001f8a        0x2 
 .text.HAL_MspInit
                0x0000000008001f8c       0x64 ./Core/Src/stm32f1xx_hal_msp.o
                0x0000000008001f8c                HAL_MspInit
 .text.HAL_ADC_MspInit
                0x0000000008001ff0       0xd0 ./Core/Src/stm32f1xx_hal_msp.o
                0x0000000008001ff0                HAL_ADC_MspInit
 .text.HAL_I2C_MspInit
                0x00000000080020c0       0x80 ./Core/Src/stm32f1xx_hal_msp.o
                0x00000000080020c0                HAL_I2C_MspInit
 .text.HAL_TIM_Base_MspInit
                0x0000000008002140       0x84 ./Core/Src/stm32f1xx_hal_msp.o
                0x0000000008002140                HAL_TIM_Base_MspInit
 .text.HAL_TIM_MspPostInit
                0x00000000080021c4       0x68 ./Core/Src/stm32f1xx_hal_msp.o
                0x00000000080021c4                HAL_TIM_MspPostInit
 .text.HAL_UART_MspInit
                0x000000000800222c       0xa8 ./Core/Src/stm32f1xx_hal_msp.o
                0x000000000800222c                HAL_UART_MspInit
 .text.NMI_Handler
                0x00000000080022d4        0x6 ./Core/Src/stm32f1xx_it.o
                0x00000000080022d4                NMI_Handler
 .text.HardFault_Handler
                0x00000000080022da        0x6 ./Core/Src/stm32f1xx_it.o
                0x00000000080022da                HardFault_Handler
 .text.MemManage_Handler
                0x00000000080022e0        0x6 ./Core/Src/stm32f1xx_it.o
                0x00000000080022e0                MemManage_Handler
 .text.BusFault_Handler
                0x00000000080022e6        0x6 ./Core/Src/stm32f1xx_it.o
                0x00000000080022e6                BusFault_Handler
 .text.UsageFault_Handler
                0x00000000080022ec        0x6 ./Core/Src/stm32f1xx_it.o
                0x00000000080022ec                UsageFault_Handler
 .text.SVC_Handler
                0x00000000080022f2        0xc ./Core/Src/stm32f1xx_it.o
                0x00000000080022f2                SVC_Handler
 .text.DebugMon_Handler
                0x00000000080022fe        0xc ./Core/Src/stm32f1xx_it.o
                0x00000000080022fe                DebugMon_Handler
 .text.PendSV_Handler
                0x000000000800230a        0xc ./Core/Src/stm32f1xx_it.o
                0x000000000800230a                PendSV_Handler
 .text.SysTick_Handler
                0x0000000008002316        0xc ./Core/Src/stm32f1xx_it.o
                0x0000000008002316                SysTick_Handler
 *fill*         0x0000000008002322        0x2 
 .text.DMA1_Channel1_IRQHandler
                0x0000000008002324       0x14 ./Core/Src/stm32f1xx_it.o
                0x0000000008002324                DMA1_Channel1_IRQHandler
 .text.USB_LP_CAN1_RX0_IRQHandler
                0x0000000008002338       0x14 ./Core/Src/stm32f1xx_it.o
                0x0000000008002338                USB_LP_CAN1_RX0_IRQHandler
 .text.TIM3_IRQHandler
                0x000000000800234c       0x14 ./Core/Src/stm32f1xx_it.o
                0x000000000800234c                TIM3_IRQHandler
 .text.TIM4_IRQHandler
                0x0000000008002360       0x14 ./Core/Src/stm32f1xx_it.o
                0x0000000008002360                TIM4_IRQHandler
 .text.USART1_IRQHandler
                0x0000000008002374       0x14 ./Core/Src/stm32f1xx_it.o
                0x0000000008002374                USART1_IRQHandler
 .text.SystemInit
                0x0000000008002388        0xc ./Core/Src/system_stm32f1xx.o
                0x0000000008002388                SystemInit
 .text.Reset_Handler
                0x0000000008002394       0x48 ./Core/Startup/startup_stm32f103c8tx.o
                0x0000000008002394                Reset_Handler
 .text.Default_Handler
                0x00000000080023dc        0x2 ./Core/Startup/startup_stm32f103c8tx.o
                0x00000000080023dc                RTC_Alarm_IRQHandler
                0x00000000080023dc                EXTI2_IRQHandler
                0x00000000080023dc                TIM1_CC_IRQHandler
                0x00000000080023dc                PVD_IRQHandler
                0x00000000080023dc                EXTI3_IRQHandler
                0x00000000080023dc                EXTI0_IRQHandler
                0x00000000080023dc                I2C2_EV_IRQHandler
                0x00000000080023dc                ADC1_2_IRQHandler
                0x00000000080023dc                SPI1_IRQHandler
                0x00000000080023dc                TAMPER_IRQHandler
                0x00000000080023dc                DMA1_Channel4_IRQHandler
                0x00000000080023dc                USART3_IRQHandler
                0x00000000080023dc                RTC_IRQHandler
                0x00000000080023dc                DMA1_Channel7_IRQHandler
                0x00000000080023dc                CAN1_RX1_IRQHandler
                0x00000000080023dc                I2C1_EV_IRQHandler
                0x00000000080023dc                DMA1_Channel6_IRQHandler
                0x00000000080023dc                RCC_IRQHandler
                0x00000000080023dc                TIM1_TRG_COM_IRQHandler
                0x00000000080023dc                Default_Handler
                0x00000000080023dc                EXTI15_10_IRQHandler
                0x00000000080023dc                EXTI9_5_IRQHandler
                0x00000000080023dc                SPI2_IRQHandler
                0x00000000080023dc                DMA1_Channel5_IRQHandler
                0x00000000080023dc                EXTI4_IRQHandler
                0x00000000080023dc                USB_HP_CAN1_TX_IRQHandler
                0x00000000080023dc                DMA1_Channel3_IRQHandler
                0x00000000080023dc                TIM1_UP_IRQHandler
                0x00000000080023dc                WWDG_IRQHandler
                0x00000000080023dc                TIM2_IRQHandler
                0x00000000080023dc                TIM1_BRK_IRQHandler
                0x00000000080023dc                EXTI1_IRQHandler
                0x00000000080023dc                USART2_IRQHandler
                0x00000000080023dc                I2C2_ER_IRQHandler
                0x00000000080023dc                DMA1_Channel2_IRQHandler
                0x00000000080023dc                CAN1_SCE_IRQHandler
                0x00000000080023dc                FLASH_IRQHandler
                0x00000000080023dc                I2C1_ER_IRQHandler
                0x00000000080023dc                USBWakeUp_IRQHandler
 *fill*         0x00000000080023de        0x2 
 .text.HAL_Init
                0x00000000080023e0       0x2c ./Drivers/STM32F1xx_HAL_Driver/Src/stm32f1xx_hal.o
                0x00000000080023e0                HAL_Init
 .text.HAL_InitTick
                0x000000000800240c       0x60 ./Drivers/STM32F1xx_HAL_Driver/Src/stm32f1xx_hal.o
                0x000000000800240c                HAL_InitTick
 .text.HAL_IncTick
                0x000000000800246c       0x24 ./Drivers/STM32F1xx_HAL_Driver/Src/stm32f1xx_hal.o
                0x000000000800246c                HAL_IncTick
 .text.HAL_GetTick
                0x0000000008002490       0x14 ./Drivers/STM32F1xx_HAL_Driver/Src/stm32f1xx_hal.o
                0x0000000008002490                HAL_GetTick
 .text.HAL_ADC_Init
                0x00000000080024a4      0x1b0 ./Drivers/STM32F1xx_HAL_Driver/Src/stm32f1xx_hal_adc.o
                0x00000000080024a4                HAL_ADC_Init
 .text.HAL_ADC_Start_DMA
                0x0000000008002654      0x1bc ./Drivers/STM32F1xx_HAL_Driver/Src/stm32f1xx_hal_adc.o
                0x0000000008002654                HAL_ADC_Start_DMA
 .text.HAL_ADC_ConvHalfCpltCallback
                0x0000000008002810       0x12 ./Drivers/STM32F1xx_HAL_Driver/Src/stm32f1xx_hal_adc.o
                0x0000000008002810                HAL_ADC_ConvHalfCpltCallback
 .text.HAL_ADC_ErrorCallback
                0x0000000008002822       0x12 ./Drivers/STM32F1xx_HAL_Driver/Src/stm32f1xx_hal_adc.o
                0x0000000008002822                HAL_ADC_ErrorCallback
 .text.HAL_ADC_ConfigChannel
                0x0000000008002834      0x1f0 ./Drivers/STM32F1xx_HAL_Driver/Src/stm32f1xx_hal_adc.o
                0x0000000008002834                HAL_ADC_ConfigChannel
 .text.ADC_Enable
                0x0000000008002a24       0xb4 ./Drivers/STM32F1xx_HAL_Driver/Src/stm32f1xx_hal_adc.o
                0x0000000008002a24                ADC_Enable
 .text.ADC_ConversionStop_Disable
                0x0000000008002ad8       0x82 ./Drivers/STM32F1xx_HAL_Driver/Src/stm32f1xx_hal_adc.o
                0x0000000008002ad8                ADC_ConversionStop_Disable
 .text.ADC_DMAConvCplt
                0x0000000008002b5a       0x7c ./Drivers/STM32F1xx_HAL_Driver/Src/stm32f1xx_hal_adc.o
                0x0000000008002b5a                ADC_DMAConvCplt
 .text.ADC_DMAHalfConvCplt
                0x0000000008002bd6       0x1c ./Drivers/STM32F1xx_HAL_Driver/Src/stm32f1xx_hal_adc.o
                0x0000000008002bd6                ADC_DMAHalfConvCplt
 .text.ADC_DMAError
                0x0000000008002bf2       0x34 ./Drivers/STM32F1xx_HAL_Driver/Src/stm32f1xx_hal_adc.o
                0x0000000008002bf2                ADC_DMAError
 *fill*         0x0000000008002c26        0x2 
 .text.__NVIC_SetPriorityGrouping
                0x0000000008002c28       0x48 ./Drivers/STM32F1xx_HAL_Driver/Src/stm32f1xx_hal_cortex.o
 .text.__NVIC_GetPriorityGrouping
                0x0000000008002c70       0x1c ./Drivers/STM32F1xx_HAL_Driver/Src/stm32f1xx_hal_cortex.o
 .text.__NVIC_EnableIRQ
                0x0000000008002c8c       0x38 ./Drivers/STM32F1xx_HAL_Driver/Src/stm32f1xx_hal_cortex.o
 .text.__NVIC_SetPriority
                0x0000000008002cc4       0x54 ./Drivers/STM32F1xx_HAL_Driver/Src/stm32f1xx_hal_cortex.o
 .text.NVIC_EncodePriority
                0x0000000008002d18       0x64 ./Drivers/STM32F1xx_HAL_Driver/Src/stm32f1xx_hal_cortex.o
 .text.SysTick_Config
                0x0000000008002d7c       0x44 ./Drivers/STM32F1xx_HAL_Driver/Src/stm32f1xx_hal_cortex.o
 .text.HAL_NVIC_SetPriorityGrouping
                0x0000000008002dc0       0x16 ./Drivers/STM32F1xx_HAL_Driver/Src/stm32f1xx_hal_cortex.o
                0x0000000008002dc0                HAL_NVIC_SetPriorityGrouping
 .text.HAL_NVIC_SetPriority
                0x0000000008002dd6       0x38 ./Drivers/STM32F1xx_HAL_Driver/Src/stm32f1xx_hal_cortex.o
                0x0000000008002dd6                HAL_NVIC_SetPriority
 .text.HAL_NVIC_EnableIRQ
                0x0000000008002e0e       0x1c ./Drivers/STM32F1xx_HAL_Driver/Src/stm32f1xx_hal_cortex.o
                0x0000000008002e0e                HAL_NVIC_EnableIRQ
 .text.HAL_SYSTICK_Config
                0x0000000008002e2a       0x18 ./Drivers/STM32F1xx_HAL_Driver/Src/stm32f1xx_hal_cortex.o
                0x0000000008002e2a                HAL_SYSTICK_Config
 *fill*         0x0000000008002e42        0x2 
 .text.HAL_DMA_Init
                0x0000000008002e44       0xb4 ./Drivers/STM32F1xx_HAL_Driver/Src/stm32f1xx_hal_dma.o
                0x0000000008002e44                HAL_DMA_Init
 .text.HAL_DMA_Start_IT
                0x0000000008002ef8       0xbe ./Drivers/STM32F1xx_HAL_Driver/Src/stm32f1xx_hal_dma.o
                0x0000000008002ef8                HAL_DMA_Start_IT
 .text.HAL_DMA_Abort
                0x0000000008002fb6       0x74 ./Drivers/STM32F1xx_HAL_Driver/Src/stm32f1xx_hal_dma.o
                0x0000000008002fb6                HAL_DMA_Abort
 *fill*         0x000000000800302a        0x2 
 .text.HAL_DMA_Abort_IT
                0x000000000800302c       0xec ./Drivers/STM32F1xx_HAL_Driver/Src/stm32f1xx_hal_dma.o
                0x000000000800302c                HAL_DMA_Abort_IT
 .text.HAL_DMA_IRQHandler
                0x0000000008003118      0x20c ./Drivers/STM32F1xx_HAL_Driver/Src/stm32f1xx_hal_dma.o
                0x0000000008003118                HAL_DMA_IRQHandler
 .text.DMA_SetConfig
                0x0000000008003324       0x5a ./Drivers/STM32F1xx_HAL_Driver/Src/stm32f1xx_hal_dma.o
 *fill*         0x000000000800337e        0x2 
 .text.HAL_GPIO_Init
                0x0000000008003380      0x308 ./Drivers/STM32F1xx_HAL_Driver/Src/stm32f1xx_hal_gpio.o
                0x0000000008003380                HAL_GPIO_Init
 .text.HAL_GPIO_ReadPin
                0x0000000008003688       0x2e ./Drivers/STM32F1xx_HAL_Driver/Src/stm32f1xx_hal_gpio.o
                0x0000000008003688                HAL_GPIO_ReadPin
 .text.HAL_GPIO_WritePin
                0x00000000080036b6       0x30 ./Drivers/STM32F1xx_HAL_Driver/Src/stm32f1xx_hal_gpio.o
                0x00000000080036b6                HAL_GPIO_WritePin
 .text.HAL_GPIO_TogglePin
                0x00000000080036e6       0x32 ./Drivers/STM32F1xx_HAL_Driver/Src/stm32f1xx_hal_gpio.o
                0x00000000080036e6                HAL_GPIO_TogglePin
 .text.HAL_I2C_Init
                0x0000000008003718      0x288 ./Drivers/STM32F1xx_HAL_Driver/Src/stm32f1xx_hal_i2c.o
                0x0000000008003718                HAL_I2C_Init
 .text.HAL_PCD_Init
                0x00000000080039a0      0x216 ./Drivers/STM32F1xx_HAL_Driver/Src/stm32f1xx_hal_pcd.o
                0x00000000080039a0                HAL_PCD_Init
 .text.HAL_PCD_Start
                0x0000000008003bb6       0x4c ./Drivers/STM32F1xx_HAL_Driver/Src/stm32f1xx_hal_pcd.o
                0x0000000008003bb6                HAL_PCD_Start
 .text.HAL_PCD_IRQHandler
                0x0000000008003c02      0x2aa ./Drivers/STM32F1xx_HAL_Driver/Src/stm32f1xx_hal_pcd.o
                0x0000000008003c02                HAL_PCD_IRQHandler
 .text.HAL_PCD_SetAddress
                0x0000000008003eac       0x4a ./Drivers/STM32F1xx_HAL_Driver/Src/stm32f1xx_hal_pcd.o
                0x0000000008003eac                HAL_PCD_SetAddress
 .text.HAL_PCD_EP_Open
                0x0000000008003ef6       0xcc ./Drivers/STM32F1xx_HAL_Driver/Src/stm32f1xx_hal_pcd.o
                0x0000000008003ef6                HAL_PCD_EP_Open
 .text.HAL_PCD_EP_Close
                0x0000000008003fc2       0x90 ./Drivers/STM32F1xx_HAL_Driver/Src/stm32f1xx_hal_pcd.o
                0x0000000008003fc2                HAL_PCD_EP_Close
 .text.HAL_PCD_EP_Receive
                0x0000000008004052       0x7a ./Drivers/STM32F1xx_HAL_Driver/Src/stm32f1xx_hal_pcd.o
                0x0000000008004052                HAL_PCD_EP_Receive
 .text.HAL_PCD_EP_GetRxCount
                0x00000000080040cc       0x2e ./Drivers/STM32F1xx_HAL_Driver/Src/stm32f1xx_hal_pcd.o
                0x00000000080040cc                HAL_PCD_EP_GetRxCount
 .text.HAL_PCD_EP_Transmit
                0x00000000080040fa       0x86 ./Drivers/STM32F1xx_HAL_Driver/Src/stm32f1xx_hal_pcd.o
                0x00000000080040fa                HAL_PCD_EP_Transmit
 .text.HAL_PCD_EP_SetStall
                0x0000000008004180       0xc0 ./Drivers/STM32F1xx_HAL_Driver/Src/stm32f1xx_hal_pcd.o
                0x0000000008004180                HAL_PCD_EP_SetStall
 .text.HAL_PCD_EP_ClrStall
                0x0000000008004240       0xa8 ./Drivers/STM32F1xx_HAL_Driver/Src/stm32f1xx_hal_pcd.o
                0x0000000008004240                HAL_PCD_EP_ClrStall
 .text.PCD_EP_ISR_Handler
                0x00000000080042e8      0x600 ./Drivers/STM32F1xx_HAL_Driver/Src/stm32f1xx_hal_pcd.o
 .text.HAL_PCD_EP_DB_Receive
                0x00000000080048e8      0x21a ./Drivers/STM32F1xx_HAL_Driver/Src/stm32f1xx_hal_pcd.o
 .text.HAL_PCD_EP_DB_Transmit
                0x0000000008004b02      0x7a4 ./Drivers/STM32F1xx_HAL_Driver/Src/stm32f1xx_hal_pcd.o
 .text.HAL_PCDEx_PMAConfig
                0x00000000080052a6       0x84 ./Drivers/STM32F1xx_HAL_Driver/Src/stm32f1xx_hal_pcd_ex.o
                0x00000000080052a6                HAL_PCDEx_PMAConfig
 *fill*         0x000000000800532a        0x2 
 .text.HAL_RCC_OscConfig
                0x000000000800532c      0x500 ./Drivers/STM32F1xx_HAL_Driver/Src/stm32f1xx_hal_rcc.o
                0x000000000800532c                HAL_RCC_OscConfig
 .text.HAL_RCC_ClockConfig
                0x000000000800582c      0x1d4 ./Drivers/STM32F1xx_HAL_Driver/Src/stm32f1xx_hal_rcc.o
                0x000000000800582c                HAL_RCC_ClockConfig
 .text.HAL_RCC_GetSysClockFreq
                0x0000000008005a00       0xc0 ./Drivers/STM32F1xx_HAL_Driver/Src/stm32f1xx_hal_rcc.o
                0x0000000008005a00                HAL_RCC_GetSysClockFreq
 .text.HAL_RCC_GetHCLKFreq
                0x0000000008005ac0       0x14 ./Drivers/STM32F1xx_HAL_Driver/Src/stm32f1xx_hal_rcc.o
                0x0000000008005ac0                HAL_RCC_GetHCLKFreq
 .text.HAL_RCC_GetPCLK1Freq
                0x0000000008005ad4       0x28 ./Drivers/STM32F1xx_HAL_Driver/Src/stm32f1xx_hal_rcc.o
                0x0000000008005ad4                HAL_RCC_GetPCLK1Freq
 .text.HAL_RCC_GetPCLK2Freq
                0x0000000008005afc       0x28 ./Drivers/STM32F1xx_HAL_Driver/Src/stm32f1xx_hal_rcc.o
                0x0000000008005afc                HAL_RCC_GetPCLK2Freq
 .text.RCC_Delay
                0x0000000008005b24       0x3c ./Drivers/STM32F1xx_HAL_Driver/Src/stm32f1xx_hal_rcc.o
 .text.HAL_RCCEx_PeriphCLKConfig
                0x0000000008005b60      0x16c ./Drivers/STM32F1xx_HAL_Driver/Src/stm32f1xx_hal_rcc_ex.o
                0x0000000008005b60                HAL_RCCEx_PeriphCLKConfig
 .text.HAL_TIM_Base_Init
                0x0000000008005ccc       0x9e ./Drivers/STM32F1xx_HAL_Driver/Src/stm32f1xx_hal_tim.o
                0x0000000008005ccc                HAL_TIM_Base_Init
 *fill*         0x0000000008005d6a        0x2 
 .text.HAL_TIM_Base_Start_IT
                0x0000000008005d6c       0xa4 ./Drivers/STM32F1xx_HAL_Driver/Src/stm32f1xx_hal_tim.o
                0x0000000008005d6c                HAL_TIM_Base_Start_IT
 .text.HAL_TIM_PWM_Init
                0x0000000008005e10       0x9e ./Drivers/STM32F1xx_HAL_Driver/Src/stm32f1xx_hal_tim.o
                0x0000000008005e10                HAL_TIM_PWM_Init
 .text.HAL_TIM_PWM_MspInit
                0x0000000008005eae       0x12 ./Drivers/STM32F1xx_HAL_Driver/Src/stm32f1xx_hal_tim.o
                0x0000000008005eae                HAL_TIM_PWM_MspInit
 .text.HAL_TIM_PWM_Start
                0x0000000008005ec0      0x144 ./Drivers/STM32F1xx_HAL_Driver/Src/stm32f1xx_hal_tim.o
                0x0000000008005ec0                HAL_TIM_PWM_Start
 .text.HAL_TIM_IRQHandler
                0x0000000008006004      0x210 ./Drivers/STM32F1xx_HAL_Driver/Src/stm32f1xx_hal_tim.o
                0x0000000008006004                HAL_TIM_IRQHandler
 .text.HAL_TIM_PWM_ConfigChannel
                0x0000000008006214      0x17c ./Drivers/STM32F1xx_HAL_Driver/Src/stm32f1xx_hal_tim.o
                0x0000000008006214                HAL_TIM_PWM_ConfigChannel
 .text.HAL_TIM_ConfigClockSource
                0x0000000008006390      0x188 ./Drivers/STM32F1xx_HAL_Driver/Src/stm32f1xx_hal_tim.o
                0x0000000008006390                HAL_TIM_ConfigClockSource
 .text.HAL_TIM_OC_DelayElapsedCallback
                0x0000000008006518       0x12 ./Drivers/STM32F1xx_HAL_Driver/Src/stm32f1xx_hal_tim.o
                0x0000000008006518                HAL_TIM_OC_DelayElapsedCallback
 .text.HAL_TIM_IC_CaptureCallback
                0x000000000800652a       0x12 ./Drivers/STM32F1xx_HAL_Driver/Src/stm32f1xx_hal_tim.o
                0x000000000800652a                HAL_TIM_IC_CaptureCallback
 .text.HAL_TIM_PWM_PulseFinishedCallback
                0x000000000800653c       0x12 ./Drivers/STM32F1xx_HAL_Driver/Src/stm32f1xx_hal_tim.o
                0x000000000800653c                HAL_TIM_PWM_PulseFinishedCallback
 .text.HAL_TIM_TriggerCallback
                0x000000000800654e       0x12 ./Drivers/STM32F1xx_HAL_Driver/Src/stm32f1xx_hal_tim.o
                0x000000000800654e                HAL_TIM_TriggerCallback
 .text.TIM_Base_SetConfig
                0x0000000008006560       0xc4 ./Drivers/STM32F1xx_HAL_Driver/Src/stm32f1xx_hal_tim.o
                0x0000000008006560                TIM_Base_SetConfig
 .text.TIM_OC1_SetConfig
                0x0000000008006624       0xcc ./Drivers/STM32F1xx_HAL_Driver/Src/stm32f1xx_hal_tim.o
 .text.TIM_OC2_SetConfig
                0x00000000080066f0       0xd4 ./Drivers/STM32F1xx_HAL_Driver/Src/stm32f1xx_hal_tim.o
                0x00000000080066f0                TIM_OC2_SetConfig
 .text.TIM_OC3_SetConfig
                0x00000000080067c4       0xd4 ./Drivers/STM32F1xx_HAL_Driver/Src/stm32f1xx_hal_tim.o
 .text.TIM_OC4_SetConfig
                0x0000000008006898       0x9c ./Drivers/STM32F1xx_HAL_Driver/Src/stm32f1xx_hal_tim.o
 .text.TIM_TI1_ConfigInputStage
                0x0000000008006934       0x5c ./Drivers/STM32F1xx_HAL_Driver/Src/stm32f1xx_hal_tim.o
 .text.TIM_TI2_ConfigInputStage
                0x0000000008006990       0x5e ./Drivers/STM32F1xx_HAL_Driver/Src/stm32f1xx_hal_tim.o
 .text.TIM_ITRx_SetConfig
                0x00000000080069ee       0x34 ./Drivers/STM32F1xx_HAL_Driver/Src/stm32f1xx_hal_tim.o
 .text.TIM_ETR_SetConfig
                0x0000000008006a22       0x3e ./Drivers/STM32F1xx_HAL_Driver/Src/stm32f1xx_hal_tim.o
                0x0000000008006a22                TIM_ETR_SetConfig
 .text.TIM_CCxChannelCmd
                0x0000000008006a60       0x48 ./Drivers/STM32F1xx_HAL_Driver/Src/stm32f1xx_hal_tim.o
                0x0000000008006a60                TIM_CCxChannelCmd
 .text.HAL_TIMEx_MasterConfigSynchronization
                0x0000000008006aa8       0xbc ./Drivers/STM32F1xx_HAL_Driver/Src/stm32f1xx_hal_tim_ex.o
                0x0000000008006aa8                HAL_TIMEx_MasterConfigSynchronization
 .text.HAL_TIMEx_CommutCallback
                0x0000000008006b64       0x12 ./Drivers/STM32F1xx_HAL_Driver/Src/stm32f1xx_hal_tim_ex.o
                0x0000000008006b64                HAL_TIMEx_CommutCallback
 .text.HAL_TIMEx_BreakCallback
                0x0000000008006b76       0x12 ./Drivers/STM32F1xx_HAL_Driver/Src/stm32f1xx_hal_tim_ex.o
                0x0000000008006b76                HAL_TIMEx_BreakCallback
 .text.HAL_UART_Init
                0x0000000008006b88       0x9a ./Drivers/STM32F1xx_HAL_Driver/Src/stm32f1xx_hal_uart.o
                0x0000000008006b88                HAL_UART_Init
 .text.HAL_UART_Receive_IT
                0x0000000008006c22       0x60 ./Drivers/STM32F1xx_HAL_Driver/Src/stm32f1xx_hal_uart.o
                0x0000000008006c22                HAL_UART_Receive_IT
 *fill*         0x0000000008006c82        0x2 
 .text.HAL_UART_AbortReceive_IT
                0x0000000008006c84       0xd4 ./Drivers/STM32F1xx_HAL_Driver/Src/stm32f1xx_hal_uart.o
                0x0000000008006c84                HAL_UART_AbortReceive_IT
 .text.HAL_UART_IRQHandler
                0x0000000008006d58      0x354 ./Drivers/STM32F1xx_HAL_Driver/Src/stm32f1xx_hal_uart.o
                0x0000000008006d58                HAL_UART_IRQHandler
 .text.HAL_UART_TxCpltCallback
                0x00000000080070ac       0x12 ./Drivers/STM32F1xx_HAL_Driver/Src/stm32f1xx_hal_uart.o
                0x00000000080070ac                HAL_UART_TxCpltCallback
 .text.HAL_UART_ErrorCallback
                0x00000000080070be       0x12 ./Drivers/STM32F1xx_HAL_Driver/Src/stm32f1xx_hal_uart.o
                0x00000000080070be                HAL_UART_ErrorCallback
 .text.HAL_UART_AbortReceiveCpltCallback
                0x00000000080070d0       0x12 ./Drivers/STM32F1xx_HAL_Driver/Src/stm32f1xx_hal_uart.o
                0x00000000080070d0                HAL_UART_AbortReceiveCpltCallback
 .text.HAL_UARTEx_RxEventCallback
                0x00000000080070e2       0x16 ./Drivers/STM32F1xx_HAL_Driver/Src/stm32f1xx_hal_uart.o
                0x00000000080070e2                HAL_UARTEx_RxEventCallback
 .text.UART_Start_Receive_IT
                0x00000000080070f8       0x72 ./Drivers/STM32F1xx_HAL_Driver/Src/stm32f1xx_hal_uart.o
                0x00000000080070f8                UART_Start_Receive_IT
 .text.UART_EndRxTransfer
                0x000000000800716a       0x58 ./Drivers/STM32F1xx_HAL_Driver/Src/stm32f1xx_hal_uart.o
 .text.UART_DMAAbortOnError
                0x00000000080071c2       0x28 ./Drivers/STM32F1xx_HAL_Driver/Src/stm32f1xx_hal_uart.o
 .text.UART_DMARxOnlyAbortCallback
                0x00000000080071ea       0x30 ./Drivers/STM32F1xx_HAL_Driver/Src/stm32f1xx_hal_uart.o
 .text.UART_Transmit_IT
                0x000000000800721a       0x9e ./Drivers/STM32F1xx_HAL_Driver/Src/stm32f1xx_hal_uart.o
 .text.UART_EndTransmit_IT
                0x00000000080072b8       0x30 ./Drivers/STM32F1xx_HAL_Driver/Src/stm32f1xx_hal_uart.o
 .text.UART_Receive_IT
                0x00000000080072e8      0x152 ./Drivers/STM32F1xx_HAL_Driver/Src/stm32f1xx_hal_uart.o
 *fill*         0x000000000800743a        0x2 
 .text.UART_SetConfig
                0x000000000800743c      0x11c ./Drivers/STM32F1xx_HAL_Driver/Src/stm32f1xx_hal_uart.o
 .text.USB_CoreInit
                0x0000000008007558       0x20 ./Drivers/STM32F1xx_HAL_Driver/Src/stm32f1xx_ll_usb.o
                0x0000000008007558                USB_CoreInit
 .text.USB_EnableGlobalInt
                0x0000000008007578       0x2c ./Drivers/STM32F1xx_HAL_Driver/Src/stm32f1xx_ll_usb.o
                0x0000000008007578                USB_EnableGlobalInt
 .text.USB_DisableGlobalInt
                0x00000000080075a4       0x34 ./Drivers/STM32F1xx_HAL_Driver/Src/stm32f1xx_ll_usb.o
                0x00000000080075a4                USB_DisableGlobalInt
 .text.USB_SetCurrentMode
                0x00000000080075d8       0x18 ./Drivers/STM32F1xx_HAL_Driver/Src/stm32f1xx_ll_usb.o
                0x00000000080075d8                USB_SetCurrentMode
 .text.USB_DevInit
                0x00000000080075f0       0x40 ./Drivers/STM32F1xx_HAL_Driver/Src/stm32f1xx_ll_usb.o
                0x00000000080075f0                USB_DevInit
 .text.USB_ActivateEndpoint
                0x0000000008007630      0x6d4 ./Drivers/STM32F1xx_HAL_Driver/Src/stm32f1xx_ll_usb.o
                0x0000000008007630                USB_ActivateEndpoint
 .text.USB_DeactivateEndpoint
                0x0000000008007d04      0x3d8 ./Drivers/STM32F1xx_HAL_Driver/Src/stm32f1xx_ll_usb.o
                0x0000000008007d04                USB_DeactivateEndpoint
 .text.USB_EPStartXfer
                0x00000000080080dc     0x15ee ./Drivers/STM32F1xx_HAL_Driver/Src/stm32f1xx_ll_usb.o
                0x00000000080080dc                USB_EPStartXfer
 .text.USB_EPSetStall
                0x00000000080096ca       0xa0 ./Drivers/STM32F1xx_HAL_Driver/Src/stm32f1xx_ll_usb.o
                0x00000000080096ca                USB_EPSetStall
 .text.USB_EPClearStall
                0x000000000800976a      0x15a ./Drivers/STM32F1xx_HAL_Driver/Src/stm32f1xx_ll_usb.o
                0x000000000800976a                USB_EPClearStall
 .text.USB_SetDevAddress
                0x00000000080098c4       0x26 ./Drivers/STM32F1xx_HAL_Driver/Src/stm32f1xx_ll_usb.o
                0x00000000080098c4                USB_SetDevAddress
 .text.USB_DevConnect
                0x00000000080098ea       0x14 ./Drivers/STM32F1xx_HAL_Driver/Src/stm32f1xx_ll_usb.o
                0x00000000080098ea                USB_DevConnect
 .text.USB_DevDisconnect
                0x00000000080098fe       0x14 ./Drivers/STM32F1xx_HAL_Driver/Src/stm32f1xx_ll_usb.o
                0x00000000080098fe                USB_DevDisconnect
 .text.USB_ReadInterrupts
                0x0000000008009912       0x1e ./Drivers/STM32F1xx_HAL_Driver/Src/stm32f1xx_ll_usb.o
                0x0000000008009912                USB_ReadInterrupts
 .text.USB_EP0_OutStart
                0x0000000008009930       0x16 ./Drivers/STM32F1xx_HAL_Driver/Src/stm32f1xx_ll_usb.o
                0x0000000008009930                USB_EP0_OutStart
 .text.USB_WritePMA
                0x0000000008009946       0x8a ./Drivers/STM32F1xx_HAL_Driver/Src/stm32f1xx_ll_usb.o
                0x0000000008009946                USB_WritePMA
 .text.USB_ReadPMA
                0x00000000080099d0       0x9e ./Drivers/STM32F1xx_HAL_Driver/Src/stm32f1xx_ll_usb.o
                0x00000000080099d0                USB_ReadPMA
 .text.USBD_CDC_Init
                0x0000000008009a6e       0xf4 ./Middlewares/ST/STM32_USB_Device_Library/Class/CDC/Src/usbd_cdc.o
 .text.USBD_CDC_DeInit
                0x0000000008009b62       0x6e ./Middlewares/ST/STM32_USB_Device_Library/Class/CDC/Src/usbd_cdc.o
 .text.USBD_CDC_Setup
                0x0000000008009bd0      0x146 ./Middlewares/ST/STM32_USB_Device_Library/Class/CDC/Src/usbd_cdc.o
 .text.USBD_CDC_DataIn
                0x0000000008009d16       0xa6 ./Middlewares/ST/STM32_USB_Device_Library/Class/CDC/Src/usbd_cdc.o
 .text.USBD_CDC_DataOut
                0x0000000008009dbc       0x56 ./Middlewares/ST/STM32_USB_Device_Library/Class/CDC/Src/usbd_cdc.o
 .text.USBD_CDC_EP0_RxReady
                0x0000000008009e12       0x50 ./Middlewares/ST/STM32_USB_Device_Library/Class/CDC/Src/usbd_cdc.o
 *fill*         0x0000000008009e62        0x2 
 .text.USBD_CDC_GetFSCfgDesc
                0x0000000008009e64       0x20 ./Middlewares/ST/STM32_USB_Device_Library/Class/CDC/Src/usbd_cdc.o
 .text.USBD_CDC_GetHSCfgDesc
                0x0000000008009e84       0x20 ./Middlewares/ST/STM32_USB_Device_Library/Class/CDC/Src/usbd_cdc.o
 .text.USBD_CDC_GetOtherSpeedCfgDesc
                0x0000000008009ea4       0x20 ./Middlewares/ST/STM32_USB_Device_Library/Class/CDC/Src/usbd_cdc.o
 .text.USBD_CDC_GetDeviceQualifierDescriptor
                0x0000000008009ec4       0x20 ./Middlewares/ST/STM32_USB_Device_Library/Class/CDC/Src/usbd_cdc.o
                0x0000000008009ec4                USBD_CDC_GetDeviceQualifierDescriptor
 .text.USBD_CDC_RegisterInterface
                0x0000000008009ee4       0x2c ./Middlewares/ST/STM32_USB_Device_Library/Class/CDC/Src/usbd_cdc.o
                0x0000000008009ee4                USBD_CDC_RegisterInterface
 .text.USBD_CDC_SetTxBuffer
                0x0000000008009f10       0x32 ./Middlewares/ST/STM32_USB_Device_Library/Class/CDC/Src/usbd_cdc.o
                0x0000000008009f10                USBD_CDC_SetTxBuffer
 .text.USBD_CDC_SetRxBuffer
                0x0000000008009f42       0x26 ./Middlewares/ST/STM32_USB_Device_Library/Class/CDC/Src/usbd_cdc.o
                0x0000000008009f42                USBD_CDC_SetRxBuffer
 .text.USBD_CDC_TransmitPacket
                0x0000000008009f68       0x5e ./Middlewares/ST/STM32_USB_Device_Library/Class/CDC/Src/usbd_cdc.o
                0x0000000008009f68                USBD_CDC_TransmitPacket
 .text.USBD_CDC_ReceivePacket
                0x0000000008009fc6       0x54 ./Middlewares/ST/STM32_USB_Device_Library/Class/CDC/Src/usbd_cdc.o
                0x0000000008009fc6                USBD_CDC_ReceivePacket
 .text.USBD_Init
                0x000000000800a01a       0x56 ./Middlewares/ST/STM32_USB_Device_Library/Core/Src/usbd_core.o
                0x000000000800a01a                USBD_Init
 .text.USBD_RegisterClass
                0x000000000800a070       0x32 ./Middlewares/ST/STM32_USB_Device_Library/Core/Src/usbd_core.o
                0x000000000800a070                USBD_RegisterClass
 .text.USBD_Start
                0x000000000800a0a2       0x18 ./Middlewares/ST/STM32_USB_Device_Library/Core/Src/usbd_core.o
                0x000000000800a0a2                USBD_Start
 .text.USBD_RunTestMode
                0x000000000800a0ba       0x14 ./Middlewares/ST/STM32_USB_Device_Library/Core/Src/usbd_core.o
                0x000000000800a0ba                USBD_RunTestMode
 .text.USBD_SetClassConfig
                0x000000000800a0ce       0x3e ./Middlewares/ST/STM32_USB_Device_Library/Core/Src/usbd_core.o
                0x000000000800a0ce                USBD_SetClassConfig
 .text.USBD_ClrClassConfig
                0x000000000800a10c       0x26 ./Middlewares/ST/STM32_USB_Device_Library/Core/Src/usbd_core.o
                0x000000000800a10c                USBD_ClrClassConfig
 .text.USBD_LL_SetupStage
                0x000000000800a132       0x9a ./Middlewares/ST/STM32_USB_Device_Library/Core/Src/usbd_core.o
                0x000000000800a132                USBD_LL_SetupStage
 .text.USBD_LL_DataOutStage
                0x000000000800a1cc       0xe2 ./Middlewares/ST/STM32_USB_Device_Library/Core/Src/usbd_core.o
                0x000000000800a1cc                USBD_LL_DataOutStage
 .text.USBD_LL_DataInStage
                0x000000000800a2ae      0x14a ./Middlewares/ST/STM32_USB_Device_Library/Core/Src/usbd_core.o
                0x000000000800a2ae                USBD_LL_DataInStage
 .text.USBD_LL_Reset
                0x000000000800a3f8       0x82 ./Middlewares/ST/STM32_USB_Device_Library/Core/Src/usbd_core.o
                0x000000000800a3f8                USBD_LL_Reset
 .text.USBD_LL_SetSpeed
                0x000000000800a47a       0x1e ./Middlewares/ST/STM32_USB_Device_Library/Core/Src/usbd_core.o
                0x000000000800a47a                USBD_LL_SetSpeed
 .text.USBD_LL_Suspend
                0x000000000800a498       0x28 ./Middlewares/ST/STM32_USB_Device_Library/Core/Src/usbd_core.o
                0x000000000800a498                USBD_LL_Suspend
 .text.USBD_LL_Resume
                0x000000000800a4c0       0x2a ./Middlewares/ST/STM32_USB_Device_Library/Core/Src/usbd_core.o
                0x000000000800a4c0                USBD_LL_Resume
 .text.USBD_LL_SOF
                0x000000000800a4ea       0x34 ./Middlewares/ST/STM32_USB_Device_Library/Core/Src/usbd_core.o
                0x000000000800a4ea                USBD_LL_SOF
 *fill*         0x000000000800a51e        0x2 
 .text.USBD_StdDevReq
                0x000000000800a520       0xd4 ./Middlewares/ST/STM32_USB_Device_Library/Core/Src/usbd_ctlreq.o
                0x000000000800a520                USBD_StdDevReq
 .text.USBD_StdItfReq
                0x000000000800a5f4       0x90 ./Middlewares/ST/STM32_USB_Device_Library/Core/Src/usbd_ctlreq.o
                0x000000000800a5f4                USBD_StdItfReq
 .text.USBD_StdEPReq
                0x000000000800a684      0x2c6 ./Middlewares/ST/STM32_USB_Device_Library/Core/Src/usbd_ctlreq.o
                0x000000000800a684                USBD_StdEPReq
 *fill*         0x000000000800a94a        0x2 
 .text.USBD_GetDescriptor
                0x000000000800a94c      0x2d0 ./Middlewares/ST/STM32_USB_Device_Library/Core/Src/usbd_ctlreq.o
 .text.USBD_SetAddress
                0x000000000800ac1c       0x86 ./Middlewares/ST/STM32_USB_Device_Library/Core/Src/usbd_ctlreq.o
 *fill*         0x000000000800aca2        0x2 
 .text.USBD_SetConfig
                0x000000000800aca4      0x11c ./Middlewares/ST/STM32_USB_Device_Library/Core/Src/usbd_ctlreq.o
 .text.USBD_GetConfig
                0x000000000800adc0       0x6a ./Middlewares/ST/STM32_USB_Device_Library/Core/Src/usbd_ctlreq.o
 .text.USBD_GetStatus
                0x000000000800ae2a       0x66 ./Middlewares/ST/STM32_USB_Device_Library/Core/Src/usbd_ctlreq.o
 .text.USBD_SetFeature
                0x000000000800ae90       0x28 ./Middlewares/ST/STM32_USB_Device_Library/Core/Src/usbd_ctlreq.o
 .text.USBD_ClrFeature
                0x000000000800aeb8       0x42 ./Middlewares/ST/STM32_USB_Device_Library/Core/Src/usbd_ctlreq.o
 .text.USBD_ParseSetupRequest
                0x000000000800aefa       0x78 ./Middlewares/ST/STM32_USB_Device_Library/Core/Src/usbd_ctlreq.o
                0x000000000800aefa                USBD_ParseSetupRequest
 .text.USBD_CtlError
                0x000000000800af72       0x22 ./Middlewares/ST/STM32_USB_Device_Library/Core/Src/usbd_ctlreq.o
                0x000000000800af72                USBD_CtlError
 .text.USBD_GetString
                0x000000000800af94       0x84 ./Middlewares/ST/STM32_USB_Device_Library/Core/Src/usbd_ctlreq.o
                0x000000000800af94                USBD_GetString
 .text.USBD_GetLen
                0x000000000800b018       0x2e ./Middlewares/ST/STM32_USB_Device_Library/Core/Src/usbd_ctlreq.o
 .text.USBD_CtlSendData
                0x000000000800b046       0x38 ./Middlewares/ST/STM32_USB_Device_Library/Core/Src/usbd_ioreq.o
                0x000000000800b046                USBD_CtlSendData
 .text.USBD_CtlContinueSendData
                0x000000000800b07e       0x24 ./Middlewares/ST/STM32_USB_Device_Library/Core/Src/usbd_ioreq.o
                0x000000000800b07e                USBD_CtlContinueSendData
 .text.USBD_CtlPrepareRx
                0x000000000800b0a2       0x3c ./Middlewares/ST/STM32_USB_Device_Library/Core/Src/usbd_ioreq.o
                0x000000000800b0a2                USBD_CtlPrepareRx
 .text.USBD_CtlContinueRx
                0x000000000800b0de       0x24 ./Middlewares/ST/STM32_USB_Device_Library/Core/Src/usbd_ioreq.o
                0x000000000800b0de                USBD_CtlContinueRx
 .text.USBD_CtlSendStatus
                0x000000000800b102       0x26 ./Middlewares/ST/STM32_USB_Device_Library/Core/Src/usbd_ioreq.o
                0x000000000800b102                USBD_CtlSendStatus
 .text.USBD_CtlReceiveStatus
                0x000000000800b128       0x26 ./Middlewares/ST/STM32_USB_Device_Library/Core/Src/usbd_ioreq.o
                0x000000000800b128                USBD_CtlReceiveStatus
 *fill*         0x000000000800b14e        0x2 
 .text.MX_USB_DEVICE_Init
                0x000000000800b150       0x60 ./USB_DEVICE/App/usb_device.o
                0x000000000800b150                MX_USB_DEVICE_Init
 .text.CDC_Init_FS
                0x000000000800b1b0       0x28 ./USB_DEVICE/App/usbd_cdc_if.o
 .text.CDC_DeInit_FS
                0x000000000800b1d8        0xe ./USB_DEVICE/App/usbd_cdc_if.o
 *fill*         0x000000000800b1e6        0x2 
 .text.CDC_Control_FS
                0x000000000800b1e8       0xbc ./USB_DEVICE/App/usbd_cdc_if.o
 .text.CDC_Receive_FS
                0x000000000800b2a4       0x40 ./USB_DEVICE/App/usbd_cdc_if.o
 .text.CDC_Transmit_FS
                0x000000000800b2e4       0x4c ./USB_DEVICE/App/usbd_cdc_if.o
                0x000000000800b2e4                CDC_Transmit_FS
 .text.CDC_AttachOnUSBData
                0x000000000800b330       0x1c ./USB_DEVICE/App/usbd_cdc_if.o
                0x000000000800b330                CDC_AttachOnUSBData
 .text.USBD_FS_DeviceDescriptor
                0x000000000800b34c       0x24 ./USB_DEVICE/App/usbd_desc.o
                0x000000000800b34c                USBD_FS_DeviceDescriptor
 .text.USBD_FS_LangIDStrDescriptor
                0x000000000800b370       0x24 ./USB_DEVICE/App/usbd_desc.o
                0x000000000800b370                USBD_FS_LangIDStrDescriptor
 .text.USBD_FS_ProductStrDescriptor
                0x000000000800b394       0x3c ./USB_DEVICE/App/usbd_desc.o
                0x000000000800b394                USBD_FS_ProductStrDescriptor
 .text.USBD_FS_ManufacturerStrDescriptor
                0x000000000800b3d0       0x28 ./USB_DEVICE/App/usbd_desc.o
                0x000000000800b3d0                USBD_FS_ManufacturerStrDescriptor
 .text.USBD_FS_SerialStrDescriptor
                0x000000000800b3f8       0x24 ./USB_DEVICE/App/usbd_desc.o
                0x000000000800b3f8                USBD_FS_SerialStrDescriptor
 .text.USBD_FS_ConfigStrDescriptor
                0x000000000800b41c       0x3c ./USB_DEVICE/App/usbd_desc.o
                0x000000000800b41c                USBD_FS_ConfigStrDescriptor
 .text.USBD_FS_InterfaceStrDescriptor
                0x000000000800b458       0x3c ./USB_DEVICE/App/usbd_desc.o
                0x000000000800b458                USBD_FS_InterfaceStrDescriptor
 .text.Get_SerialNum
                0x000000000800b494       0x58 ./USB_DEVICE/App/usbd_desc.o
 .text.IntToUnicode
                0x000000000800b4ec       0x7c ./USB_DEVICE/App/usbd_desc.o
 .text.HAL_PCD_MspInit
                0x000000000800b568       0x4c ./USB_DEVICE/Target/usbd_conf.o
                0x000000000800b568                HAL_PCD_MspInit
 .text.HAL_PCD_SetupStageCallback
                0x000000000800b5b4       0x24 ./USB_DEVICE/Target/usbd_conf.o
                0x000000000800b5b4                HAL_PCD_SetupStageCallback
 .text.HAL_PCD_DataOutStageCallback
                0x000000000800b5d8       0x36 ./USB_DEVICE/Target/usbd_conf.o
                0x000000000800b5d8                HAL_PCD_DataOutStageCallback
 .text.HAL_PCD_DataInStageCallback
                0x000000000800b60e       0x34 ./USB_DEVICE/Target/usbd_conf.o
                0x000000000800b60e                HAL_PCD_DataInStageCallback
 .text.HAL_PCD_SOFCallback
                0x000000000800b642       0x1c ./USB_DEVICE/Target/usbd_conf.o
                0x000000000800b642                HAL_PCD_SOFCallback
 .text.HAL_PCD_ResetCallback
                0x000000000800b65e       0x3c ./USB_DEVICE/Target/usbd_conf.o
                0x000000000800b65e                HAL_PCD_ResetCallback
 *fill*         0x000000000800b69a        0x2 
 .text.HAL_PCD_SuspendCallback
                0x000000000800b69c       0x34 ./USB_DEVICE/Target/usbd_conf.o
                0x000000000800b69c                HAL_PCD_SuspendCallback
 .text.HAL_PCD_ResumeCallback
                0x000000000800b6d0       0x1c ./USB_DEVICE/Target/usbd_conf.o
                0x000000000800b6d0                HAL_PCD_ResumeCallback
 .text.USBD_LL_Init
                0x000000000800b6ec       0xb4 ./USB_DEVICE/Target/usbd_conf.o
                0x000000000800b6ec                USBD_LL_Init
 .text.USBD_LL_Start
                0x000000000800b7a0       0x36 ./USB_DEVICE/Target/usbd_conf.o
                0x000000000800b7a0                USBD_LL_Start
 .text.USBD_LL_OpenEP
                0x000000000800b7d6       0x4c ./USB_DEVICE/Target/usbd_conf.o
                0x000000000800b7d6                USBD_LL_OpenEP
 .text.USBD_LL_CloseEP
                0x000000000800b822       0x3e ./USB_DEVICE/Target/usbd_conf.o
                0x000000000800b822                USBD_LL_CloseEP
 .text.USBD_LL_StallEP
                0x000000000800b860       0x3e ./USB_DEVICE/Target/usbd_conf.o
                0x000000000800b860                USBD_LL_StallEP
 .text.USBD_LL_ClearStallEP
                0x000000000800b89e       0x3e ./USB_DEVICE/Target/usbd_conf.o
                0x000000000800b89e                USBD_LL_ClearStallEP
 .text.USBD_LL_IsStallEP
                0x000000000800b8dc       0x58 ./USB_DEVICE/Target/usbd_conf.o
                0x000000000800b8dc                USBD_LL_IsStallEP
 .text.USBD_LL_SetUSBAddress
                0x000000000800b934       0x3e ./USB_DEVICE/Target/usbd_conf.o
                0x000000000800b934                USBD_LL_SetUSBAddress
 .text.USBD_LL_Transmit
                0x000000000800b972       0x46 ./USB_DEVICE/Target/usbd_conf.o
                0x000000000800b972                USBD_LL_Transmit
 .text.USBD_LL_PrepareReceive
                0x000000000800b9b8       0x46 ./USB_DEVICE/Target/usbd_conf.o
                0x000000000800b9b8                USBD_LL_PrepareReceive
 .text.USBD_LL_GetRxDataSize
                0x000000000800b9fe       0x26 ./USB_DEVICE/Target/usbd_conf.o
                0x000000000800b9fe                USBD_LL_GetRxDataSize
 .text.USBD_static_malloc
                0x000000000800ba24       0x18 ./USB_DEVICE/Target/usbd_conf.o
                0x000000000800ba24                USBD_static_malloc
 .text.USBD_static_free
                0x000000000800ba3c       0x12 ./USB_DEVICE/Target/usbd_conf.o
                0x000000000800ba3c                USBD_static_free
 .text.HAL_PCDEx_SetConnectionState
                0x000000000800ba4e       0x16 ./USB_DEVICE/Target/usbd_conf.o
                0x000000000800ba4e                HAL_PCDEx_SetConnectionState
 .text.USBD_Get_USB_Status
                0x000000000800ba64       0x58 ./USB_DEVICE/Target/usbd_conf.o
 .text.__libc_init_array
                0x000000000800babc       0x48 e:/tm32cubeide_1.3.0/stm32cubeide_1.3.0/stm32cubeide/plugins/com.st.stm32cube.ide.mcu.externaltools.gnu-tools-for-stm32.9-2020-q2-update.win32_2.0.0.202105311346/tools/bin/../lib/gcc/arm-none-eabi/9.3.1/../../../../arm-none-eabi/lib/thumb/v7-m/nofp\libc_nano.a(lib_a-init.o)
                0x000000000800babc                __libc_init_array
 .text.memset   0x000000000800bb04       0x10 e:/tm32cubeide_1.3.0/stm32cubeide_1.3.0/stm32cubeide/plugins/com.st.stm32cube.ide.mcu.externaltools.gnu-tools-for-stm32.9-2020-q2-update.win32_2.0.0.202105311346/tools/bin/../lib/gcc/arm-none-eabi/9.3.1/../../../../arm-none-eabi/lib/thumb/v7-m/nofp\libc_nano.a(lib_a-memset.o)
                0x000000000800bb04                memset
 *(.glue_7)
 .glue_7        0x000000000800bb14        0x0 linker stubs
 *(.glue_7t)
 .glue_7t       0x000000000800bb14        0x0 linker stubs
 *(.eh_frame)
 .eh_frame      0x000000000800bb14        0x0 e:/tm32cubeide_1.3.0/stm32cubeide_1.3.0/stm32cubeide/plugins/com.st.stm32cube.ide.mcu.externaltools.gnu-tools-for-stm32.9-2020-q2-update.win32_2.0.0.202105311346/tools/bin/../lib/gcc/arm-none-eabi/9.3.1/thumb/v7-m/nofp/crtbegin.o
 *(.init)
 .init          0x000000000800bb14        0x4 e:/tm32cubeide_1.3.0/stm32cubeide_1.3.0/stm32cubeide/plugins/com.st.stm32cube.ide.mcu.externaltools.gnu-tools-for-stm32.9-2020-q2-update.win32_2.0.0.202105311346/tools/bin/../lib/gcc/arm-none-eabi/9.3.1/thumb/v7-m/nofp/crti.o
                0x000000000800bb14                _init
 .init          0x000000000800bb18        0x8 e:/tm32cubeide_1.3.0/stm32cubeide_1.3.0/stm32cubeide/plugins/com.st.stm32cube.ide.mcu.externaltools.gnu-tools-for-stm32.9-2020-q2-update.win32_2.0.0.202105311346/tools/bin/../lib/gcc/arm-none-eabi/9.3.1/thumb/v7-m/nofp/crtn.o
 *(.fini)
 .fini          0x000000000800bb20        0x4 e:/tm32cubeide_1.3.0/stm32cubeide_1.3.0/stm32cubeide/plugins/com.st.stm32cube.ide.mcu.externaltools.gnu-tools-for-stm32.9-2020-q2-update.win32_2.0.0.202105311346/tools/bin/../lib/gcc/arm-none-eabi/9.3.1/thumb/v7-m/nofp/crti.o
                0x000000000800bb20                _fini
 .fini          0x000000000800bb24        0x8 e:/tm32cubeide_1.3.0/stm32cubeide_1.3.0/stm32cubeide/plugins/com.st.stm32cube.ide.mcu.externaltools.gnu-tools-for-stm32.9-2020-q2-update.win32_2.0.0.202105311346/tools/bin/../lib/gcc/arm-none-eabi/9.3.1/thumb/v7-m/nofp/crtn.o
                0x000000000800bb2c                . = ALIGN (0x4)
                0x000000000800bb2c                _etext = .

.vfp11_veneer   0x000000000800bb2c        0x0
 .vfp11_veneer  0x000000000800bb2c        0x0 linker stubs

.v4_bx          0x000000000800bb2c        0x0
 .v4_bx         0x000000000800bb2c        0x0 linker stubs

.iplt           0x000000000800bb2c        0x0
 .iplt          0x000000000800bb2c        0x0 e:/tm32cubeide_1.3.0/stm32cubeide_1.3.0/stm32cubeide/plugins/com.st.stm32cube.ide.mcu.externaltools.gnu-tools-for-stm32.9-2020-q2-update.win32_2.0.0.202105311346/tools/bin/../lib/gcc/arm-none-eabi/9.3.1/thumb/v7-m/nofp/crtbegin.o

.rodata         0x000000000800bb2c      0x1f0
                0x000000000800bb2c                . = ALIGN (0x4)
 *(.rodata)
 .rodata        0x000000000800bb2c        0x7 ./Core/Src/main.o
 *fill*         0x000000000800bb33        0x1 
 .rodata        0x000000000800bb34       0x10 ./Drivers/STM32F1xx_HAL_Driver/Src/stm32f1xx_hal_rcc.o
 .rodata        0x000000000800bb44       0x46 ./USB_DEVICE/App/usbd_desc.o
 *(.rodata*)
 *fill*         0x000000000800bb8a        0x2 
 .rodata.AT     0x000000000800bb8c        0x5 ./Core/Src/main.o
                0x000000000800bb8c                AT
 *fill*         0x000000000800bb91        0x3 
 .rodata.CWJAP_
                0x000000000800bb94       0x25 ./Core/Src/main.o
                0x000000000800bb94                CWJAP_
 *fill*         0x000000000800bbb9        0x3 
 .rodata.CIPMUX
                0x000000000800bbbc        0xe ./Core/Src/main.o
                0x000000000800bbbc                CIPMUX
 *fill*         0x000000000800bbca        0x2 
 .rodata.CIPSTART
                0x000000000800bbcc       0x30 ./Core/Src/main.o
                0x000000000800bbcc                CIPSTART
 .rodata.CIPSEND
                0x000000000800bbfc        0xc ./Core/Src/main.o
                0x000000000800bbfc                CIPSEND
 .rodata.CWMODE
                0x000000000800bc08        0xe ./Core/Src/main.o
                0x000000000800bc08                CWMODE
 *fill*         0x000000000800bc16        0x2 
 .rodata.ANS_CWMODE
                0x000000000800bc18       0x14 ./Core/Src/main.o
                0x000000000800bc18                ANS_CWMODE
 .rodata.ANS_CWJAP_
                0x000000000800bc2c       0x59 ./Core/Src/main.o
                0x000000000800bc2c                ANS_CWJAP_
 *fill*         0x000000000800bc85        0x3 
 .rodata.ANS_CIPMUX
                0x000000000800bc88       0x14 ./Core/Src/main.o
                0x000000000800bc88                ANS_CIPMUX
 .rodata.ANS_CIPSTART
                0x000000000800bc9c       0x3f ./Core/Src/main.o
                0x000000000800bc9c                ANS_CIPSTART
 *fill*         0x000000000800bcdb        0x1 
 .rodata.ANS_AT
                0x000000000800bcdc        0xb ./Core/Src/main.o
                0x000000000800bcdc                ANS_AT
 *fill*         0x000000000800bce7        0x1 
 .rodata.WIFI_DISCONNECT
                0x000000000800bce8       0x12 ./Core/Src/main.o
                0x000000000800bce8                WIFI_DISCONNECT
 *fill*         0x000000000800bcfa        0x2 
 .rodata.IPD    0x000000000800bcfc        0x8 ./Core/Src/main.o
                0x000000000800bcfc                IPD
 .rodata.AHBPrescTable
                0x000000000800bd04       0x10 ./Core/Src/system_stm32f1xx.o
                0x000000000800bd04                AHBPrescTable
 .rodata.APBPrescTable
                0x000000000800bd14        0x8 ./Core/Src/system_stm32f1xx.o
                0x000000000800bd14                APBPrescTable
                0x000000000800bd1c                . = ALIGN (0x4)

.rel.dyn        0x000000000800bd1c        0x0
 .rel.iplt      0x000000000800bd1c        0x0 e:/tm32cubeide_1.3.0/stm32cubeide_1.3.0/stm32cubeide/plugins/com.st.stm32cube.ide.mcu.externaltools.gnu-tools-for-stm32.9-2020-q2-update.win32_2.0.0.202105311346/tools/bin/../lib/gcc/arm-none-eabi/9.3.1/thumb/v7-m/nofp/crtbegin.o

.ARM.extab      0x000000000800bd1c        0x0
                0x000000000800bd1c                . = ALIGN (0x4)
 *(.ARM.extab* .gnu.linkonce.armextab.*)
                0x000000000800bd1c                . = ALIGN (0x4)

.ARM            0x000000000800bd1c        0x0
                0x000000000800bd1c                . = ALIGN (0x4)
                0x000000000800bd1c                __exidx_start = .
 *(.ARM.exidx*)
                0x000000000800bd1c                __exidx_end = .
                0x000000000800bd1c                . = ALIGN (0x4)

.preinit_array  0x000000000800bd1c        0x0
                0x000000000800bd1c                . = ALIGN (0x4)
                0x000000000800bd1c                PROVIDE (__preinit_array_start = .)
 *(.preinit_array*)
                0x000000000800bd1c                PROVIDE (__preinit_array_end = .)
                0x000000000800bd1c                . = ALIGN (0x4)

.init_array     0x000000000800bd1c        0x4
                0x000000000800bd1c                . = ALIGN (0x4)
                0x000000000800bd1c                PROVIDE (__init_array_start = .)
 *(SORT_BY_NAME(.init_array.*))
 *(.init_array*)
 .init_array    0x000000000800bd1c        0x4 e:/tm32cubeide_1.3.0/stm32cubeide_1.3.0/stm32cubeide/plugins/com.st.stm32cube.ide.mcu.externaltools.gnu-tools-for-stm32.9-2020-q2-update.win32_2.0.0.202105311346/tools/bin/../lib/gcc/arm-none-eabi/9.3.1/thumb/v7-m/nofp/crtbegin.o
                0x000000000800bd20                PROVIDE (__init_array_end = .)
                0x000000000800bd20                . = ALIGN (0x4)

.fini_array     0x000000000800bd20        0x4
                0x000000000800bd20                . = ALIGN (0x4)
                [!provide]                        PROVIDE (__fini_array_start = .)
 *(SORT_BY_NAME(.fini_array.*))
 *(.fini_array*)
 .fini_array    0x000000000800bd20        0x4 e:/tm32cubeide_1.3.0/stm32cubeide_1.3.0/stm32cubeide/plugins/com.st.stm32cube.ide.mcu.externaltools.gnu-tools-for-stm32.9-2020-q2-update.win32_2.0.0.202105311346/tools/bin/../lib/gcc/arm-none-eabi/9.3.1/thumb/v7-m/nofp/crtbegin.o
                [!provide]                        PROVIDE (__fini_array_end = .)
                0x000000000800bd24                . = ALIGN (0x4)
                0x000000000800bd24                _sidata = LOADADDR (.data)

.data           0x0000000020000000      0x17c load address 0x000000000800bd24
                0x0000000020000000                . = ALIGN (0x4)
                0x0000000020000000                _sdata = .
 *(.data)
 *(.data*)
 .data.SystemCoreClock
                0x0000000020000000        0x4 ./Core/Src/system_stm32f1xx.o
                0x0000000020000000                SystemCoreClock
 .data.uwTickPrio
                0x0000000020000004        0x4 ./Drivers/STM32F1xx_HAL_Driver/Src/stm32f1xx_hal.o
                0x0000000020000004                uwTickPrio
 .data.uwTickFreq
                0x0000000020000008        0x1 ./Drivers/STM32F1xx_HAL_Driver/Src/stm32f1xx_hal.o
                0x0000000020000008                uwTickFreq
 *fill*         0x0000000020000009        0x3 
 .data.USBD_CDC_DeviceQualifierDesc
                0x000000002000000c        0xa ./Middlewares/ST/STM32_USB_Device_Library/Class/CDC/Src/usbd_cdc.o
 *fill*         0x0000000020000016        0x2 
 .data.USBD_CDC
                0x0000000020000018       0x38 ./Middlewares/ST/STM32_USB_Device_Library/Class/CDC/Src/usbd_cdc.o
                0x0000000020000018                USBD_CDC
 .data.USBD_CDC_CfgHSDesc
                0x0000000020000050       0x43 ./Middlewares/ST/STM32_USB_Device_Library/Class/CDC/Src/usbd_cdc.o
                0x0000000020000050                USBD_CDC_CfgHSDesc
 *fill*         0x0000000020000093        0x1 
 .data.USBD_CDC_CfgFSDesc
                0x0000000020000094       0x43 ./Middlewares/ST/STM32_USB_Device_Library/Class/CDC/Src/usbd_cdc.o
                0x0000000020000094                USBD_CDC_CfgFSDesc
 *fill*         0x00000000200000d7        0x1 
 .data.USBD_CDC_OtherSpeedCfgDesc
                0x00000000200000d8       0x43 ./Middlewares/ST/STM32_USB_Device_Library/Class/CDC/Src/usbd_cdc.o
                0x00000000200000d8                USBD_CDC_OtherSpeedCfgDesc
 *fill*         0x000000002000011b        0x1 
 .data.USBD_Interface_fops_FS
                0x000000002000011c       0x10 ./USB_DEVICE/App/usbd_cdc_if.o
                0x000000002000011c                USBD_Interface_fops_FS
 .data.FS_Desc  0x000000002000012c       0x1c ./USB_DEVICE/App/usbd_desc.o
                0x000000002000012c                FS_Desc
 .data.USBD_FS_DeviceDesc
                0x0000000020000148       0x12 ./USB_DEVICE/App/usbd_desc.o
                0x0000000020000148                USBD_FS_DeviceDesc
 *fill*         0x000000002000015a        0x2 
 .data.USBD_LangIDDesc
                0x000000002000015c        0x4 ./USB_DEVICE/App/usbd_desc.o
                0x000000002000015c                USBD_LangIDDesc
 .data.USBD_StringSerial
                0x0000000020000160       0x1a ./USB_DEVICE/App/usbd_desc.o
                0x0000000020000160                USBD_StringSerial
 *(.RamFunc)
 *(.RamFunc*)
                0x000000002000017c                . = ALIGN (0x4)
 *fill*         0x000000002000017a        0x2 
                0x000000002000017c                _edata = .

.igot.plt       0x000000002000017c        0x0 load address 0x000000000800bea0
 .igot.plt      0x000000002000017c        0x0 e:/tm32cubeide_1.3.0/stm32cubeide_1.3.0/stm32cubeide/plugins/com.st.stm32cube.ide.mcu.externaltools.gnu-tools-for-stm32.9-2020-q2-update.win32_2.0.0.202105311346/tools/bin/../lib/gcc/arm-none-eabi/9.3.1/thumb/v7-m/nofp/crtbegin.o
                0x000000002000017c                . = ALIGN (0x4)

.bss            0x000000002000017c     0x166c load address 0x000000000800bea0
                0x000000002000017c                _sbss = .
                0x000000002000017c                __bss_start__ = _sbss
 *(.bss)
 .bss           0x000000002000017c       0x1c e:/tm32cubeide_1.3.0/stm32cubeide_1.3.0/stm32cubeide/plugins/com.st.stm32cube.ide.mcu.externaltools.gnu-tools-for-stm32.9-2020-q2-update.win32_2.0.0.202105311346/tools/bin/../lib/gcc/arm-none-eabi/9.3.1/thumb/v7-m/nofp/crtbegin.o
 *(.bss*)
 .bss.FirtScan  0x0000000020000198        0x1 ./Core/Src/main.o
 *fill*         0x0000000020000199        0x3 
 .bss.rxUSART1Buff
                0x000000002000019c      0x100 ./Core/Src/main.o
                0x000000002000019c                rxUSART1Buff
 .bss.cfgidx.8771
                0x000000002000029c        0x1 ./Middlewares/ST/STM32_USB_Device_Library/Core/Src/usbd_ctlreq.o
 *fill*         0x000000002000029d        0x3 
 .bss.myOnUSBData
                0x00000000200002a0        0x4 ./USB_DEVICE/App/usbd_cdc_if.o
 .bss.mem.8841  0x00000000200002a4      0x220 ./USB_DEVICE/Target/usbd_conf.o
 *(COMMON)
 COMMON         0x00000000200004c4      0x770 ./Core/Src/main.o
                0x00000000200004c4                On5ms
                0x00000000200004c6                Count3000ms
                0x00000000200004c8                x2_x3
                0x00000000200004cc                htim4
                0x0000000020000514                Ki
                0x0000000020000516                x2_x1cuad
                0x0000000020000518                RXUSART1
                0x000000002000052c                DecodeTimeOut
                0x0000000020000530                hi2c2
                0x0000000020000584                DecodeCIPSEND
                0x0000000020000586                On100ms
                0x0000000020000588                Derivativo
                0x000000002000058c                w
                0x00000000200005ac                x2_x1
                0x00000000200005b0                rxUSBBuff
                0x00000000200006b0                denominador
                0x00000000200006b4                Count500ms
                0x00000000200006b8                TXUSB
                0x00000000200006c4                posMINDerecha
                0x00000000200006c8                htim3
                0x0000000020000710                flag2
                0x0000000020000711                iAdc
                0x0000000020000712                posMINCenter
                0x0000000020000714                hadc1
                0x0000000020000744                Estado
                0x0000000020000748                CantBytes
                0x000000002000074c                txUSBBuff
                0x000000002000084c                huart1
                0x0000000020000890                flag1
                0x0000000020000891                Indice
                0x0000000020000892                x2_x3cuad
                0x0000000020000894                lastError
                0x0000000020000898                Data
                0x000000002000089a                On200ms
                0x000000002000089c                hdma_adc1
                0x00000000200008e0                bufADC
                0x0000000020000ae0                IndiceIPD
                0x0000000020000ae2                Count200ms
                0x0000000020000ae4                Kd
                0x0000000020000ae8                PWM
                0x0000000020000aec                error
                0x0000000020000af0                Count100ms
                0x0000000020000af4                txUSART1Buff
                0x0000000020000bf4                fx2_fx1
                0x0000000020000bf8                sensorValue
                0x0000000020000bfc                Integral
                0x0000000020000c00                On500ms
                0x0000000020000c02                IndiceDisconnect
                0x0000000020000c03                Kp
                0x0000000020000c04                Proporcional
                0x0000000020000c08                On3000ms
                0x0000000020000c0c                RXUSB
                0x0000000020000c20                TXUSART1
                0x0000000020000c2c                posMINIzquierda
                0x0000000020000c30                fx2_fx3
 COMMON         0x0000000020000c34        0x4 ./Drivers/STM32F1xx_HAL_Driver/Src/stm32f1xx_hal.o
                0x0000000020000c34                uwTick
 COMMON         0x0000000020000c38      0x2c4 ./USB_DEVICE/App/usb_device.o
                0x0000000020000c38                hUsbDeviceFS
 COMMON         0x0000000020000efc      0x400 ./USB_DEVICE/App/usbd_cdc_if.o
                0x0000000020000efc                UserRxBufferFS
                0x00000000200010fc                UserTxBufferFS
 COMMON         0x00000000200012fc      0x200 ./USB_DEVICE/App/usbd_desc.o
                0x00000000200012fc                USBD_StrDesc
 COMMON         0x00000000200014fc      0x2ec ./USB_DEVICE/Target/usbd_conf.o
                0x00000000200014fc                hpcd_USB_FS
                0x00000000200017e8                . = ALIGN (0x4)
                0x00000000200017e8                _ebss = .
                0x00000000200017e8                __bss_end__ = _ebss

._user_heap_stack
                0x00000000200017e8      0x600 load address 0x000000000800bea0
                0x00000000200017e8                . = ALIGN (0x8)
                [!provide]                        PROVIDE (end = .)
                0x00000000200017e8                PROVIDE (_end = .)
                0x00000000200019e8                . = (. + _Min_Heap_Size)
 *fill*         0x00000000200017e8      0x200 
                0x0000000020001de8                . = (. + _Min_Stack_Size)
 *fill*         0x00000000200019e8      0x400 
                0x0000000020001de8                . = ALIGN (0x8)

/DISCARD/
 libc.a(*)
 libm.a(*)
 libgcc.a(*)

.ARM.attributes
                0x0000000000000000       0x29
 *(.ARM.attributes)
 .ARM.attributes
                0x0000000000000000       0x1d e:/tm32cubeide_1.3.0/stm32cubeide_1.3.0/stm32cubeide/plugins/com.st.stm32cube.ide.mcu.externaltools.gnu-tools-for-stm32.9-2020-q2-update.win32_2.0.0.202105311346/tools/bin/../lib/gcc/arm-none-eabi/9.3.1/thumb/v7-m/nofp/crti.o
 .ARM.attributes
                0x000000000000001d       0x2d e:/tm32cubeide_1.3.0/stm32cubeide_1.3.0/stm32cubeide/plugins/com.st.stm32cube.ide.mcu.externaltools.gnu-tools-for-stm32.9-2020-q2-update.win32_2.0.0.202105311346/tools/bin/../lib/gcc/arm-none-eabi/9.3.1/thumb/v7-m/nofp/crtbegin.o
 .ARM.attributes
                0x000000000000004a       0x2d ./Core/Src/main.o
 .ARM.attributes
                0x0000000000000077       0x2d ./Core/Src/stm32f1xx_hal_msp.o
 .ARM.attributes
                0x00000000000000a4       0x2d ./Core/Src/stm32f1xx_it.o
 .ARM.attributes
                0x00000000000000d1       0x2d ./Core/Src/system_stm32f1xx.o
 .ARM.attributes
                0x00000000000000fe       0x21 ./Core/Startup/startup_stm32f103c8tx.o
 .ARM.attributes
                0x000000000000011f       0x2d ./Drivers/STM32F1xx_HAL_Driver/Src/stm32f1xx_hal.o
 .ARM.attributes
                0x000000000000014c       0x2d ./Drivers/STM32F1xx_HAL_Driver/Src/stm32f1xx_hal_adc.o
 .ARM.attributes
                0x0000000000000179       0x2d ./Drivers/STM32F1xx_HAL_Driver/Src/stm32f1xx_hal_cortex.o
 .ARM.attributes
                0x00000000000001a6       0x2d ./Drivers/STM32F1xx_HAL_Driver/Src/stm32f1xx_hal_dma.o
 .ARM.attributes
                0x00000000000001d3       0x2d ./Drivers/STM32F1xx_HAL_Driver/Src/stm32f1xx_hal_gpio.o
 .ARM.attributes
                0x0000000000000200       0x2d ./Drivers/STM32F1xx_HAL_Driver/Src/stm32f1xx_hal_i2c.o
 .ARM.attributes
                0x000000000000022d       0x2d ./Drivers/STM32F1xx_HAL_Driver/Src/stm32f1xx_hal_pcd.o
 .ARM.attributes
                0x000000000000025a       0x2d ./Drivers/STM32F1xx_HAL_Driver/Src/stm32f1xx_hal_pcd_ex.o
 .ARM.attributes
                0x0000000000000287       0x2d ./Drivers/STM32F1xx_HAL_Driver/Src/stm32f1xx_hal_rcc.o
 .ARM.attributes
                0x00000000000002b4       0x2d ./Drivers/STM32F1xx_HAL_Driver/Src/stm32f1xx_hal_rcc_ex.o
 .ARM.attributes
                0x00000000000002e1       0x2d ./Drivers/STM32F1xx_HAL_Driver/Src/stm32f1xx_hal_tim.o
 .ARM.attributes
                0x000000000000030e       0x2d ./Drivers/STM32F1xx_HAL_Driver/Src/stm32f1xx_hal_tim_ex.o
 .ARM.attributes
                0x000000000000033b       0x2d ./Drivers/STM32F1xx_HAL_Driver/Src/stm32f1xx_hal_uart.o
 .ARM.attributes
                0x0000000000000368       0x2d ./Drivers/STM32F1xx_HAL_Driver/Src/stm32f1xx_ll_usb.o
 .ARM.attributes
                0x0000000000000395       0x2d ./Middlewares/ST/STM32_USB_Device_Library/Class/CDC/Src/usbd_cdc.o
 .ARM.attributes
                0x00000000000003c2       0x2d ./Middlewares/ST/STM32_USB_Device_Library/Core/Src/usbd_core.o
 .ARM.attributes
                0x00000000000003ef       0x2d ./Middlewares/ST/STM32_USB_Device_Library/Core/Src/usbd_ctlreq.o
 .ARM.attributes
                0x000000000000041c       0x2d ./Middlewares/ST/STM32_USB_Device_Library/Core/Src/usbd_ioreq.o
 .ARM.attributes
                0x0000000000000449       0x2d ./USB_DEVICE/App/usb_device.o
 .ARM.attributes
                0x0000000000000476       0x2d ./USB_DEVICE/App/usbd_cdc_if.o
 .ARM.attributes
                0x00000000000004a3       0x2d ./USB_DEVICE/App/usbd_desc.o
 .ARM.attributes
                0x00000000000004d0       0x2d ./USB_DEVICE/Target/usbd_conf.o
 .ARM.attributes
                0x00000000000004fd       0x2d e:/tm32cubeide_1.3.0/stm32cubeide_1.3.0/stm32cubeide/plugins/com.st.stm32cube.ide.mcu.externaltools.gnu-tools-for-stm32.9-2020-q2-update.win32_2.0.0.202105311346/tools/bin/../lib/gcc/arm-none-eabi/9.3.1/../../../../arm-none-eabi/lib/thumb/v7-m/nofp\libc_nano.a(lib_a-init.o)
 .ARM.attributes
                0x000000000000052a       0x2d e:/tm32cubeide_1.3.0/stm32cubeide_1.3.0/stm32cubeide/plugins/com.st.stm32cube.ide.mcu.externaltools.gnu-tools-for-stm32.9-2020-q2-update.win32_2.0.0.202105311346/tools/bin/../lib/gcc/arm-none-eabi/9.3.1/../../../../arm-none-eabi/lib/thumb/v7-m/nofp\libc_nano.a(lib_a-memset.o)
 .ARM.attributes
                0x0000000000000557       0x1d e:/tm32cubeide_1.3.0/stm32cubeide_1.3.0/stm32cubeide/plugins/com.st.stm32cube.ide.mcu.externaltools.gnu-tools-for-stm32.9-2020-q2-update.win32_2.0.0.202105311346/tools/bin/../lib/gcc/arm-none-eabi/9.3.1/thumb/v7-m/nofp\libgcc.a(_arm_addsubdf3.o)
 .ARM.attributes
                0x0000000000000574       0x1d e:/tm32cubeide_1.3.0/stm32cubeide_1.3.0/stm32cubeide/plugins/com.st.stm32cube.ide.mcu.externaltools.gnu-tools-for-stm32.9-2020-q2-update.win32_2.0.0.202105311346/tools/bin/../lib/gcc/arm-none-eabi/9.3.1/thumb/v7-m/nofp\libgcc.a(_arm_fixunsdfsi.o)
 .ARM.attributes
                0x0000000000000591       0x1d e:/tm32cubeide_1.3.0/stm32cubeide_1.3.0/stm32cubeide/plugins/com.st.stm32cube.ide.mcu.externaltools.gnu-tools-for-stm32.9-2020-q2-update.win32_2.0.0.202105311346/tools/bin/../lib/gcc/arm-none-eabi/9.3.1/thumb/v7-m/nofp/crtn.o
OUTPUT(auto.elf elf32-littlearm)
LOAD linker stubs
LOAD e:/tm32cubeide_1.3.0/stm32cubeide_1.3.0/stm32cubeide/plugins/com.st.stm32cube.ide.mcu.externaltools.gnu-tools-for-stm32.9-2020-q2-update.win32_2.0.0.202105311346/tools/bin/../lib/gcc/arm-none-eabi/9.3.1/../../../../arm-none-eabi/lib/thumb/v7-m/nofp\libc.a
LOAD e:/tm32cubeide_1.3.0/stm32cubeide_1.3.0/stm32cubeide/plugins/com.st.stm32cube.ide.mcu.externaltools.gnu-tools-for-stm32.9-2020-q2-update.win32_2.0.0.202105311346/tools/bin/../lib/gcc/arm-none-eabi/9.3.1/../../../../arm-none-eabi/lib/thumb/v7-m/nofp\libm.a
LOAD e:/tm32cubeide_1.3.0/stm32cubeide_1.3.0/stm32cubeide/plugins/com.st.stm32cube.ide.mcu.externaltools.gnu-tools-for-stm32.9-2020-q2-update.win32_2.0.0.202105311346/tools/bin/../lib/gcc/arm-none-eabi/9.3.1/thumb/v7-m/nofp\libgcc.a

.debug_info     0x0000000000000000    0x1e5d5
 .debug_info    0x0000000000000000     0x320e ./Core/Src/main.o
 .debug_info    0x000000000000320e     0x146c ./Core/Src/stm32f1xx_hal_msp.o
 .debug_info    0x000000000000467a      0xf04 ./Core/Src/stm32f1xx_it.o
 .debug_info    0x000000000000557e      0x2be ./Core/Src/system_stm32f1xx.o
 .debug_info    0x000000000000583c       0x22 ./Core/Startup/startup_stm32f103c8tx.o
 .debug_info    0x000000000000585e      0x76a ./Drivers/STM32F1xx_HAL_Driver/Src/stm32f1xx_hal.o
 .debug_info    0x0000000000005fc8      0xd2d ./Drivers/STM32F1xx_HAL_Driver/Src/stm32f1xx_hal_adc.o
 .debug_info    0x0000000000006cf5      0xbdc ./Drivers/STM32F1xx_HAL_Driver/Src/stm32f1xx_hal_cortex.o
 .debug_info    0x00000000000078d1      0x81e ./Drivers/STM32F1xx_HAL_Driver/Src/stm32f1xx_hal_dma.o
 .debug_info    0x00000000000080ef      0x701 ./Drivers/STM32F1xx_HAL_Driver/Src/stm32f1xx_hal_gpio.o
 .debug_info    0x00000000000087f0     0x278e ./Drivers/STM32F1xx_HAL_Driver/Src/stm32f1xx_hal_i2c.o
 .debug_info    0x000000000000af7e     0x1509 ./Drivers/STM32F1xx_HAL_Driver/Src/stm32f1xx_hal_pcd.o
 .debug_info    0x000000000000c487      0x7fc ./Drivers/STM32F1xx_HAL_Driver/Src/stm32f1xx_hal_pcd_ex.o
 .debug_info    0x000000000000cc83      0x88e ./Drivers/STM32F1xx_HAL_Driver/Src/stm32f1xx_hal_rcc.o
 .debug_info    0x000000000000d511      0x480 ./Drivers/STM32F1xx_HAL_Driver/Src/stm32f1xx_hal_rcc_ex.o
 .debug_info    0x000000000000d991     0x2a45 ./Drivers/STM32F1xx_HAL_Driver/Src/stm32f1xx_hal_tim.o
 .debug_info    0x00000000000103d6     0x14d5 ./Drivers/STM32F1xx_HAL_Driver/Src/stm32f1xx_hal_tim_ex.o
 .debug_info    0x00000000000118ab     0x161a ./Drivers/STM32F1xx_HAL_Driver/Src/stm32f1xx_hal_uart.o
 .debug_info    0x0000000000012ec5     0x19e6 ./Drivers/STM32F1xx_HAL_Driver/Src/stm32f1xx_ll_usb.o
 .debug_info    0x00000000000148ab     0x193a ./Middlewares/ST/STM32_USB_Device_Library/Class/CDC/Src/usbd_cdc.o
 .debug_info    0x00000000000161e5     0x12ef ./Middlewares/ST/STM32_USB_Device_Library/Core/Src/usbd_core.o
 .debug_info    0x00000000000174d4     0x125c ./Middlewares/ST/STM32_USB_Device_Library/Core/Src/usbd_ctlreq.o
 .debug_info    0x0000000000018730     0x102e ./Middlewares/ST/STM32_USB_Device_Library/Core/Src/usbd_ioreq.o
 .debug_info    0x000000000001975e      0xf6b ./USB_DEVICE/App/usb_device.o
 .debug_info    0x000000000001a6c9     0x119c ./USB_DEVICE/App/usbd_cdc_if.o
 .debug_info    0x000000000001b865      0xde8 ./USB_DEVICE/App/usbd_desc.o
 .debug_info    0x000000000001c64d     0x1f88 ./USB_DEVICE/Target/usbd_conf.o

.debug_abbrev   0x0000000000000000     0x3d8a
 .debug_abbrev  0x0000000000000000      0x3e9 ./Core/Src/main.o
 .debug_abbrev  0x00000000000003e9      0x206 ./Core/Src/stm32f1xx_hal_msp.o
 .debug_abbrev  0x00000000000005ef      0x1c1 ./Core/Src/stm32f1xx_it.o
 .debug_abbrev  0x00000000000007b0      0x14e ./Core/Src/system_stm32f1xx.o
 .debug_abbrev  0x00000000000008fe       0x12 ./Core/Startup/startup_stm32f103c8tx.o
 .debug_abbrev  0x0000000000000910      0x1ed ./Drivers/STM32F1xx_HAL_Driver/Src/stm32f1xx_hal.o
 .debug_abbrev  0x0000000000000afd      0x1fb ./Drivers/STM32F1xx_HAL_Driver/Src/stm32f1xx_hal_adc.o
 .debug_abbrev  0x0000000000000cf8      0x313 ./Drivers/STM32F1xx_HAL_Driver/Src/stm32f1xx_hal_cortex.o
 .debug_abbrev  0x000000000000100b      0x228 ./Drivers/STM32F1xx_HAL_Driver/Src/stm32f1xx_hal_dma.o
 .debug_abbrev  0x0000000000001233      0x1e8 ./Drivers/STM32F1xx_HAL_Driver/Src/stm32f1xx_hal_gpio.o
 .debug_abbrev  0x000000000000141b      0x288 ./Drivers/STM32F1xx_HAL_Driver/Src/stm32f1xx_hal_i2c.o
 .debug_abbrev  0x00000000000016a3      0x29e ./Drivers/STM32F1xx_HAL_Driver/Src/stm32f1xx_hal_pcd.o
 .debug_abbrev  0x0000000000001941      0x1ac ./Drivers/STM32F1xx_HAL_Driver/Src/stm32f1xx_hal_pcd_ex.o
 .debug_abbrev  0x0000000000001aed      0x273 ./Drivers/STM32F1xx_HAL_Driver/Src/stm32f1xx_hal_rcc.o
 .debug_abbrev  0x0000000000001d60      0x193 ./Drivers/STM32F1xx_HAL_Driver/Src/stm32f1xx_hal_rcc_ex.o
 .debug_abbrev  0x0000000000001ef3      0x25e ./Drivers/STM32F1xx_HAL_Driver/Src/stm32f1xx_hal_tim.o
 .debug_abbrev  0x0000000000002151      0x266 ./Drivers/STM32F1xx_HAL_Driver/Src/stm32f1xx_hal_tim_ex.o
 .debug_abbrev  0x00000000000023b7      0x28b ./Drivers/STM32F1xx_HAL_Driver/Src/stm32f1xx_hal_uart.o
 .debug_abbrev  0x0000000000002642      0x1fa ./Drivers/STM32F1xx_HAL_Driver/Src/stm32f1xx_ll_usb.o
 .debug_abbrev  0x000000000000283c      0x2f6 ./Middlewares/ST/STM32_USB_Device_Library/Class/CDC/Src/usbd_cdc.o
 .debug_abbrev  0x0000000000002b32      0x2a8 ./Middlewares/ST/STM32_USB_Device_Library/Core/Src/usbd_core.o
 .debug_abbrev  0x0000000000002dda      0x2de ./Middlewares/ST/STM32_USB_Device_Library/Core/Src/usbd_ctlreq.o
 .debug_abbrev  0x00000000000030b8      0x20a ./Middlewares/ST/STM32_USB_Device_Library/Core/Src/usbd_ioreq.o
 .debug_abbrev  0x00000000000032c2      0x1e4 ./USB_DEVICE/App/usb_device.o
 .debug_abbrev  0x00000000000034a6      0x2fd ./USB_DEVICE/App/usbd_cdc_if.o
 .debug_abbrev  0x00000000000037a3      0x2ca ./USB_DEVICE/App/usbd_desc.o
 .debug_abbrev  0x0000000000003a6d      0x31d ./USB_DEVICE/Target/usbd_conf.o

.debug_aranges  0x0000000000000000     0x16e8
 .debug_aranges
                0x0000000000000000      0x108 ./Core/Src/main.o
 .debug_aranges
                0x0000000000000108       0x68 ./Core/Src/stm32f1xx_hal_msp.o
 .debug_aranges
                0x0000000000000170       0x88 ./Core/Src/stm32f1xx_it.o
 .debug_aranges
                0x00000000000001f8       0x28 ./Core/Src/system_stm32f1xx.o
 .debug_aranges
                0x0000000000000220       0x28 ./Core/Startup/startup_stm32f103c8tx.o
 .debug_aranges
                0x0000000000000248       0xe0 ./Drivers/STM32F1xx_HAL_Driver/Src/stm32f1xx_hal.o
 .debug_aranges
                0x0000000000000328       0xf0 ./Drivers/STM32F1xx_HAL_Driver/Src/stm32f1xx_hal_adc.o
 .debug_aranges
                0x0000000000000418      0x100 ./Drivers/STM32F1xx_HAL_Driver/Src/stm32f1xx_hal_cortex.o
 .debug_aranges
                0x0000000000000518       0x80 ./Drivers/STM32F1xx_HAL_Driver/Src/stm32f1xx_hal_dma.o
 .debug_aranges
                0x0000000000000598       0x58 ./Drivers/STM32F1xx_HAL_Driver/Src/stm32f1xx_hal_gpio.o
 .debug_aranges
                0x00000000000005f0      0x2a0 ./Drivers/STM32F1xx_HAL_Driver/Src/stm32f1xx_hal_i2c.o
 .debug_aranges
                0x0000000000000890      0x138 ./Drivers/STM32F1xx_HAL_Driver/Src/stm32f1xx_hal_pcd.o
 .debug_aranges
                0x00000000000009c8       0x38 ./Drivers/STM32F1xx_HAL_Driver/Src/stm32f1xx_hal_pcd_ex.o
 .debug_aranges
                0x0000000000000a00       0x90 ./Drivers/STM32F1xx_HAL_Driver/Src/stm32f1xx_hal_rcc.o
 .debug_aranges
                0x0000000000000a90       0x30 ./Drivers/STM32F1xx_HAL_Driver/Src/stm32f1xx_hal_rcc_ex.o
 .debug_aranges
                0x0000000000000ac0      0x3d0 ./Drivers/STM32F1xx_HAL_Driver/Src/stm32f1xx_hal_tim.o
 .debug_aranges
                0x0000000000000e90      0x168 ./Drivers/STM32F1xx_HAL_Driver/Src/stm32f1xx_hal_tim_ex.o
 .debug_aranges
                0x0000000000000ff8      0x200 ./Drivers/STM32F1xx_HAL_Driver/Src/stm32f1xx_hal_uart.o
 .debug_aranges
                0x00000000000011f8       0xf0 ./Drivers/STM32F1xx_HAL_Driver/Src/stm32f1xx_ll_usb.o
 .debug_aranges
                0x00000000000012e8       0x90 ./Middlewares/ST/STM32_USB_Device_Library/Class/CDC/Src/usbd_cdc.o
 .debug_aranges
                0x0000000000001378       0xb8 ./Middlewares/ST/STM32_USB_Device_Library/Core/Src/usbd_core.o
 .debug_aranges
                0x0000000000001430       0x88 ./Middlewares/ST/STM32_USB_Device_Library/Core/Src/usbd_ctlreq.o
 .debug_aranges
                0x00000000000014b8       0x50 ./Middlewares/ST/STM32_USB_Device_Library/Core/Src/usbd_ioreq.o
 .debug_aranges
                0x0000000000001508       0x20 ./USB_DEVICE/App/usb_device.o
 .debug_aranges
                0x0000000000001528       0x48 ./USB_DEVICE/App/usbd_cdc_if.o
 .debug_aranges
                0x0000000000001570       0x60 ./USB_DEVICE/App/usbd_desc.o
 .debug_aranges
                0x00000000000015d0      0x118 ./USB_DEVICE/Target/usbd_conf.o

.debug_ranges   0x0000000000000000     0x1598
 .debug_ranges  0x0000000000000000       0xf8 ./Core/Src/main.o
 .debug_ranges  0x00000000000000f8       0x58 ./Core/Src/stm32f1xx_hal_msp.o
 .debug_ranges  0x0000000000000150       0x78 ./Core/Src/stm32f1xx_it.o
 .debug_ranges  0x00000000000001c8       0x18 ./Core/Src/system_stm32f1xx.o
 .debug_ranges  0x00000000000001e0       0x20 ./Core/Startup/startup_stm32f103c8tx.o
 .debug_ranges  0x0000000000000200       0xd0 ./Drivers/STM32F1xx_HAL_Driver/Src/stm32f1xx_hal.o
 .debug_ranges  0x00000000000002d0       0xe0 ./Drivers/STM32F1xx_HAL_Driver/Src/stm32f1xx_hal_adc.o
 .debug_ranges  0x00000000000003b0       0xf0 ./Drivers/STM32F1xx_HAL_Driver/Src/stm32f1xx_hal_cortex.o
 .debug_ranges  0x00000000000004a0       0x70 ./Drivers/STM32F1xx_HAL_Driver/Src/stm32f1xx_hal_dma.o
 .debug_ranges  0x0000000000000510       0x48 ./Drivers/STM32F1xx_HAL_Driver/Src/stm32f1xx_hal_gpio.o
 .debug_ranges  0x0000000000000558      0x2b8 ./Drivers/STM32F1xx_HAL_Driver/Src/stm32f1xx_hal_i2c.o
 .debug_ranges  0x0000000000000810      0x128 ./Drivers/STM32F1xx_HAL_Driver/Src/stm32f1xx_hal_pcd.o
 .debug_ranges  0x0000000000000938       0x28 ./Drivers/STM32F1xx_HAL_Driver/Src/stm32f1xx_hal_pcd_ex.o
 .debug_ranges  0x0000000000000960       0x80 ./Drivers/STM32F1xx_HAL_Driver/Src/stm32f1xx_hal_rcc.o
 .debug_ranges  0x00000000000009e0       0x20 ./Drivers/STM32F1xx_HAL_Driver/Src/stm32f1xx_hal_rcc_ex.o
 .debug_ranges  0x0000000000000a00      0x3c0 ./Drivers/STM32F1xx_HAL_Driver/Src/stm32f1xx_hal_tim.o
 .debug_ranges  0x0000000000000dc0      0x158 ./Drivers/STM32F1xx_HAL_Driver/Src/stm32f1xx_hal_tim_ex.o
 .debug_ranges  0x0000000000000f18      0x220 ./Drivers/STM32F1xx_HAL_Driver/Src/stm32f1xx_hal_uart.o
 .debug_ranges  0x0000000000001138       0xe0 ./Drivers/STM32F1xx_HAL_Driver/Src/stm32f1xx_ll_usb.o
 .debug_ranges  0x0000000000001218       0x80 ./Middlewares/ST/STM32_USB_Device_Library/Class/CDC/Src/usbd_cdc.o
 .debug_ranges  0x0000000000001298       0xa8 ./Middlewares/ST/STM32_USB_Device_Library/Core/Src/usbd_core.o
 .debug_ranges  0x0000000000001340       0x78 ./Middlewares/ST/STM32_USB_Device_Library/Core/Src/usbd_ctlreq.o
 .debug_ranges  0x00000000000013b8       0x40 ./Middlewares/ST/STM32_USB_Device_Library/Core/Src/usbd_ioreq.o
 .debug_ranges  0x00000000000013f8       0x10 ./USB_DEVICE/App/usb_device.o
 .debug_ranges  0x0000000000001408       0x38 ./USB_DEVICE/App/usbd_cdc_if.o
 .debug_ranges  0x0000000000001440       0x50 ./USB_DEVICE/App/usbd_desc.o
 .debug_ranges  0x0000000000001490      0x108 ./USB_DEVICE/Target/usbd_conf.o

.debug_macro    0x0000000000000000    0x1bde1
 .debug_macro   0x0000000000000000      0x4ac ./Core/Src/main.o
 .debug_macro   0x00000000000004ac      0xa9c ./Core/Src/main.o
 .debug_macro   0x0000000000000f48      0x233 ./Core/Src/main.o
 .debug_macro   0x000000000000117b       0x2e ./Core/Src/main.o
 .debug_macro   0x00000000000011a9       0x22 ./Core/Src/main.o
 .debug_macro   0x00000000000011cb       0x22 ./Core/Src/main.o
 .debug_macro   0x00000000000011ed       0x8e ./Core/Src/main.o
 .debug_macro   0x000000000000127b       0x51 ./Core/Src/main.o
 .debug_macro   0x00000000000012cc      0x103 ./Core/Src/main.o
 .debug_macro   0x00000000000013cf       0x6a ./Core/Src/main.o
 .debug_macro   0x0000000000001439      0x1df ./Core/Src/main.o
 .debug_macro   0x0000000000001618       0x1c ./Core/Src/main.o
 .debug_macro   0x0000000000001634       0x22 ./Core/Src/main.o
 .debug_macro   0x0000000000001656       0xc3 ./Core/Src/main.o
 .debug_macro   0x0000000000001719      0xd23 ./Core/Src/main.o
 .debug_macro   0x000000000000243c     0xe09e ./Core/Src/main.o
 .debug_macro   0x00000000000104da       0x6d ./Core/Src/main.o
 .debug_macro   0x0000000000010547     0x3468 ./Core/Src/main.o
 .debug_macro   0x00000000000139af      0x174 ./Core/Src/main.o
 .debug_macro   0x0000000000013b23       0x5c ./Core/Src/main.o
 .debug_macro   0x0000000000013b7f      0x5be ./Core/Src/main.o
 .debug_macro   0x000000000001413d      0x289 ./Core/Src/main.o
 .debug_macro   0x00000000000143c6      0x1cb ./Core/Src/main.o
 .debug_macro   0x0000000000014591      0x114 ./Core/Src/main.o
 .debug_macro   0x00000000000146a5      0x1b2 ./Core/Src/main.o
 .debug_macro   0x0000000000014857       0x27 ./Core/Src/main.o
 .debug_macro   0x000000000001487e      0x136 ./Core/Src/main.o
 .debug_macro   0x00000000000149b4      0x1bc ./Core/Src/main.o
 .debug_macro   0x0000000000014b70       0x34 ./Core/Src/main.o
 .debug_macro   0x0000000000014ba4       0x3c ./Core/Src/main.o
 .debug_macro   0x0000000000014be0       0x57 ./Core/Src/main.o
 .debug_macro   0x0000000000014c37      0x46a ./Core/Src/main.o
 .debug_macro   0x00000000000150a1      0x1b5 ./Core/Src/main.o
 .debug_macro   0x0000000000015256       0x88 ./Core/Src/main.o
 .debug_macro   0x00000000000152de      0x241 ./Core/Src/main.o
 .debug_macro   0x000000000001551f      0x287 ./Core/Src/main.o
 .debug_macro   0x00000000000157a6      0x141 ./Core/Src/main.o
 .debug_macro   0x00000000000158e7      0x8d1 ./Core/Src/main.o
 .debug_macro   0x00000000000161b8      0x279 ./Core/Src/main.o
 .debug_macro   0x0000000000016431       0x65 ./Core/Src/main.o
 .debug_macro   0x0000000000016496      0x249 ./Core/Src/main.o
 .debug_macro   0x00000000000166df       0x83 ./Core/Src/main.o
 .debug_macro   0x0000000000016762       0x28 ./Core/Src/main.o
 .debug_macro   0x000000000001678a       0x52 ./Core/Src/main.o
 .debug_macro   0x00000000000167dc       0x18 ./Core/Src/main.o
 .debug_macro   0x00000000000167f4       0x3c ./Core/Src/main.o
 .debug_macro   0x0000000000016830       0x34 ./Core/Src/main.o
 .debug_macro   0x0000000000016864       0x16 ./Core/Src/main.o
 .debug_macro   0x000000000001687a       0x35 ./Core/Src/main.o
 .debug_macro   0x00000000000168af      0x333 ./Core/Src/main.o
 .debug_macro   0x0000000000016be2       0x10 ./Core/Src/main.o
 .debug_macro   0x0000000000016bf2       0x16 ./Core/Src/main.o
 .debug_macro   0x0000000000016c08       0x43 ./Core/Src/main.o
 .debug_macro   0x0000000000016c4b       0x34 ./Core/Src/main.o
 .debug_macro   0x0000000000016c7f       0x10 ./Core/Src/main.o
 .debug_macro   0x0000000000016c8f       0x58 ./Core/Src/main.o
 .debug_macro   0x0000000000016ce7       0x71 ./Core/Src/main.o
 .debug_macro   0x0000000000016d58       0x1c ./Core/Src/main.o
 .debug_macro   0x0000000000016d74      0x12a ./Core/Src/main.o