Archive member included to satisfy reference by file (symbol)

e:/tm32cubeide_1.3.0/stm32cubeide_1.3.0/stm32cubeide/plugins/com.st.stm32cube.ide.mcu.externaltools.gnu-tools-for-stm32.9-2020-q2-update.win32_2.0.0.202105311346/tools/bin/../lib/gcc/arm-none-eabi/9.3.1/../../../../arm-none-eabi/lib/thumb/v7-m/nofp\libc_nano.a(lib_a-errno.o)
                              ./Core/Src/syscalls.o (__errno)
e:/tm32cubeide_1.3.0/stm32cubeide_1.3.0/stm32cubeide/plugins/com.st.stm32cube.ide.mcu.externaltools.gnu-tools-for-stm32.9-2020-q2-update.win32_2.0.0.202105311346/tools/bin/../lib/gcc/arm-none-eabi/9.3.1/../../../../arm-none-eabi/lib/thumb/v7-m/nofp\libc_nano.a(lib_a-exit.o)
                              e:/tm32cubeide_1.3.0/stm32cubeide_1.3.0/stm32cubeide/plugins/com.st.stm32cube.ide.mcu.externaltools.gnu-tools-for-stm32.9-2020-q2-update.win32_2.0.0.202105311346/tools/bin/../lib/gcc/arm-none-eabi/9.3.1/../../../../arm-none-eabi/lib/thumb/v7-m/nofp/crt0.o (exit)
e:/tm32cubeide_1.3.0/stm32cubeide_1.3.0/stm32cubeide/plugins/com.st.stm32cube.ide.mcu.externaltools.gnu-tools-for-stm32.9-2020-q2-update.win32_2.0.0.202105311346/tools/bin/../lib/gcc/arm-none-eabi/9.3.1/../../../../arm-none-eabi/lib/thumb/v7-m/nofp\libc_nano.a(lib_a-impure.o)
                              e:/tm32cubeide_1.3.0/stm32cubeide_1.3.0/stm32cubeide/plugins/com.st.stm32cube.ide.mcu.externaltools.gnu-tools-for-stm32.9-2020-q2-update.win32_2.0.0.202105311346/tools/bin/../lib/gcc/arm-none-eabi/9.3.1/../../../../arm-none-eabi/lib/thumb/v7-m/nofp\libc_nano.a(lib_a-exit.o) (_global_impure_ptr)
e:/tm32cubeide_1.3.0/stm32cubeide_1.3.0/stm32cubeide/plugins/com.st.stm32cube.ide.mcu.externaltools.gnu-tools-for-stm32.9-2020-q2-update.win32_2.0.0.202105311346/tools/bin/../lib/gcc/arm-none-eabi/9.3.1/../../../../arm-none-eabi/lib/thumb/v7-m/nofp\libc_nano.a(lib_a-init.o)
                              e:/tm32cubeide_1.3.0/stm32cubeide_1.3.0/stm32cubeide/plugins/com.st.stm32cube.ide.mcu.externaltools.gnu-tools-for-stm32.9-2020-q2-update.win32_2.0.0.202105311346/tools/bin/../lib/gcc/arm-none-eabi/9.3.1/../../../../arm-none-eabi/lib/thumb/v7-m/nofp/crt0.o (__libc_init_array)
e:/tm32cubeide_1.3.0/stm32cubeide_1.3.0/stm32cubeide/plugins/com.st.stm32cube.ide.mcu.externaltools.gnu-tools-for-stm32.9-2020-q2-update.win32_2.0.0.202105311346/tools/bin/../lib/gcc/arm-none-eabi/9.3.1/../../../../arm-none-eabi/lib/thumb/v7-m/nofp\libc_nano.a(lib_a-memset.o)
                              e:/tm32cubeide_1.3.0/stm32cubeide_1.3.0/stm32cubeide/plugins/com.st.stm32cube.ide.mcu.externaltools.gnu-tools-for-stm32.9-2020-q2-update.win32_2.0.0.202105311346/tools/bin/../lib/gcc/arm-none-eabi/9.3.1/../../../../arm-none-eabi/lib/thumb/v7-m/nofp/crt0.o (memset)
e:/tm32cubeide_1.3.0/stm32cubeide_1.3.0/stm32cubeide/plugins/com.st.stm32cube.ide.mcu.externaltools.gnu-tools-for-stm32.9-2020-q2-update.win32_2.0.0.202105311346/tools/bin/../lib/gcc/arm-none-eabi/9.3.1/thumb/v7-m/nofp\libgcc.a(_arm_addsubdf3.o)
                              ./Core/Src/main.o (__aeabi_i2d)
e:/tm32cubeide_1.3.0/stm32cubeide_1.3.0/stm32cubeide/plugins/com.st.stm32cube.ide.mcu.externaltools.gnu-tools-for-stm32.9-2020-q2-update.win32_2.0.0.202105311346/tools/bin/../lib/gcc/arm-none-eabi/9.3.1/thumb/v7-m/nofp\libgcc.a(_arm_fixunsdfsi.o)
                              ./Core/Src/main.o (__aeabi_d2uiz)

Allocating common symbols
Common symbol       size              file

On5ms               0x2               ./Core/Src/main.o
Count3000ms         0x2               ./Core/Src/main.o
hUsbDeviceFS        0x2c4             ./USB_DEVICE/App/usb_device.o
x2_x3               0x2               ./Core/Src/main.o
htim4               0x48              ./Core/Src/main.o
Ki                  0x1               ./Core/Src/main.o
x2_x1cuad           0x2               ./Core/Src/main.o
RXUSART1            0x14              ./Core/Src/main.o
DecodeTimeOut       0x2               ./Core/Src/main.o
hi2c2               0x54              ./Core/Src/main.o
DecodeCIPSEND       0x1               ./Core/Src/main.o
On100ms             0x2               ./Core/Src/main.o
Derivativo          0x4               ./Core/Src/main.o
w                   0x20              ./Core/Src/main.o
uwTick              0x4               ./Drivers/STM32F1xx_HAL_Driver/Src/stm32f1xx_hal.o
x2_x1               0x2               ./Core/Src/main.o
rxUSBBuff           0x100             ./Core/Src/main.o
M2Power             0x20              ./Core/Src/main.o
pFlash              0x20              ./Drivers/STM32F1xx_HAL_Driver/Src/stm32f1xx_hal_flash.o
denominador         0x4               ./Core/Src/main.o
Count500ms          0x2               ./Core/Src/main.o
UserRxBufferFS      0x200             ./USB_DEVICE/App/usbd_cdc_if.o
TXUSB               0xc               ./Core/Src/main.o
posMINDerecha       0x1               ./Core/Src/main.o
htim3               0x48              ./Core/Src/main.o
flag2               0x1               ./Core/Src/main.o
[...]
Memory Configuration

Name             Origin             Length             Attributes
RAM              0x0000000020000000 0x0000000000005000 xrw
FLASH            0x0000000008000000 0x0000000000010000 xr
*default*        0x0000000000000000 0xffffffffffffffff

Linker script and memory map

LOAD e:/tm32cubeide_1.3.0/stm32cubeide_1.3.0/stm32cubeide/plugins/com.st.stm32cube.ide.mcu.externaltools.gnu-tools-for-stm32.9-2020-q2-update.win32_2.0.0.202105311346/tools/bin/../lib/gcc/arm-none-eabi/9.3.1/thumb/v7-m/nofp/crti.o
LOAD e:/tm32cubeide_1.3.0/stm32cubeide_1.3.0/stm32cubeide/plugins/com.st.stm32cube.ide.mcu.externaltools.gnu-tools-for-stm32.9-2020-q2-update.win32_2.0.0.202105311346/tools/bin/../lib/gcc/arm-none-eabi/9.3.1/thumb/v7-m/nofp/crtbegin.o
LOAD e:/tm32cubeide_1.3.0/stm32cubeide_1.3.0/stm32cubeide/plugins/com.st.stm32cube.ide.mcu.externaltools.gnu-tools-for-stm32.9-2020-q2-update.win32_2.0.0.202105311346/tools/bin/../lib/gcc/arm-none-eabi/9.3.1/../../../../arm-none-eabi/lib/thumb/v7-m/nofp/crt0.o
LOAD ./Core/Src/main.o
LOAD ./Core/Src/stm32f1xx_hal_msp.o
LOAD ./Core/Src/stm32f1xx_it.o
LOAD ./Core/Src/syscalls.o
LOAD ./Core/Src/sysmem.o
LOAD ./Core/Src/system_stm32f1xx.o
LOAD ./Core/Startup/startup_stm32f103c8tx.o
LOAD ./Drivers/STM32F1xx_HAL_Driver/Src/stm32f1xx_hal.o
LOAD ./Drivers/STM32F1xx_HAL_Driver/Src/stm32f1xx_hal_adc.o
LOAD ./Drivers/STM32F1xx_HAL_Driver/Src/stm32f1xx_hal_adc_ex.o
LOAD ./Drivers/STM32F1xx_HAL_Driver/Src/stm32f1xx_hal_cortex.o
LOAD ./Drivers/STM32F1xx_HAL_Driver/Src/stm32f1xx_hal_dma.o
LOAD ./Drivers/STM32F1xx_HAL_Driver/Src/stm32f1xx_hal_exti.o
LOAD ./Drivers/STM32F1xx_HAL_Driver/Src/stm32f1xx_hal_flash.o
LOAD ./Drivers/STM32F1xx_HAL_Driver/Src/stm32f1xx_hal_flash_ex.o
LOAD ./Drivers/STM32F1xx_HAL_Driver/Src/stm32f1xx_hal_gpio.o
LOAD ./Drivers/STM32F1xx_HAL_Driver/Src/stm32f1xx_hal_gpio_ex.o
LOAD ./Drivers/STM32F1xx_HAL_Driver/Src/stm32f1xx_hal_i2c.o
LOAD ./Drivers/STM32F1xx_HAL_Driver/Src/stm32f1xx_hal_pcd.o
LOAD ./Drivers/STM32F1xx_HAL_Driver/Src/stm32f1xx_hal_pcd_ex.o
LOAD ./Drivers/STM32F1xx_HAL_Driver/Src/stm32f1xx_hal_pwr.o
LOAD ./Drivers/STM32F1xx_HAL_Driver/Src/stm32f1xx_hal_rcc.o
LOAD ./Drivers/STM32F1xx_HAL_Driver/Src/stm32f1xx_hal_rcc_ex.o
LOAD ./Drivers/STM32F1xx_HAL_Driver/Src/stm32f1xx_hal_tim.o
LOAD ./Drivers/STM32F1xx_HAL_Driver/Src/stm32f1xx_hal_tim_ex.o
LOAD ./Drivers/STM32F1xx_HAL_Driver/Src/stm32f1xx_hal_uart.o
LOAD ./Drivers/STM32F1xx_HAL_Driver/Src/stm32f1xx_ll_usb.o
LOAD ./Middlewares/ST/STM32_USB_Device_Library/Class/CDC/Src/usbd_cdc.o
LOAD ./Middlewares/ST/STM32_USB_Device_Library/Core/Src/usbd_core.o
LOAD ./Middlewares/ST/STM32_USB_Device_Library/Core/Src/usbd_ctlreq.o
LOAD ./Middlewares/ST/STM32_USB_Device_Library/Core/Src/usbd_ioreq.o
LOAD ./USB_DEVICE/App/usb_device.o
LOAD ./USB_DEVICE/App/usbd_cdc_if.o
LOAD ./USB_DEVICE/App/usbd_desc.o
LOAD ./USB_DEVICE/Target/usbd_conf.o
START GROUP
LOAD e:/tm32cubeide_1.3.0/stm32cubeide_1.3.0/stm32cubeide/plugins/com.st.stm32cube.ide.mcu.externaltools.gnu-tools-for-stm32.9-2020-q2-update.win32_2.0.0.202105311346/tools/bin/../lib/gcc/arm-none-eabi/9.3.1/../../../../arm-none-eabi/lib/thumb/v7-m/nofp\libc_nano.a
LOAD e:/tm32cubeide_1.3.0/stm32cubeide_1.3.0/stm32cubeide/plugins/com.st.stm32cube.ide.mcu.externaltools.gnu-tools-for-stm32.9-2020-q2-update.win32_2.0.0.202105311346/tools/bin/../lib/gcc/arm-none-eabi/9.3.1/../../../../arm-none-eabi/lib/thumb/v7-m/nofp\libm.a
END GROUP
START GROUP
LOAD e:/tm32cubeide_1.3.0/stm32cubeide_1.3.0/stm32cubeide/plugins/com.st.stm32cube.ide.mcu.externaltools.gnu-tools-for-stm32.9-2020-q2-update.win32_2.0.0.202105311346/tools/bin/../lib/gcc/arm-none-eabi/9.3.1/thumb/v7-m/nofp\libgcc.a
LOAD e:/tm32cubeide_1.3.0/stm32cubeide_1.3.0/stm32cubeide/plugins/com.st.stm32cube.ide.mcu.externaltools.gnu-tools-for-stm32.9-2020-q2-update.win32_2.0.0.202105311346/tools/bin/../lib/gcc/arm-none-eabi/9.3.1/../../../../arm-none-eabi/lib/thumb/v7-m/nofp\libc_nano.a
END GROUP
START GROUP
LOAD e:/tm32cubeide_1.3.0/stm32cubeide_1.3.0/stm32cubeide/plugins/com.st.stm32cube.ide.mcu.externaltools.gnu-tools-for-stm32.9-2020-q2-update.win32_2.0.0.202105311346/tools/bin/../lib/gcc/arm-none-eabi/9.3.1/thumb/v7-m/nofp\libgcc.a
LOAD e:/tm32cubeide_1.3.0/stm32cubeide_1.3.0/stm32cubeide/plugins/com.st.stm32cube.ide.mcu.externaltools.gnu-tools-for-stm32.9-2020-q2-update.win32_2.0.0.202105311346/tools/bin/../lib/gcc/arm-none-eabi/9.3.1/../../../../arm-none-eabi/lib/thumb/v7-m/nofp\libc_nano.a
LOAD e:/tm32cubeide_1.3.0/stm32cubeide_1.3.0/stm32cubeide/plugins/com.st.stm32cube.ide.mcu.externaltools.gnu-tools-for-stm32.9-2020-q2-update.win32_2.0.0.202105311346/tools/bin/../lib/gcc/arm-none-eabi/9.3.1/../../../../arm-none-eabi/lib/thumb/v7-m/nofp\libnosys.a
END GROUP
START GROUP
LOAD e:/tm32cubeide_1.3.0/stm32cubeide_1.3.0/stm32cubeide/plugins/com.st.stm32cube.ide.mcu.externaltools.gnu-tools-for-stm32.9-2020-q2-update.win32_2.0.0.202105311346/tools/bin/../lib/gcc/arm-none-eabi/9.3.1/thumb/v7-m/nofp\libgcc.a
LOAD e:/tm32cubeide_1.3.0/stm32cubeide_1.3.0/stm32cubeide/plugins/com.st.stm32cube.ide.mcu.externaltools.gnu-tools-for-stm32.9-2020-q2-update.win32_2.0.0.202105311346/tools/bin/../lib/gcc/arm-none-eabi/9.3.1/../../../../arm-none-eabi/lib/thumb/v7-m/nofp\libc_nano.a
LOAD e:/tm32cubeide_1.3.0/stm32cubeide_1.3.0/stm32cubeide/plugins/com.st.stm32cube.ide.mcu.externaltools.gnu-tools-for-stm32.9-2020-q2-update.win32_2.0.0.202105311346/tools/bin/../lib/gcc/arm-none-eabi/9.3.1/../../../../arm-none-eabi/lib/thumb/v7-m/nofp\libnosys.a
END GROUP
LOAD e:/tm32cubeide_1.3.0/stm32cubeide_1.3.0/stm32cubeide/plugins/com.st.stm32cube.ide.mcu.externaltools.gnu-tools-for-stm32.9-2020-q2-update.win32_2.0.0.202105311346/tools/bin/../lib/gcc/arm-none-eabi/9.3.1/thumb/v7-m/nofp/crtend.o
LOAD e:/tm32cubeide_1.3.0/stm32cubeide_1.3.0/stm32cubeide/plugins/com.st.stm32cube.ide.mcu.externaltools.gnu-tools-for-stm32.9-2020-q2-update.win32_2.0.0.202105311346/tools/bin/../lib/gcc/arm-none-eabi/9.3.1/thumb/v7-m/nofp/crtn.o
                0x0000000020005000                _estack = (ORIGIN (RAM) + LENGTH (RAM))
                0x0000000000000200                _Min_Heap_Size = 0x200
                0x0000000000000400                _Min_Stack_Size = 0x400

.isr_vector     0x0000000008000000      0x10c
                0x0000000008000000                . = ALIGN (0x4)
 *(.isr_vector)
 .isr_vector    0x0000000008000000      0x10c ./Core/Startup/startup_stm32f103c8tx.o
                0x0000000008000000                g_pfnVectors
                0x000000000800010c                . = ALIGN (0x4)

.text           0x000000000800010c     0xbc08
                0x000000000800010c                . = ALIGN (0x4)
 *(.text)
 .text          0x000000000800010c       0x40 e:/tm32cubeide_1.3.0/stm32cubeide_1.3.0/stm32cubeide/plugins/com.st.stm32cube.ide.mcu.externaltools.gnu-tools-for-stm32.9-2020-q2-update.win32_2.0.0.202105311346/tools/bin/../lib/gcc/arm-none-eabi/9.3.1/thumb/v7-m/nofp/crtbegin.o
 .text          0x000000000800014c      0x378 e:/tm32cubeide_1.3.0/stm32cubeide_1.3.0/stm32cubeide/plugins/com.st.stm32cube.ide.mcu.externaltools.gnu-tools-for-stm32.9-2020-q2-update.win32_2.0.0.202105311346/tools/bin/../lib/gcc/arm-none-eabi/9.3.1/thumb/v7-m/nofp\libgcc.a(_arm_addsubdf3.o)
                0x000000000800014c                __aeabi_drsub
                0x0000000008000154                __aeabi_dsub
                0x0000000008000154                __subdf3
                0x0000000008000158                __aeabi_dadd
                0x0000000008000158                __adddf3
                0x00000000080003d0                __floatunsidf
                0x00000000080003d0                __aeabi_ui2d
                0x00000000080003f0                __floatsidf
                0x00000000080003f0                __aeabi_i2d
                0x0000000008000414                __aeabi_f2d
                0x0000000008000414                __extendsfdf2
                0x0000000008000458                __floatundidf
                0x0000000008000458                __aeabi_ul2d
                0x0000000008000468                __floatdidf
                0x0000000008000468                __aeabi_l2d
 .text          0x00000000080004c4       0x40 e:/tm32cubeide_1.3.0/stm32cubeide_1.3.0/stm32cubeide/plugins/com.st.stm32cube.ide.mcu.externaltools.gnu-tools-for-stm32.9-2020-q2-update.win32_2.0.0.202105311346/tools/bin/../lib/gcc/arm-none-eabi/9.3.1/thumb/v7-m/nofp\libgcc.a(_arm_fixunsdfsi.o)
                0x00000000080004c4                __aeabi_d2uiz
                0x00000000080004c4                __fixunsdfsi
 *(.text*)
 .text.InitEsp  0x0000000008000504       0xc8 ./Core/Src/main.o
                0x0000000008000504                InitEsp
 .text.Reset    0x00000000080005cc       0x50 ./Core/Src/main.o
                0x00000000080005cc                Reset
 .text.HAL_TIM_PeriodElapsedCallback
                0x000000000800061c       0xa8 ./Core/Src/main.o
                0x000000000800061c                HAL_TIM_PeriodElapsedCallback
 .text.DecodeESP
                0x00000000080006c4      0x410 ./Core/Src/main.o
                0x00000000080006c4                DecodeESP
 .text.HAL_UART_RxCpltCallback
                0x0000000008000ad4       0x74 ./Core/Src/main.o
                0x0000000008000ad4                HAL_UART_RxCpltCallback
 .text.HAL_ADC_ConvCpltCallback
                0x0000000008000b48       0x38 ./Core/Src/main.o
                0x0000000008000b48                HAL_ADC_ConvCpltCallback
 .text.ADC      0x0000000008000b80      0x2d4 ./Core/Src/main.o
                0x0000000008000b80                ADC
 .text.MyCallBackOnUSBData
                0x0000000008000e54       0x50 ./Core/Src/main.o
                0x0000000008000e54                MyCallBackOnUSBData
 .text.GetByteFromRx
                0x0000000008000ea4       0x66 ./Core/Src/main.o
                0x0000000008000ea4                GetByteFromRx
 *fill*         0x0000000008000f0a        0x2 
 .text.DecodeHeader
                0x0000000008000f0c      0x208 ./Core/Src/main.o
                0x0000000008000f0c                DecodeHeader
 .text.DecodeCmd
                0x0000000008001114      0x1a8 ./Core/Src/main.o
                0x0000000008001114                DecodeCmd
 .text.PutCIPSENDOnTx
                0x00000000080012bc       0x74 ./Core/Src/main.o
                0x00000000080012bc                PutCIPSENDOnTx
 .text.SendUDPData
                0x0000000008001330      0x130 ./Core/Src/main.o
                0x0000000008001330                SendUDPData
 .text.PutStrOnTx
                0x0000000008001460       0x5a ./Core/Src/main.o
                0x0000000008001460                PutStrOnTx
 .text.PutByteOnTx
                0x00000000080014ba       0x3c ./Core/Src/main.o
                0x00000000080014ba                PutByteOnTx
 .text.PutHeaderOnTx
                0x00000000080014f6      0x12e ./Core/Src/main.o
                0x00000000080014f6                PutHeaderOnTx
 .text.PutcksOnTx
                0x0000000008001624       0x82 ./Core/Src/main.o
                0x0000000008001624                PutcksOnTx
 *fill*         0x00000000080016a6        0x2 
 .text.main     0x00000000080016a8      0x518 ./Core/Src/main.o
                0x00000000080016a8                main
 .text.SystemClock_Config
                0x0000000008001bc0       0xba ./Core/Src/main.o
                0x0000000008001bc0                SystemClock_Config
 *fill*         0x0000000008001c7a        0x2 
 .text.MX_ADC1_Init
                0x0000000008001c7c      0x144 ./Core/Src/main.o
 .text.MX_I2C2_Init
                0x0000000008001dc0       0x5c ./Core/Src/main.o
 .text.MX_TIM3_Init
                0x0000000008001e1c       0x9c ./Core/Src/main.o
 .text.MX_TIM4_Init
                0x0000000008001eb8      0x130 ./Core/Src/main.o
 .text.MX_USART1_UART_Init
                0x0000000008001fe8       0x54 ./Core/Src/main.o
 .text.MX_DMA_Init
                0x000000000800203c       0x3c ./Core/Src/main.o
 .text.MX_GPIO_Init
                0x0000000008002078       0xf0 ./Core/Src/main.o
 .text.Error_Handler
                0x0000000008002168        0xa ./Core/Src/main.o
                0x0000000008002168                Error_Handler
 *fill*         0x0000000008002172        0x2 
 .text.HAL_MspInit
                0x0000000008002174       0x64 ./Core/Src/stm32f1xx_hal_msp.o
                0x0000000008002174                HAL_MspInit
 .text.HAL_ADC_MspInit
                0x00000000080021d8       0xd0 ./Core/Src/stm32f1xx_hal_msp.o
                0x00000000080021d8                HAL_ADC_MspInit
 .text.HAL_I2C_MspInit
                0x00000000080022a8       0x80 ./Core/Src/stm32f1xx_hal_msp.o
                0x00000000080022a8                HAL_I2C_MspInit
 .text.HAL_TIM_Base_MspInit
                0x0000000008002328       0x84 ./Core/Src/stm32f1xx_hal_msp.o
                0x0000000008002328                HAL_TIM_Base_MspInit
 .text.HAL_TIM_MspPostInit
                0x00000000080023ac       0x68 ./Core/Src/stm32f1xx_hal_msp.o
                0x00000000080023ac                HAL_TIM_MspPostInit
 .text.HAL_UART_MspInit
                0x0000000008002414       0xa8 ./Core/Src/stm32f1xx_hal_msp.o
                0x0000000008002414                HAL_UART_MspInit
 .text.NMI_Handler
                0x00000000080024bc        0x6 ./Core/Src/stm32f1xx_it.o
                0x00000000080024bc                NMI_Handler
 .text.HardFault_Handler
                0x00000000080024c2        0x6 ./Core/Src/stm32f1xx_it.o
                0x00000000080024c2                HardFault_Handler
 .text.MemManage_Handler
                0x00000000080024c8        0x6 ./Core/Src/stm32f1xx_it.o
                0x00000000080024c8                MemManage_Handler
 .text.BusFault_Handler
                0x00000000080024ce        0x6 ./Core/Src/stm32f1xx_it.o
                0x00000000080024ce                BusFault_Handler
 .text.UsageFault_Handler
                0x00000000080024d4        0x6 ./Core/Src/stm32f1xx_it.o
                0x00000000080024d4                UsageFault_Handler
 .text.SVC_Handler
                0x00000000080024da        0xc ./Core/Src/stm32f1xx_it.o
                0x00000000080024da                SVC_Handler
 .text.DebugMon_Handler
                0x00000000080024e6        0xc ./Core/Src/stm32f1xx_it.o
                0x00000000080024e6                DebugMon_Handler
 .text.PendSV_Handler
                0x00000000080024f2        0xc ./Core/Src/stm32f1xx_it.o
                0x00000000080024f2                PendSV_Handler
 .text.SysTick_Handler
                0x00000000080024fe        0xc ./Core/Src/stm32f1xx_it.o
                0x00000000080024fe                SysTick_Handler
 *fill*         0x000000000800250a        0x2 
 .text.DMA1_Channel1_IRQHandler
                0x000000000800250c       0x14 ./Core/Src/stm32f1xx_it.o
                0x000000000800250c                DMA1_Channel1_IRQHandler
 .text.USB_LP_CAN1_RX0_IRQHandler
                0x0000000008002520       0x14 ./Core/Src/stm32f1xx_it.o
                0x0000000008002520                USB_LP_CAN1_RX0_IRQHandler
 .text.TIM3_IRQHandler
                0x0000000008002534       0x14 ./Core/Src/stm32f1xx_it.o
                0x0000000008002534                TIM3_IRQHandler
 .text.TIM4_IRQHandler
                0x0000000008002548       0x14 ./Core/Src/stm32f1xx_it.o
                0x0000000008002548                TIM4_IRQHandler
 .text.USART1_IRQHandler
                0x000000000800255c       0x14 ./Core/Src/stm32f1xx_it.o
                0x000000000800255c                USART1_IRQHandler
 .text.SystemInit
                0x0000000008002570        0xc ./Core/Src/system_stm32f1xx.o
                0x0000000008002570                SystemInit
 .text.Reset_Handler
                0x000000000800257c       0x48 ./Core/Startup/startup_stm32f103c8tx.o
                0x000000000800257c                Reset_Handler
 .text.Default_Handler
                0x00000000080025c4        0x2 ./Core/Startup/startup_stm32f103c8tx.o
                0x00000000080025c4                RTC_Alarm_IRQHandler
                0x00000000080025c4                EXTI2_IRQHandler
                0x00000000080025c4                TIM1_CC_IRQHandler
                0x00000000080025c4                PVD_IRQHandler
                0x00000000080025c4                EXTI3_IRQHandler
                0x00000000080025c4                EXTI0_IRQHandler
                0x00000000080025c4                I2C2_EV_IRQHandler
                0x00000000080025c4                ADC1_2_IRQHandler
                0x00000000080025c4                SPI1_IRQHandler
                0x00000000080025c4                TAMPER_IRQHandler
                0x00000000080025c4                DMA1_Channel4_IRQHandler
                0x00000000080025c4                USART3_IRQHandler
                0x00000000080025c4                RTC_IRQHandler
                0x00000000080025c4                DMA1_Channel7_IRQHandler
                0x00000000080025c4                CAN1_RX1_IRQHandler
                0x00000000080025c4                I2C1_EV_IRQHandler
                0x00000000080025c4                DMA1_Channel6_IRQHandler
                0x00000000080025c4                RCC_IRQHandler
                0x00000000080025c4                TIM1_TRG_COM_IRQHandler
                0x00000000080025c4                Default_Handler
                0x00000000080025c4                EXTI15_10_IRQHandler
                0x00000000080025c4                EXTI9_5_IRQHandler
                0x00000000080025c4                SPI2_IRQHandler
                0x00000000080025c4                DMA1_Channel5_IRQHandler
                0x00000000080025c4                EXTI4_IRQHandler
                0x00000000080025c4                USB_HP_CAN1_TX_IRQHandler
                0x00000000080025c4                DMA1_Channel3_IRQHandler
                0x00000000080025c4                TIM1_UP_IRQHandler
                0x00000000080025c4                WWDG_IRQHandler
                0x00000000080025c4                TIM2_IRQHandler
                0x00000000080025c4                TIM1_BRK_IRQHandler
                0x00000000080025c4                EXTI1_IRQHandler
                0x00000000080025c4                USART2_IRQHandler
                0x00000000080025c4                I2C2_ER_IRQHandler
                0x00000000080025c4                DMA1_Channel2_IRQHandler
                0x00000000080025c4                CAN1_SCE_IRQHandler
                0x00000000080025c4                FLASH_IRQHandler
                0x00000000080025c4                I2C1_ER_IRQHandler
                0x00000000080025c4                USBWakeUp_IRQHandler
 *fill*         0x00000000080025c6        0x2 
 .text.HAL_Init
                0x00000000080025c8       0x2c ./Drivers/STM32F1xx_HAL_Driver/Src/stm32f1xx_hal.o
                0x00000000080025c8                HAL_Init
 .text.HAL_InitTick
                0x00000000080025f4       0x60 ./Drivers/STM32F1xx_HAL_Driver/Src/stm32f1xx_hal.o
                0x00000000080025f4                HAL_InitTick
 .text.HAL_IncTick
                0x0000000008002654       0x24 ./Drivers/STM32F1xx_HAL_Driver/Src/stm32f1xx_hal.o
                0x0000000008002654                HAL_IncTick
 .text.HAL_GetTick
                0x0000000008002678       0x14 ./Drivers/STM32F1xx_HAL_Driver/Src/stm32f1xx_hal.o
                0x0000000008002678                HAL_GetTick
 .text.HAL_ADC_Init
                0x000000000800268c      0x1b0 ./Drivers/STM32F1xx_HAL_Driver/Src/stm32f1xx_hal_adc.o
                0x000000000800268c                HAL_ADC_Init
 .text.HAL_ADC_Start_DMA
                0x000000000800283c      0x1bc ./Drivers/STM32F1xx_HAL_Driver/Src/stm32f1xx_hal_adc.o
                0x000000000800283c                HAL_ADC_Start_DMA
 .text.HAL_ADC_ConvHalfCpltCallback
                0x00000000080029f8       0x12 ./Drivers/STM32F1xx_HAL_Driver/Src/stm32f1xx_hal_adc.o
                0x00000000080029f8                HAL_ADC_ConvHalfCpltCallback
 .text.HAL_ADC_ErrorCallback
                0x0000000008002a0a       0x12 ./Drivers/STM32F1xx_HAL_Driver/Src/stm32f1xx_hal_adc.o
                0x0000000008002a0a                HAL_ADC_ErrorCallback
 .text.HAL_ADC_ConfigChannel
                0x0000000008002a1c      0x1f0 ./Drivers/STM32F1xx_HAL_Driver/Src/stm32f1xx_hal_adc.o
                0x0000000008002a1c                HAL_ADC_ConfigChannel
 .text.ADC_Enable
                0x0000000008002c0c       0xb4 ./Drivers/STM32F1xx_HAL_Driver/Src/stm32f1xx_hal_adc.o
                0x0000000008002c0c                ADC_Enable
 .text.ADC_ConversionStop_Disable
                0x0000000008002cc0       0x82 ./Drivers/STM32F1xx_HAL_Driver/Src/stm32f1xx_hal_adc.o
                0x0000000008002cc0                ADC_ConversionStop_Disable
 .text.ADC_DMAConvCplt
                0x0000000008002d42       0x7c ./Drivers/STM32F1xx_HAL_Driver/Src/stm32f1xx_hal_adc.o
                0x0000000008002d42                ADC_DMAConvCplt
 .text.ADC_DMAHalfConvCplt
                0x0000000008002dbe       0x1c ./Drivers/STM32F1xx_HAL_Driver/Src/stm32f1xx_hal_adc.o
                0x0000000008002dbe                ADC_DMAHalfConvCplt
 .text.ADC_DMAError
                0x0000000008002dda       0x34 ./Drivers/STM32F1xx_HAL_Driver/Src/stm32f1xx_hal_adc.o
                0x0000000008002dda                ADC_DMAError
 *fill*         0x0000000008002e0e        0x2 
 .text.__NVIC_SetPriorityGrouping
                0x0000000008002e10       0x48 ./Drivers/STM32F1xx_HAL_Driver/Src/stm32f1xx_hal_cortex.o
 .text.__NVIC_GetPriorityGrouping
                0x0000000008002e58       0x1c ./Drivers/STM32F1xx_HAL_Driver/Src/stm32f1xx_hal_cortex.o
 .text.__NVIC_EnableIRQ
                0x0000000008002e74       0x38 ./Drivers/STM32F1xx_HAL_Driver/Src/stm32f1xx_hal_cortex.o
 .text.__NVIC_SetPriority
                0x0000000008002eac       0x54 ./Drivers/STM32F1xx_HAL_Driver/Src/stm32f1xx_hal_cortex.o
 .text.NVIC_EncodePriority
                0x0000000008002f00       0x64 ./Drivers/STM32F1xx_HAL_Driver/Src/stm32f1xx_hal_cortex.o
 .text.SysTick_Config
                0x0000000008002f64       0x44 ./Drivers/STM32F1xx_HAL_Driver/Src/stm32f1xx_hal_cortex.o
 .text.HAL_NVIC_SetPriorityGrouping
                0x0000000008002fa8       0x16 ./Drivers/STM32F1xx_HAL_Driver/Src/stm32f1xx_hal_cortex.o
                0x0000000008002fa8                HAL_NVIC_SetPriorityGrouping
 .text.HAL_NVIC_SetPriority
                0x0000000008002fbe       0x38 ./Drivers/STM32F1xx_HAL_Driver/Src/stm32f1xx_hal_cortex.o
                0x0000000008002fbe                HAL_NVIC_SetPriority
 .text.HAL_NVIC_EnableIRQ
                0x0000000008002ff6       0x1c ./Drivers/STM32F1xx_HAL_Driver/Src/stm32f1xx_hal_cortex.o
                0x0000000008002ff6                HAL_NVIC_EnableIRQ
 .text.HAL_SYSTICK_Config
                0x0000000008003012       0x18 ./Drivers/STM32F1xx_HAL_Driver/Src/stm32f1xx_hal_cortex.o
                0x0000000008003012                HAL_SYSTICK_Config
 *fill*         0x000000000800302a        0x2 
 .text.HAL_DMA_Init
                0x000000000800302c       0xb4 ./Drivers/STM32F1xx_HAL_Driver/Src/stm32f1xx_hal_dma.o
                0x000000000800302c                HAL_DMA_Init
 .text.HAL_DMA_Start_IT
                0x00000000080030e0       0xbe ./Drivers/STM32F1xx_HAL_Driver/Src/stm32f1xx_hal_dma.o
                0x00000000080030e0                HAL_DMA_Start_IT
 .text.HAL_DMA_Abort
                0x000000000800319e       0x74 ./Drivers/STM32F1xx_HAL_Driver/Src/stm32f1xx_hal_dma.o
                0x000000000800319e                HAL_DMA_Abort
 *fill*         0x0000000008003212        0x2 
 .text.HAL_DMA_Abort_IT
                0x0000000008003214       0xec ./Drivers/STM32F1xx_HAL_Driver/Src/stm32f1xx_hal_dma.o
                0x0000000008003214                HAL_DMA_Abort_IT
 .text.HAL_DMA_IRQHandler
                0x0000000008003300      0x20c ./Drivers/STM32F1xx_HAL_Driver/Src/stm32f1xx_hal_dma.o
                0x0000000008003300                HAL_DMA_IRQHandler
 .text.DMA_SetConfig
                0x000000000800350c       0x5a ./Drivers/STM32F1xx_HAL_Driver/Src/stm32f1xx_hal_dma.o
 *fill*         0x0000000008003566        0x2 
 .text.HAL_GPIO_Init
                0x0000000008003568      0x308 ./Drivers/STM32F1xx_HAL_Driver/Src/stm32f1xx_hal_gpio.o
                0x0000000008003568                HAL_GPIO_Init
 .text.HAL_GPIO_ReadPin
                0x0000000008003870       0x2e ./Drivers/STM32F1xx_HAL_Driver/Src/stm32f1xx_hal_gpio.o
                0x0000000008003870                HAL_GPIO_ReadPin
 .text.HAL_GPIO_WritePin
                0x000000000800389e       0x30 ./Drivers/STM32F1xx_HAL_Driver/Src/stm32f1xx_hal_gpio.o
                0x000000000800389e                HAL_GPIO_WritePin
 .text.HAL_GPIO_TogglePin
                0x00000000080038ce       0x32 ./Drivers/STM32F1xx_HAL_Driver/Src/stm32f1xx_hal_gpio.o
                0x00000000080038ce                HAL_GPIO_TogglePin
 .text.HAL_I2C_Init
                0x0000000008003900      0x288 ./Drivers/STM32F1xx_HAL_Driver/Src/stm32f1xx_hal_i2c.o
                0x0000000008003900                HAL_I2C_Init
 .text.HAL_PCD_Init
                0x0000000008003b88      0x216 ./Drivers/STM32F1xx_HAL_Driver/Src/stm32f1xx_hal_pcd.o
                0x0000000008003b88                HAL_PCD_Init
 .text.HAL_PCD_Start
                0x0000000008003d9e       0x4c ./Drivers/STM32F1xx_HAL_Driver/Src/stm32f1xx_hal_pcd.o
                0x0000000008003d9e                HAL_PCD_Start
 .text.HAL_PCD_IRQHandler
                0x0000000008003dea      0x2aa ./Drivers/STM32F1xx_HAL_Driver/Src/stm32f1xx_hal_pcd.o
                0x0000000008003dea                HAL_PCD_IRQHandler
 .text.HAL_PCD_SetAddress
                0x0000000008004094       0x4a ./Drivers/STM32F1xx_HAL_Driver/Src/stm32f1xx_hal_pcd.o
                0x0000000008004094                HAL_PCD_SetAddress
 .text.HAL_PCD_EP_Open
                0x00000000080040de       0xcc ./Drivers/STM32F1xx_HAL_Driver/Src/stm32f1xx_hal_pcd.o
                0x00000000080040de                HAL_PCD_EP_Open
 .text.HAL_PCD_EP_Close
                0x00000000080041aa       0x90 ./Drivers/STM32F1xx_HAL_Driver/Src/stm32f1xx_hal_pcd.o
                0x00000000080041aa                HAL_PCD_EP_Close
 .text.HAL_PCD_EP_Receive
                0x000000000800423a       0x7a ./Drivers/STM32F1xx_HAL_Driver/Src/stm32f1xx_hal_pcd.o
                0x000000000800423a                HAL_PCD_EP_Receive
 .text.HAL_PCD_EP_GetRxCount
                0x00000000080042b4       0x2e ./Drivers/STM32F1xx_HAL_Driver/Src/stm32f1xx_hal_pcd.o
                0x00000000080042b4                HAL_PCD_EP_GetRxCount
 .text.HAL_PCD_EP_Transmit
                0x00000000080042e2       0x86 ./Drivers/STM32F1xx_HAL_Driver/Src/stm32f1xx_hal_pcd.o
                0x00000000080042e2                HAL_PCD_EP_Transmit
 .text.HAL_PCD_EP_SetStall
                0x0000000008004368       0xc0 ./Drivers/STM32F1xx_HAL_Driver/Src/stm32f1xx_hal_pcd.o
                0x0000000008004368                HAL_PCD_EP_SetStall
 .text.HAL_PCD_EP_ClrStall
                0x0000000008004428       0xa8 ./Drivers/STM32F1xx_HAL_Driver/Src/stm32f1xx_hal_pcd.o
                0x0000000008004428                HAL_PCD_EP_ClrStall
 .text.PCD_EP_ISR_Handler
                0x00000000080044d0      0x600 ./Drivers/STM32F1xx_HAL_Driver/Src/stm32f1xx_hal_pcd.o
 .text.HAL_PCD_EP_DB_Receive
                0x0000000008004ad0      0x21a ./Drivers/STM32F1xx_HAL_Driver/Src/stm32f1xx_hal_pcd.o
 .text.HAL_PCD_EP_DB_Transmit
                0x0000000008004cea      0x7a4 ./Drivers/STM32F1xx_HAL_Driver/Src/stm32f1xx_hal_pcd.o
 .text.HAL_PCDEx_PMAConfig
                0x000000000800548e       0x84 ./Drivers/STM32F1xx_HAL_Driver/Src/stm32f1xx_hal_pcd_ex.o
                0x000000000800548e                HAL_PCDEx_PMAConfig
 *fill*         0x0000000008005512        0x2 
 .text.HAL_RCC_OscConfig
                0x0000000008005514      0x500 ./Drivers/STM32F1xx_HAL_Driver/Src/stm32f1xx_hal_rcc.o
                0x0000000008005514                HAL_RCC_OscConfig
 .text.HAL_RCC_ClockConfig
                0x0000000008005a14      0x1d4 ./Drivers/STM32F1xx_HAL_Driver/Src/stm32f1xx_hal_rcc.o
                0x0000000008005a14                HAL_RCC_ClockConfig
 .text.HAL_RCC_GetSysClockFreq
                0x0000000008005be8       0xc0 ./Drivers/STM32F1xx_HAL_Driver/Src/stm32f1xx_hal_rcc.o
                0x0000000008005be8                HAL_RCC_GetSysClockFreq
 .text.HAL_RCC_GetHCLKFreq
                0x0000000008005ca8       0x14 ./Drivers/STM32F1xx_HAL_Driver/Src/stm32f1xx_hal_rcc.o
                0x0000000008005ca8                HAL_RCC_GetHCLKFreq
 .text.HAL_RCC_GetPCLK1Freq
                0x0000000008005cbc       0x28 ./Drivers/STM32F1xx_HAL_Driver/Src/stm32f1xx_hal_rcc.o
                0x0000000008005cbc                HAL_RCC_GetPCLK1Freq
 .text.HAL_RCC_GetPCLK2Freq
                0x0000000008005ce4       0x28 ./Drivers/STM32F1xx_HAL_Driver/Src/stm32f1xx_hal_rcc.o
                0x0000000008005ce4                HAL_RCC_GetPCLK2Freq
 .text.RCC_Delay
                0x0000000008005d0c       0x3c ./Drivers/STM32F1xx_HAL_Driver/Src/stm32f1xx_hal_rcc.o
 .text.HAL_RCCEx_PeriphCLKConfig
                0x0000000008005d48      0x16c ./Drivers/STM32F1xx_HAL_Driver/Src/stm32f1xx_hal_rcc_ex.o
                0x0000000008005d48                HAL_RCCEx_PeriphCLKConfig
 .text.HAL_TIM_Base_Init
                0x0000000008005eb4       0x9e ./Drivers/STM32F1xx_HAL_Driver/Src/stm32f1xx_hal_tim.o
                0x0000000008005eb4                HAL_TIM_Base_Init
 *fill*         0x0000000008005f52        0x2 
 .text.HAL_TIM_Base_Start_IT
                0x0000000008005f54       0xa4 ./Drivers/STM32F1xx_HAL_Driver/Src/stm32f1xx_hal_tim.o
                0x0000000008005f54                HAL_TIM_Base_Start_IT
 .text.HAL_TIM_PWM_Init
                0x0000000008005ff8       0x9e ./Drivers/STM32F1xx_HAL_Driver/Src/stm32f1xx_hal_tim.o
                0x0000000008005ff8                HAL_TIM_PWM_Init
 .text.HAL_TIM_PWM_MspInit
                0x0000000008006096       0x12 ./Drivers/STM32F1xx_HAL_Driver/Src/stm32f1xx_hal_tim.o
                0x0000000008006096                HAL_TIM_PWM_MspInit
 .text.HAL_TIM_PWM_Start
                0x00000000080060a8      0x144 ./Drivers/STM32F1xx_HAL_Driver/Src/stm32f1xx_hal_tim.o
                0x00000000080060a8                HAL_TIM_PWM_Start
 .text.HAL_TIM_IRQHandler
                0x00000000080061ec      0x210 ./Drivers/STM32F1xx_HAL_Driver/Src/stm32f1xx_hal_tim.o
                0x00000000080061ec                HAL_TIM_IRQHandler
 .text.HAL_TIM_PWM_ConfigChannel
                0x00000000080063fc      0x17c ./Drivers/STM32F1xx_HAL_Driver/Src/stm32f1xx_hal_tim.o
                0x00000000080063fc                HAL_TIM_PWM_ConfigChannel
 .text.HAL_TIM_ConfigClockSource
                0x0000000008006578      0x188 ./Drivers/STM32F1xx_HAL_Driver/Src/stm32f1xx_hal_tim.o
                0x0000000008006578                HAL_TIM_ConfigClockSource
 .text.HAL_TIM_OC_DelayElapsedCallback
                0x0000000008006700       0x12 ./Drivers/STM32F1xx_HAL_Driver/Src/stm32f1xx_hal_tim.o
                0x0000000008006700                HAL_TIM_OC_DelayElapsedCallback
 .text.HAL_TIM_IC_CaptureCallback
                0x0000000008006712       0x12 ./Drivers/STM32F1xx_HAL_Driver/Src/stm32f1xx_hal_tim.o
                0x0000000008006712                HAL_TIM_IC_CaptureCallback
 .text.HAL_TIM_PWM_PulseFinishedCallback
                0x0000000008006724       0x12 ./Drivers/STM32F1xx_HAL_Driver/Src/stm32f1xx_hal_tim.o
                0x0000000008006724                HAL_TIM_PWM_PulseFinishedCallback
 .text.HAL_TIM_TriggerCallback
                0x0000000008006736       0x12 ./Drivers/STM32F1xx_HAL_Driver/Src/stm32f1xx_hal_tim.o
                0x0000000008006736                HAL_TIM_TriggerCallback
 .text.TIM_Base_SetConfig
                0x0000000008006748       0xc4 ./Drivers/STM32F1xx_HAL_Driver/Src/stm32f1xx_hal_tim.o
                0x0000000008006748                TIM_Base_SetConfig
 .text.TIM_OC1_SetConfig
                0x000000000800680c       0xcc ./Drivers/STM32F1xx_HAL_Driver/Src/stm32f1xx_hal_tim.o
 .text.TIM_OC2_SetConfig
                0x00000000080068d8       0xd4 ./Drivers/STM32F1xx_HAL_Driver/Src/stm32f1xx_hal_tim.o
                0x00000000080068d8                TIM_OC2_SetConfig
 .text.TIM_OC3_SetConfig
                0x00000000080069ac       0xd4 ./Drivers/STM32F1xx_HAL_Driver/Src/stm32f1xx_hal_tim.o
 .text.TIM_OC4_SetConfig
                0x0000000008006a80       0x9c ./Drivers/STM32F1xx_HAL_Driver/Src/stm32f1xx_hal_tim.o
 .text.TIM_TI1_ConfigInputStage
                0x0000000008006b1c       0x5c ./Drivers/STM32F1xx_HAL_Driver/Src/stm32f1xx_hal_tim.o
 .text.TIM_TI2_ConfigInputStage
                0x0000000008006b78       0x5e ./Drivers/STM32F1xx_HAL_Driver/Src/stm32f1xx_hal_tim.o
 .text.TIM_ITRx_SetConfig
                0x0000000008006bd6       0x34 ./Drivers/STM32F1xx_HAL_Driver/Src/stm32f1xx_hal_tim.o
 .text.TIM_ETR_SetConfig
                0x0000000008006c0a       0x3e ./Drivers/STM32F1xx_HAL_Driver/Src/stm32f1xx_hal_tim.o
                0x0000000008006c0a                TIM_ETR_SetConfig
 .text.TIM_CCxChannelCmd
                0x0000000008006c48       0x48 ./Drivers/STM32F1xx_HAL_Driver/Src/stm32f1xx_hal_tim.o
                0x0000000008006c48                TIM_CCxChannelCmd
 .text.HAL_TIMEx_MasterConfigSynchronization
                0x0000000008006c90       0xbc ./Drivers/STM32F1xx_HAL_Driver/Src/stm32f1xx_hal_tim_ex.o
                0x0000000008006c90                HAL_TIMEx_MasterConfigSynchronization
 .text.HAL_TIMEx_CommutCallback
                0x0000000008006d4c       0x12 ./Drivers/STM32F1xx_HAL_Driver/Src/stm32f1xx_hal_tim_ex.o
                0x0000000008006d4c                HAL_TIMEx_CommutCallback
 .text.HAL_TIMEx_BreakCallback
                0x0000000008006d5e       0x12 ./Drivers/STM32F1xx_HAL_Driver/Src/stm32f1xx_hal_tim_ex.o
                0x0000000008006d5e                HAL_TIMEx_BreakCallback
 .text.HAL_UART_Init
                0x0000000008006d70       0x9a ./Drivers/STM32F1xx_HAL_Driver/Src/stm32f1xx_hal_uart.o
                0x0000000008006d70                HAL_UART_Init
 .text.HAL_UART_Receive_IT
                0x0000000008006e0a       0x60 ./Drivers/STM32F1xx_HAL_Driver/Src/stm32f1xx_hal_uart.o
                0x0000000008006e0a                HAL_UART_Receive_IT
 *fill*         0x0000000008006e6a        0x2 
 .text.HAL_UART_AbortReceive_IT
                0x0000000008006e6c       0xd4 ./Drivers/STM32F1xx_HAL_Driver/Src/stm32f1xx_hal_uart.o
                0x0000000008006e6c                HAL_UART_AbortReceive_IT
 .text.HAL_UART_IRQHandler
                0x0000000008006f40      0x354 ./Drivers/STM32F1xx_HAL_Driver/Src/stm32f1xx_hal_uart.o
                0x0000000008006f40                HAL_UART_IRQHandler
 .text.HAL_UART_TxCpltCallback
                0x0000000008007294       0x12 ./Drivers/STM32F1xx_HAL_Driver/Src/stm32f1xx_hal_uart.o
                0x0000000008007294                HAL_UART_TxCpltCallback
 .text.HAL_UART_ErrorCallback
                0x00000000080072a6       0x12 ./Drivers/STM32F1xx_HAL_Driver/Src/stm32f1xx_hal_uart.o
                0x00000000080072a6                HAL_UART_ErrorCallback
 .text.HAL_UART_AbortReceiveCpltCallback
                0x00000000080072b8       0x12 ./Drivers/STM32F1xx_HAL_Driver/Src/stm32f1xx_hal_uart.o
                0x00000000080072b8                HAL_UART_AbortReceiveCpltCallback
 .text.HAL_UARTEx_RxEventCallback
                0x00000000080072ca       0x16 ./Drivers/STM32F1xx_HAL_Driver/Src/stm32f1xx_hal_uart.o
                0x00000000080072ca                HAL_UARTEx_RxEventCallback
 .text.UART_Start_Receive_IT
                0x00000000080072e0       0x72 ./Drivers/STM32F1xx_HAL_Driver/Src/stm32f1xx_hal_uart.o
                0x00000000080072e0                UART_Start_Receive_IT
 .text.UART_EndRxTransfer
                0x0000000008007352       0x58 ./Drivers/STM32F1xx_HAL_Driver/Src/stm32f1xx_hal_uart.o
 .text.UART_DMAAbortOnError
                0x00000000080073aa       0x28 ./Drivers/STM32F1xx_HAL_Driver/Src/stm32f1xx_hal_uart.o
 .text.UART_DMARxOnlyAbortCallback
                0x00000000080073d2       0x30 ./Drivers/STM32F1xx_HAL_Driver/Src/stm32f1xx_hal_uart.o
 .text.UART_Transmit_IT
                0x0000000008007402       0x9e ./Drivers/STM32F1xx_HAL_Driver/Src/stm32f1xx_hal_uart.o
 .text.UART_EndTransmit_IT
                0x00000000080074a0       0x30 ./Drivers/STM32F1xx_HAL_Driver/Src/stm32f1xx_hal_uart.o
 .text.UART_Receive_IT
                0x00000000080074d0      0x152 ./Drivers/STM32F1xx_HAL_Driver/Src/stm32f1xx_hal_uart.o
 *fill*         0x0000000008007622        0x2 
 .text.UART_SetConfig
                0x0000000008007624      0x11c ./Drivers/STM32F1xx_HAL_Driver/Src/stm32f1xx_hal_uart.o
 .text.USB_CoreInit
                0x0000000008007740       0x20 ./Drivers/STM32F1xx_HAL_Driver/Src/stm32f1xx_ll_usb.o
                0x0000000008007740                USB_CoreInit
 .text.USB_EnableGlobalInt
                0x0000000008007760       0x2c ./Drivers/STM32F1xx_HAL_Driver/Src/stm32f1xx_ll_usb.o
                0x0000000008007760                USB_EnableGlobalInt
 .text.USB_DisableGlobalInt
                0x000000000800778c       0x34 ./Drivers/STM32F1xx_HAL_Driver/Src/stm32f1xx_ll_usb.o
                0x000000000800778c                USB_DisableGlobalInt
 .text.USB_SetCurrentMode
                0x00000000080077c0       0x18 ./Drivers/STM32F1xx_HAL_Driver/Src/stm32f1xx_ll_usb.o
                0x00000000080077c0                USB_SetCurrentMode
 .text.USB_DevInit
                0x00000000080077d8       0x40 ./Drivers/STM32F1xx_HAL_Driver/Src/stm32f1xx_ll_usb.o
                0x00000000080077d8                USB_DevInit
 .text.USB_ActivateEndpoint
                0x0000000008007818      0x6d4 ./Drivers/STM32F1xx_HAL_Driver/Src/stm32f1xx_ll_usb.o
                0x0000000008007818                USB_ActivateEndpoint
 .text.USB_DeactivateEndpoint
                0x0000000008007eec      0x3d8 ./Drivers/STM32F1xx_HAL_Driver/Src/stm32f1xx_ll_usb.o
                0x0000000008007eec                USB_DeactivateEndpoint
 .text.USB_EPStartXfer
                0x00000000080082c4     0x15ee ./Drivers/STM32F1xx_HAL_Driver/Src/stm32f1xx_ll_usb.o
                0x00000000080082c4                USB_EPStartXfer
 .text.USB_EPSetStall
                0x00000000080098b2       0xa0 ./Drivers/STM32F1xx_HAL_Driver/Src/stm32f1xx_ll_usb.o
                0x00000000080098b2                USB_EPSetStall
 .text.USB_EPClearStall
                0x0000000008009952      0x15a ./Drivers/STM32F1xx_HAL_Driver/Src/stm32f1xx_ll_usb.o
                0x0000000008009952                USB_EPClearStall
 .text.USB_SetDevAddress
                0x0000000008009aac       0x26 ./Drivers/STM32F1xx_HAL_Driver/Src/stm32f1xx_ll_usb.o
                0x0000000008009aac                USB_SetDevAddress
 .text.USB_DevConnect
                0x0000000008009ad2       0x14 ./Drivers/STM32F1xx_HAL_Driver/Src/stm32f1xx_ll_usb.o
                0x0000000008009ad2                USB_DevConnect
 .text.USB_DevDisconnect
                0x0000000008009ae6       0x14 ./Drivers/STM32F1xx_HAL_Driver/Src/stm32f1xx_ll_usb.o
                0x0000000008009ae6                USB_DevDisconnect
 .text.USB_ReadInterrupts
                0x0000000008009afa       0x1e ./Drivers/STM32F1xx_HAL_Driver/Src/stm32f1xx_ll_usb.o
                0x0000000008009afa                USB_ReadInterrupts
 .text.USB_EP0_OutStart
                0x0000000008009b18       0x16 ./Drivers/STM32F1xx_HAL_Driver/Src/stm32f1xx_ll_usb.o
                0x0000000008009b18                USB_EP0_OutStart
 .text.USB_WritePMA
                0x0000000008009b2e       0x8a ./Drivers/STM32F1xx_HAL_Driver/Src/stm32f1xx_ll_usb.o
                0x0000000008009b2e                USB_WritePMA
 .text.USB_ReadPMA
                0x0000000008009bb8       0x9e ./Drivers/STM32F1xx_HAL_Driver/Src/stm32f1xx_ll_usb.o
                0x0000000008009bb8                USB_ReadPMA
 .text.USBD_CDC_Init
                0x0000000008009c56       0xf4 ./Middlewares/ST/STM32_USB_Device_Library/Class/CDC/Src/usbd_cdc.o
 .text.USBD_CDC_DeInit
                0x0000000008009d4a       0x6e ./Middlewares/ST/STM32_USB_Device_Library/Class/CDC/Src/usbd_cdc.o
 .text.USBD_CDC_Setup
                0x0000000008009db8      0x146 ./Middlewares/ST/STM32_USB_Device_Library/Class/CDC/Src/usbd_cdc.o
 .text.USBD_CDC_DataIn
                0x0000000008009efe       0xa6 ./Middlewares/ST/STM32_USB_Device_Library/Class/CDC/Src/usbd_cdc.o
 .text.USBD_CDC_DataOut
                0x0000000008009fa4       0x56 ./Middlewares/ST/STM32_USB_Device_Library/Class/CDC/Src/usbd_cdc.o
 .text.USBD_CDC_EP0_RxReady
                0x0000000008009ffa       0x50 ./Middlewares/ST/STM32_USB_Device_Library/Class/CDC/Src/usbd_cdc.o
 *fill*         0x000000000800a04a        0x2 
 .text.USBD_CDC_GetFSCfgDesc
                0x000000000800a04c       0x20 ./Middlewares/ST/STM32_USB_Device_Library/Class/CDC/Src/usbd_cdc.o
 .text.USBD_CDC_GetHSCfgDesc
                0x000000000800a06c       0x20 ./Middlewares/ST/STM32_USB_Device_Library/Class/CDC/Src/usbd_cdc.o
 .text.USBD_CDC_GetOtherSpeedCfgDesc
                0x000000000800a08c       0x20 ./Middlewares/ST/STM32_USB_Device_Library/Class/CDC/Src/usbd_cdc.o
 .text.USBD_CDC_GetDeviceQualifierDescriptor
                0x000000000800a0ac       0x20 ./Middlewares/ST/STM32_USB_Device_Library/Class/CDC/Src/usbd_cdc.o
                0x000000000800a0ac                USBD_CDC_GetDeviceQualifierDescriptor
 .text.USBD_CDC_RegisterInterface
                0x000000000800a0cc       0x2c ./Middlewares/ST/STM32_USB_Device_Library/Class/CDC/Src/usbd_cdc.o
                0x000000000800a0cc                USBD_CDC_RegisterInterface
 .text.USBD_CDC_SetTxBuffer
                0x000000000800a0f8       0x32 ./Middlewares/ST/STM32_USB_Device_Library/Class/CDC/Src/usbd_cdc.o
                0x000000000800a0f8                USBD_CDC_SetTxBuffer
 .text.USBD_CDC_SetRxBuffer
                0x000000000800a12a       0x26 ./Middlewares/ST/STM32_USB_Device_Library/Class/CDC/Src/usbd_cdc.o
                0x000000000800a12a                USBD_CDC_SetRxBuffer
 .text.USBD_CDC_TransmitPacket
                0x000000000800a150       0x5e ./Middlewares/ST/STM32_USB_Device_Library/Class/CDC/Src/usbd_cdc.o
                0x000000000800a150                USBD_CDC_TransmitPacket
 .text.USBD_CDC_ReceivePacket
                0x000000000800a1ae       0x54 ./Middlewares/ST/STM32_USB_Device_Library/Class/CDC/Src/usbd_cdc.o
                0x000000000800a1ae                USBD_CDC_ReceivePacket
 .text.USBD_Init
                0x000000000800a202       0x56 ./Middlewares/ST/STM32_USB_Device_Library/Core/Src/usbd_core.o
                0x000000000800a202                USBD_Init
 .text.USBD_RegisterClass
                0x000000000800a258       0x32 ./Middlewares/ST/STM32_USB_Device_Library/Core/Src/usbd_core.o
                0x000000000800a258                USBD_RegisterClass
 .text.USBD_Start
                0x000000000800a28a       0x18 ./Middlewares/ST/STM32_USB_Device_Library/Core/Src/usbd_core.o
                0x000000000800a28a                USBD_Start
 .text.USBD_RunTestMode
                0x000000000800a2a2       0x14 ./Middlewares/ST/STM32_USB_Device_Library/Core/Src/usbd_core.o
                0x000000000800a2a2                USBD_RunTestMode
 .text.USBD_SetClassConfig
                0x000000000800a2b6       0x3e ./Middlewares/ST/STM32_USB_Device_Library/Core/Src/usbd_core.o
                0x000000000800a2b6                USBD_SetClassConfig
 .text.USBD_ClrClassConfig
                0x000000000800a2f4       0x26 ./Middlewares/ST/STM32_USB_Device_Library/Core/Src/usbd_core.o
                0x000000000800a2f4                USBD_ClrClassConfig
 .text.USBD_LL_SetupStage
                0x000000000800a31a       0x9a ./Middlewares/ST/STM32_USB_Device_Library/Core/Src/usbd_core.o
                0x000000000800a31a                USBD_LL_SetupStage
 .text.USBD_LL_DataOutStage
                0x000000000800a3b4       0xe2 ./Middlewares/ST/STM32_USB_Device_Library/Core/Src/usbd_core.o
                0x000000000800a3b4                USBD_LL_DataOutStage
 .text.USBD_LL_DataInStage
                0x000000000800a496      0x14a ./Middlewares/ST/STM32_USB_Device_Library/Core/Src/usbd_core.o
                0x000000000800a496                USBD_LL_DataInStage
 .text.USBD_LL_Reset
                0x000000000800a5e0       0x82 ./Middlewares/ST/STM32_USB_Device_Library/Core/Src/usbd_core.o
                0x000000000800a5e0                USBD_LL_Reset
 .text.USBD_LL_SetSpeed
                0x000000000800a662       0x1e ./Middlewares/ST/STM32_USB_Device_Library/Core/Src/usbd_core.o
                0x000000000800a662                USBD_LL_SetSpeed
 .text.USBD_LL_Suspend
                0x000000000800a680       0x28 ./Middlewares/ST/STM32_USB_Device_Library/Core/Src/usbd_core.o
                0x000000000800a680                USBD_LL_Suspend
 .text.USBD_LL_Resume
                0x000000000800a6a8       0x2a ./Middlewares/ST/STM32_USB_Device_Library/Core/Src/usbd_core.o
                0x000000000800a6a8                USBD_LL_Resume
 .text.USBD_LL_SOF
                0x000000000800a6d2       0x34 ./Middlewares/ST/STM32_USB_Device_Library/Core/Src/usbd_core.o
                0x000000000800a6d2                USBD_LL_SOF
 *fill*         0x000000000800a706        0x2 
 .text.USBD_StdDevReq
                0x000000000800a708       0xd4 ./Middlewares/ST/STM32_USB_Device_Library/Core/Src/usbd_ctlreq.o
                0x000000000800a708                USBD_StdDevReq
 .text.USBD_StdItfReq
                0x000000000800a7dc       0x90 ./Middlewares/ST/STM32_USB_Device_Library/Core/Src/usbd_ctlreq.o
                0x000000000800a7dc                USBD_StdItfReq
 .text.USBD_StdEPReq
                0x000000000800a86c      0x2c6 ./Middlewares/ST/STM32_USB_Device_Library/Core/Src/usbd_ctlreq.o
                0x000000000800a86c                USBD_StdEPReq
 *fill*         0x000000000800ab32        0x2 
 .text.USBD_GetDescriptor
                0x000000000800ab34      0x2d0 ./Middlewares/ST/STM32_USB_Device_Library/Core/Src/usbd_ctlreq.o
 .text.USBD_SetAddress
                0x000000000800ae04       0x86 ./Middlewares/ST/STM32_USB_Device_Library/Core/Src/usbd_ctlreq.o
 *fill*         0x000000000800ae8a        0x2 
 .text.USBD_SetConfig
                0x000000000800ae8c      0x11c ./Middlewares/ST/STM32_USB_Device_Library/Core/Src/usbd_ctlreq.o
 .text.USBD_GetConfig
                0x000000000800afa8       0x6a ./Middlewares/ST/STM32_USB_Device_Library/Core/Src/usbd_ctlreq.o
 .text.USBD_GetStatus
                0x000000000800b012       0x66 ./Middlewares/ST/STM32_USB_Device_Library/Core/Src/usbd_ctlreq.o
 .text.USBD_SetFeature
                0x000000000800b078       0x28 ./Middlewares/ST/STM32_USB_Device_Library/Core/Src/usbd_ctlreq.o
 .text.USBD_ClrFeature
                0x000000000800b0a0       0x42 ./Middlewares/ST/STM32_USB_Device_Library/Core/Src/usbd_ctlreq.o
 .text.USBD_ParseSetupRequest
                0x000000000800b0e2       0x78 ./Middlewares/ST/STM32_USB_Device_Library/Core/Src/usbd_ctlreq.o
                0x000000000800b0e2                USBD_ParseSetupRequest
 .text.USBD_CtlError
                0x000000000800b15a       0x22 ./Middlewares/ST/STM32_USB_Device_Library/Core/Src/usbd_ctlreq.o
                0x000000000800b15a                USBD_CtlError
 .text.USBD_GetString
                0x000000000800b17c       0x84 ./Middlewares/ST/STM32_USB_Device_Library/Core/Src/usbd_ctlreq.o
                0x000000000800b17c                USBD_GetString
 .text.USBD_GetLen
                0x000000000800b200       0x2e ./Middlewares/ST/STM32_USB_Device_Library/Core/Src/usbd_ctlreq.o
 .text.USBD_CtlSendData
                0x000000000800b22e       0x38 ./Middlewares/ST/STM32_USB_Device_Library/Core/Src/usbd_ioreq.o
                0x000000000800b22e                USBD_CtlSendData
 .text.USBD_CtlContinueSendData
                0x000000000800b266       0x24 ./Middlewares/ST/STM32_USB_Device_Library/Core/Src/usbd_ioreq.o
                0x000000000800b266                USBD_CtlContinueSendData
 .text.USBD_CtlPrepareRx
                0x000000000800b28a       0x3c ./Middlewares/ST/STM32_USB_Device_Library/Core/Src/usbd_ioreq.o
                0x000000000800b28a                USBD_CtlPrepareRx
 .text.USBD_CtlContinueRx
                0x000000000800b2c6       0x24 ./Middlewares/ST/STM32_USB_Device_Library/Core/Src/usbd_ioreq.o
                0x000000000800b2c6                USBD_CtlContinueRx
 .text.USBD_CtlSendStatus
                0x000000000800b2ea       0x26 ./Middlewares/ST/STM32_USB_Device_Library/Core/Src/usbd_ioreq.o
                0x000000000800b2ea                USBD_CtlSendStatus
 .text.USBD_CtlReceiveStatus
                0x000000000800b310       0x26 ./Middlewares/ST/STM32_USB_Device_Library/Core/Src/usbd_ioreq.o
                0x000000000800b310                USBD_CtlReceiveStatus
 *fill*         0x000000000800b336        0x2 
 .text.MX_USB_DEVICE_Init
                0x000000000800b338       0x60 ./USB_DEVICE/App/usb_device.o
                0x000000000800b338                MX_USB_DEVICE_Init
 .text.CDC_Init_FS
                0x000000000800b398       0x28 ./USB_DEVICE/App/usbd_cdc_if.o
 .text.CDC_DeInit_FS
                0x000000000800b3c0        0xe ./USB_DEVICE/App/usbd_cdc_if.o
 *fill*         0x000000000800b3ce        0x2 
 .text.CDC_Control_FS
                0x000000000800b3d0       0xbc ./USB_DEVICE/App/usbd_cdc_if.o
 .text.CDC_Receive_FS
                0x000000000800b48c       0x40 ./USB_DEVICE/App/usbd_cdc_if.o
 .text.CDC_Transmit_FS
                0x000000000800b4cc       0x4c ./USB_DEVICE/App/usbd_cdc_if.o
                0x000000000800b4cc                CDC_Transmit_FS
 .text.CDC_AttachOnUSBData
                0x000000000800b518       0x1c ./USB_DEVICE/App/usbd_cdc_if.o
                0x000000000800b518                CDC_AttachOnUSBData
 .text.USBD_FS_DeviceDescriptor
                0x000000000800b534       0x24 ./USB_DEVICE/App/usbd_desc.o
                0x000000000800b534                USBD_FS_DeviceDescriptor
 .text.USBD_FS_LangIDStrDescriptor
                0x000000000800b558       0x24 ./USB_DEVICE/App/usbd_desc.o
                0x000000000800b558                USBD_FS_LangIDStrDescriptor
 .text.USBD_FS_ProductStrDescriptor
                0x000000000800b57c       0x3c ./USB_DEVICE/App/usbd_desc.o
                0x000000000800b57c                USBD_FS_ProductStrDescriptor
 .text.USBD_FS_ManufacturerStrDescriptor
                0x000000000800b5b8       0x28 ./USB_DEVICE/App/usbd_desc.o
                0x000000000800b5b8                USBD_FS_ManufacturerStrDescriptor
 .text.USBD_FS_SerialStrDescriptor
                0x000000000800b5e0       0x24 ./USB_DEVICE/App/usbd_desc.o
                0x000000000800b5e0                USBD_FS_SerialStrDescriptor
 .text.USBD_FS_ConfigStrDescriptor
                0x000000000800b604       0x3c ./USB_DEVICE/App/usbd_desc.o
                0x000000000800b604                USBD_FS_ConfigStrDescriptor
 .text.USBD_FS_InterfaceStrDescriptor
                0x000000000800b640       0x3c ./USB_DEVICE/App/usbd_desc.o
                0x000000000800b640                USBD_FS_InterfaceStrDescriptor
 .text.Get_SerialNum
                0x000000000800b67c       0x58 ./USB_DEVICE/App/usbd_desc.o
 .text.IntToUnicode
                0x000000000800b6d4       0x7c ./USB_DEVICE/App/usbd_desc.o
 .text.HAL_PCD_MspInit
                0x000000000800b750       0x4c ./USB_DEVICE/Target/usbd_conf.o
                0x000000000800b750                HAL_PCD_MspInit
 .text.HAL_PCD_SetupStageCallback
                0x000000000800b79c       0x24 ./USB_DEVICE/Target/usbd_conf.o
                0x000000000800b79c                HAL_PCD_SetupStageCallback
 .text.HAL_PCD_DataOutStageCallback
                0x000000000800b7c0       0x36 ./USB_DEVICE/Target/usbd_conf.o
                0x000000000800b7c0                HAL_PCD_DataOutStageCallback
 .text.HAL_PCD_DataInStageCallback
                0x000000000800b7f6       0x34 ./USB_DEVICE/Target/usbd_conf.o
                0x000000000800b7f6                HAL_PCD_DataInStageCallback
 .text.HAL_PCD_SOFCallback
                0x000000000800b82a       0x1c ./USB_DEVICE/Target/usbd_conf.o
                0x000000000800b82a                HAL_PCD_SOFCallback
 .text.HAL_PCD_ResetCallback
                0x000000000800b846       0x3c ./USB_DEVICE/Target/usbd_conf.o
                0x000000000800b846                HAL_PCD_ResetCallback
 *fill*         0x000000000800b882        0x2 
 .text.HAL_PCD_SuspendCallback
                0x000000000800b884       0x34 ./USB_DEVICE/Target/usbd_conf.o
                0x000000000800b884                HAL_PCD_SuspendCallback
 .text.HAL_PCD_ResumeCallback
                0x000000000800b8b8       0x1c ./USB_DEVICE/Target/usbd_conf.o
                0x000000000800b8b8                HAL_PCD_ResumeCallback
 .text.USBD_LL_Init
                0x000000000800b8d4       0xb4 ./USB_DEVICE/Target/usbd_conf.o
                0x000000000800b8d4                USBD_LL_Init
 .text.USBD_LL_Start
                0x000000000800b988       0x36 ./USB_DEVICE/Target/usbd_conf.o
                0x000000000800b988                USBD_LL_Start
 .text.USBD_LL_OpenEP
                0x000000000800b9be       0x4c ./USB_DEVICE/Target/usbd_conf.o
                0x000000000800b9be                USBD_LL_OpenEP
 .text.USBD_LL_CloseEP
                0x000000000800ba0a       0x3e ./USB_DEVICE/Target/usbd_conf.o
                0x000000000800ba0a                USBD_LL_CloseEP
 .text.USBD_LL_StallEP
                0x000000000800ba48       0x3e ./USB_DEVICE/Target/usbd_conf.o
                0x000000000800ba48                USBD_LL_StallEP
 .text.USBD_LL_ClearStallEP
                0x000000000800ba86       0x3e ./USB_DEVICE/Target/usbd_conf.o
                0x000000000800ba86                USBD_LL_ClearStallEP
 .text.USBD_LL_IsStallEP
                0x000000000800bac4       0x58 ./USB_DEVICE/Target/usbd_conf.o
                0x000000000800bac4                USBD_LL_IsStallEP
 .text.USBD_LL_SetUSBAddress
                0x000000000800bb1c       0x3e ./USB_DEVICE/Target/usbd_conf.o
                0x000000000800bb1c                USBD_LL_SetUSBAddress
 .text.USBD_LL_Transmit
                0x000000000800bb5a       0x46 ./USB_DEVICE/Target/usbd_conf.o
                0x000000000800bb5a                USBD_LL_Transmit
 .text.USBD_LL_PrepareReceive
                0x000000000800bba0       0x46 ./USB_DEVICE/Target/usbd_conf.o
                0x000000000800bba0                USBD_LL_PrepareReceive
 .text.USBD_LL_GetRxDataSize
                0x000000000800bbe6       0x26 ./USB_DEVICE/Target/usbd_conf.o
                0x000000000800bbe6                USBD_LL_GetRxDataSize
 .text.USBD_static_malloc
                0x000000000800bc0c       0x18 ./USB_DEVICE/Target/usbd_conf.o
                0x000000000800bc0c                USBD_static_malloc
 .text.USBD_static_free
                0x000000000800bc24       0x12 ./USB_DEVICE/Target/usbd_conf.o
                0x000000000800bc24                USBD_static_free
 .text.HAL_PCDEx_SetConnectionState
                0x000000000800bc36       0x16 ./USB_DEVICE/Target/usbd_conf.o
                0x000000000800bc36                HAL_PCDEx_SetConnectionState
 .text.USBD_Get_USB_Status
                0x000000000800bc4c       0x58 ./USB_DEVICE/Target/usbd_conf.o
 .text.__libc_init_array
                0x000000000800bca4       0x48 e:/tm32cubeide_1.3.0/stm32cubeide_1.3.0/stm32cubeide/plugins/com.st.stm32cube.ide.mcu.externaltools.gnu-tools-for-stm32.9-2020-q2-update.win32_2.0.0.202105311346/tools/bin/../lib/gcc/arm-none-eabi/9.3.1/../../../../arm-none-eabi/lib/thumb/v7-m/nofp\libc_nano.a(lib_a-init.o)
                0x000000000800bca4                __libc_init_array
 .text.memset   0x000000000800bcec       0x10 e:/tm32cubeide_1.3.0/stm32cubeide_1.3.0/stm32cubeide/plugins/com.st.stm32cube.ide.mcu.externaltools.gnu-tools-for-stm32.9-2020-q2-update.win32_2.0.0.202105311346/tools/bin/../lib/gcc/arm-none-eabi/9.3.1/../../../../arm-none-eabi/lib/thumb/v7-m/nofp\libc_nano.a(lib_a-memset.o)
                0x000000000800bcec                memset
 *(.glue_7)
 .glue_7        0x000000000800bcfc        0x0 linker stubs
 *(.glue_7t)
 .glue_7t       0x000000000800bcfc        0x0 linker stubs
 *(.eh_frame)
 .eh_frame      0x000000000800bcfc        0x0 e:/tm32cubeide_1.3.0/stm32cubeide_1.3.0/stm32cubeide/plugins/com.st.stm32cube.ide.mcu.externaltools.gnu-tools-for-stm32.9-2020-q2-update.win32_2.0.0.202105311346/tools/bin/../lib/gcc/arm-none-eabi/9.3.1/thumb/v7-m/nofp/crtbegin.o
 *(.init)
 .init          0x000000000800bcfc        0x4 e:/tm32cubeide_1.3.0/stm32cubeide_1.3.0/stm32cubeide/plugins/com.st.stm32cube.ide.mcu.externaltools.gnu-tools-for-stm32.9-2020-q2-update.win32_2.0.0.202105311346/tools/bin/../lib/gcc/arm-none-eabi/9.3.1/thumb/v7-m/nofp/crti.o
                0x000000000800bcfc                _init
 .init          0x000000000800bd00        0x8 e:/tm32cubeide_1.3.0/stm32cubeide_1.3.0/stm32cubeide/plugins/com.st.stm32cube.ide.mcu.externaltools.gnu-tools-for-stm32.9-2020-q2-update.win32_2.0.0.202105311346/tools/bin/../lib/gcc/arm-none-eabi/9.3.1/thumb/v7-m/nofp/crtn.o
 *(.fini)
 .fini          0x000000000800bd08        0x4 e:/tm32cubeide_1.3.0/stm32cubeide_1.3.0/stm32cubeide/plugins/com.st.stm32cube.ide.mcu.externaltools.gnu-tools-for-stm32.9-2020-q2-update.win32_2.0.0.202105311346/tools/bin/../lib/gcc/arm-none-eabi/9.3.1/thumb/v7-m/nofp/crti.o
                0x000000000800bd08                _fini
 .fini          0x000000000800bd0c        0x8 e:/tm32cubeide_1.3.0/stm32cubeide_1.3.0/stm32cubeide/plugins/com.st.stm32cube.ide.mcu.externaltools.gnu-tools-for-stm32.9-2020-q2-update.win32_2.0.0.202105311346/tools/bin/../lib/gcc/arm-none-eabi/9.3.1/thumb/v7-m/nofp/crtn.o
                0x000000000800bd14                . = ALIGN (0x4)
                0x000000000800bd14                _etext = .

.vfp11_veneer   0x000000000800bd14        0x0
 .vfp11_veneer  0x000000000800bd14        0x0 linker stubs

.v4_bx          0x000000000800bd14        0x0
 .v4_bx         0x000000000800bd14        0x0 linker stubs

.iplt           0x000000000800bd14        0x0
 .iplt          0x000000000800bd14        0x0 e:/tm32cubeide_1.3.0/stm32cubeide_1.3.0/stm32cubeide/plugins/com.st.stm32cube.ide.mcu.externaltools.gnu-tools-for-stm32.9-2020-q2-update.win32_2.0.0.202105311346/tools/bin/../lib/gcc/arm-none-eabi/9.3.1/thumb/v7-m/nofp/crtbegin.o

.rodata         0x000000000800bd14      0x1f0
                0x000000000800bd14                . = ALIGN (0x4)
 *(.rodata)
 .rodata        0x000000000800bd14        0x6 ./Core/Src/main.o
 *fill*         0x000000000800bd1a        0x2 
 .rodata        0x000000000800bd1c       0x10 ./Drivers/STM32F1xx_HAL_Driver/Src/stm32f1xx_hal_rcc.o
 .rodata        0x000000000800bd2c       0x46 ./USB_DEVICE/App/usbd_desc.o
 *(.rodata*)
 *fill*         0x000000000800bd72        0x2 
 .rodata.AT     0x000000000800bd74        0x5 ./Core/Src/main.o
                0x000000000800bd74                AT
 *fill*         0x000000000800bd79        0x3 
 .rodata.CWJAP_
                0x000000000800bd7c       0x25 ./Core/Src/main.o
                0x000000000800bd7c                CWJAP_
 *fill*         0x000000000800bda1        0x3 
 .rodata.CIPMUX
                0x000000000800bda4        0xe ./Core/Src/main.o
                0x000000000800bda4                CIPMUX
 *fill*         0x000000000800bdb2        0x2 
 .rodata.CIPSTART
                0x000000000800bdb4       0x30 ./Core/Src/main.o
                0x000000000800bdb4                CIPSTART
 .rodata.CIPSEND
                0x000000000800bde4        0xc ./Core/Src/main.o
                0x000000000800bde4                CIPSEND
 .rodata.CWMODE
                0x000000000800bdf0        0xe ./Core/Src/main.o
                0x000000000800bdf0                CWMODE
 *fill*         0x000000000800bdfe        0x2 
 .rodata.ANS_CWMODE
                0x000000000800be00       0x14 ./Core/Src/main.o
                0x000000000800be00                ANS_CWMODE
 .rodata.ANS_CWJAP_
                0x000000000800be14       0x59 ./Core/Src/main.o
                0x000000000800be14                ANS_CWJAP_
 *fill*         0x000000000800be6d        0x3 
 .rodata.ANS_CIPMUX
                0x000000000800be70       0x14 ./Core/Src/main.o
                0x000000000800be70                ANS_CIPMUX
 .rodata.ANS_CIPSTART
                0x000000000800be84       0x3f ./Core/Src/main.o
                0x000000000800be84                ANS_CIPSTART
 *fill*         0x000000000800bec3        0x1 
 .rodata.ANS_AT
                0x000000000800bec4        0xb ./Core/Src/main.o
                0x000000000800bec4                ANS_AT
 *fill*         0x000000000800becf        0x1 
 .rodata.WIFI_DISCONNECT
                0x000000000800bed0       0x12 ./Core/Src/main.o
                0x000000000800bed0                WIFI_DISCONNECT
 *fill*         0x000000000800bee2        0x2 
 .rodata.IPD    0x000000000800bee4        0x8 ./Core/Src/main.o
                0x000000000800bee4                IPD
 .rodata.AHBPrescTable
                0x000000000800beec       0x10 ./Core/Src/system_stm32f1xx.o
                0x000000000800beec                AHBPrescTable
 .rodata.APBPrescTable
                0x000000000800befc        0x8 ./Core/Src/system_stm32f1xx.o
                0x000000000800befc                APBPrescTable
                0x000000000800bf04                . = ALIGN (0x4)

.rel.dyn        0x000000000800bf04        0x0
 .rel.iplt      0x000000000800bf04        0x0 e:/tm32cubeide_1.3.0/stm32cubeide_1.3.0/stm32cubeide/plugins/com.st.stm32cube.ide.mcu.externaltools.gnu-tools-for-stm32.9-2020-q2-update.win32_2.0.0.202105311346/tools/bin/../lib/gcc/arm-none-eabi/9.3.1/thumb/v7-m/nofp/crtbegin.o

.ARM.extab      0x000000000800bf04        0x0
                0x000000000800bf04                . = ALIGN (0x4)
 *(.ARM.extab* .gnu.linkonce.armextab.*)
                0x000000000800bf04                . = ALIGN (0x4)

.ARM            0x000000000800bf04        0x0
                0x000000000800bf04                . = ALIGN (0x4)
                0x000000000800bf04                __exidx_start = .
 *(.ARM.exidx*)
                0x000000000800bf04                __exidx_end = .
                0x000000000800bf04                . = ALIGN (0x4)

.preinit_array  0x000000000800bf04        0x0
                0x000000000800bf04                . = ALIGN (0x4)
                0x000000000800bf04                PROVIDE (__preinit_array_start = .)
 *(.preinit_array*)
                0x000000000800bf04                PROVIDE (__preinit_array_end = .)
                0x000000000800bf04                . = ALIGN (0x4)

.init_array     0x000000000800bf04        0x4
                0x000000000800bf04                . = ALIGN (0x4)
                0x000000000800bf04                PROVIDE (__init_array_start = .)
 *(SORT_BY_NAME(.init_array.*))
 *(.init_array*)
 .init_array    0x000000000800bf04        0x4 e:/tm32cubeide_1.3.0/stm32cubeide_1.3.0/stm32cubeide/plugins/com.st.stm32cube.ide.mcu.externaltools.gnu-tools-for-stm32.9-2020-q2-update.win32_2.0.0.202105311346/tools/bin/../lib/gcc/arm-none-eabi/9.3.1/thumb/v7-m/nofp/crtbegin.o
                0x000000000800bf08                PROVIDE (__init_array_end = .)
                0x000000000800bf08                . = ALIGN (0x4)

.fini_array     0x000000000800bf08        0x4
                0x000000000800bf08                . = ALIGN (0x4)
                [!provide]                        PROVIDE (__fini_array_start = .)
 *(SORT_BY_NAME(.fini_array.*))
 *(.fini_array*)
 .fini_array    0x000000000800bf08        0x4 e:/tm32cubeide_1.3.0/stm32cubeide_1.3.0/stm32cubeide/plugins/com.st.stm32cube.ide.mcu.externaltools.gnu-tools-for-stm32.9-2020-q2-update.win32_2.0.0.202105311346/tools/bin/../lib/gcc/arm-none-eabi/9.3.1/thumb/v7-m/nofp/crtbegin.o
                [!provide]                        PROVIDE (__fini_array_end = .)
                0x000000000800bf0c                . = ALIGN (0x4)
                0x000000000800bf0c                _sidata = LOADADDR (.data)

.data           0x0000000020000000      0x17c load address 0x000000000800bf0c
                0x0000000020000000                . = ALIGN (0x4)
                0x0000000020000000                _sdata = .
 *(.data)
 *(.data*)
 .data.SystemCoreClock
                0x0000000020000000        0x4 ./Core/Src/system_stm32f1xx.o
                0x0000000020000000                SystemCoreClock
 .data.uwTickPrio
                0x0000000020000004        0x4 ./Drivers/STM32F1xx_HAL_Driver/Src/stm32f1xx_hal.o
                0x0000000020000004                uwTickPrio
 .data.uwTickFreq
                0x0000000020000008        0x1 ./Drivers/STM32F1xx_HAL_Driver/Src/stm32f1xx_hal.o
                0x0000000020000008                uwTickFreq
 *fill*         0x0000000020000009        0x3 
 .data.USBD_CDC_DeviceQualifierDesc
                0x000000002000000c        0xa ./Middlewares/ST/STM32_USB_Device_Library/Class/CDC/Src/usbd_cdc.o
 *fill*         0x0000000020000016        0x2 
 .data.USBD_CDC
                0x0000000020000018       0x38 ./Middlewares/ST/STM32_USB_Device_Library/Class/CDC/Src/usbd_cdc.o
                0x0000000020000018                USBD_CDC
 .data.USBD_CDC_CfgHSDesc
                0x0000000020000050       0x43 ./Middlewares/ST/STM32_USB_Device_Library/Class/CDC/Src/usbd_cdc.o
                0x0000000020000050                USBD_CDC_CfgHSDesc
 *fill*         0x0000000020000093        0x1 
 .data.USBD_CDC_CfgFSDesc
                0x0000000020000094       0x43 ./Middlewares/ST/STM32_USB_Device_Library/Class/CDC/Src/usbd_cdc.o
                0x0000000020000094                USBD_CDC_CfgFSDesc
 *fill*         0x00000000200000d7        0x1 
 .data.USBD_CDC_OtherSpeedCfgDesc
                0x00000000200000d8       0x43 ./Middlewares/ST/STM32_USB_Device_Library/Class/CDC/Src/usbd_cdc.o
                0x00000000200000d8                USBD_CDC_OtherSpeedCfgDesc
 *fill*         0x000000002000011b        0x1 
 .data.USBD_Interface_fops_FS
                0x000000002000011c       0x10 ./USB_DEVICE/App/usbd_cdc_if.o
                0x000000002000011c                USBD_Interface_fops_FS
 .data.FS_Desc  0x000000002000012c       0x1c ./USB_DEVICE/App/usbd_desc.o
                0x000000002000012c                FS_Desc
 .data.USBD_FS_DeviceDesc
                0x0000000020000148       0x12 ./USB_DEVICE/App/usbd_desc.o
                0x0000000020000148                USBD_FS_DeviceDesc
 *fill*         0x000000002000015a        0x2 
 .data.USBD_LangIDDesc
                0x000000002000015c        0x4 ./USB_DEVICE/App/usbd_desc.o
                0x000000002000015c                USBD_LangIDDesc
 .data.USBD_StringSerial
                0x0000000020000160       0x1a ./USB_DEVICE/App/usbd_desc.o
                0x0000000020000160                USBD_StringSerial
 *(.RamFunc)
 *(.RamFunc*)
                0x000000002000017c                . = ALIGN (0x4)
 *fill*         0x000000002000017a        0x2 
                0x000000002000017c                _edata = .

.igot.plt       0x000000002000017c        0x0 load address 0x000000000800c088
 .igot.plt      0x000000002000017c        0x0 e:/tm32cubeide_1.3.0/stm32cubeide_1.3.0/stm32cubeide/plugins/com.st.stm32cube.ide.mcu.externaltools.gnu-tools-for-stm32.9-2020-q2-update.win32_2.0.0.202105311346/tools/bin/../lib/gcc/arm-none-eabi/9.3.1/thumb/v7-m/nofp/crtbegin.o
                0x000000002000017c                . = ALIGN (0x4)

.bss            0x000000002000017c     0x16ac load address 0x000000000800c088
                0x000000002000017c                _sbss = .
                0x000000002000017c                __bss_start__ = _sbss
 *(.bss)
 .bss           0x000000002000017c       0x1c e:/tm32cubeide_1.3.0/stm32cubeide_1.3.0/stm32cubeide/plugins/com.st.stm32cube.ide.mcu.externaltools.gnu-tools-for-stm32.9-2020-q2-update.win32_2.0.0.202105311346/tools/bin/../lib/gcc/arm-none-eabi/9.3.1/thumb/v7-m/nofp/crtbegin.o
 *(.bss*)
 .bss.FirtScan  0x0000000020000198        0x1 ./Core/Src/main.o
 *fill*         0x0000000020000199        0x3 
 .bss.rxUSART1Buff
                0x000000002000019c      0x100 ./Core/Src/main.o
                0x000000002000019c                rxUSART1Buff
 .bss.cfgidx.8771
                0x000000002000029c        0x1 ./Middlewares/ST/STM32_USB_Device_Library/Core/Src/usbd_ctlreq.o
 *fill*         0x000000002000029d        0x3 
 .bss.myOnUSBData
                0x00000000200002a0        0x4 ./USB_DEVICE/App/usbd_cdc_if.o
 .bss.mem.8841  0x00000000200002a4      0x220 ./USB_DEVICE/Target/usbd_conf.o
 *(COMMON)
 COMMON         0x00000000200004c4      0x7b0 ./Core/Src/main.o
                0x00000000200004c4                On5ms
                0x00000000200004c6                Count3000ms
                0x00000000200004c8                x2_x3
                0x00000000200004cc                htim4
                0x0000000020000514                Ki
                0x0000000020000516                x2_x1cuad
                0x0000000020000518                RXUSART1
                0x000000002000052c                DecodeTimeOut
                0x0000000020000530                hi2c2
                0x0000000020000584                DecodeCIPSEND
                0x0000000020000586                On100ms
                0x0000000020000588                Derivativo
                0x000000002000058c                w
                0x00000000200005ac                x2_x1
                0x00000000200005b0                rxUSBBuff
                0x00000000200006b0                M2Power
                0x00000000200006d0                denominador
                0x00000000200006d4                Count500ms
                0x00000000200006d8                TXUSB
                0x00000000200006e4                posMINDerecha
                0x00000000200006e8                htim3
                0x0000000020000730                flag2
                0x0000000020000731                iAdc
                0x0000000020000732                posMINCenter
                0x0000000020000734                hadc1
                0x0000000020000764                Estado
                0x0000000020000768                CantBytes
                0x000000002000076c                txUSBBuff
                0x000000002000086c                huart1
                0x00000000200008b0                flag1
                0x00000000200008b1                Indice
                0x00000000200008b2                x2_x3cuad
                0x00000000200008b4                lastError
                0x00000000200008b8                Data
                0x00000000200008ba                On200ms
                0x00000000200008bc                hdma_adc1
                0x0000000020000900                bufADC
                0x0000000020000b00                IndiceIPD
                0x0000000020000b02                Count200ms
                0x0000000020000b04                Kd
                0x0000000020000b08                PWM
                0x0000000020000b0c                error
                0x0000000020000b10                Count100ms
                0x0000000020000b14                txUSART1Buff
                0x0000000020000c14                fx2_fx1
                0x0000000020000c18                sensorValue
                0x0000000020000c1c                Integral
                0x0000000020000c20                On500ms
                0x0000000020000c22                IndiceDisconnect
                0x0000000020000c23                Kp
                0x0000000020000c24                Proporcional
                0x0000000020000c28                On3000ms
                0x0000000020000c2c                RXUSB
                0x0000000020000c40                TXUSART1
                0x0000000020000c4c                M1Power
                0x0000000020000c6c                posMINIzquierda
                0x0000000020000c70                fx2_fx3
 COMMON         0x0000000020000c74        0x4 ./Drivers/STM32F1xx_HAL_Driver/Src/stm32f1xx_hal.o
                0x0000000020000c74                uwTick
 COMMON         0x0000000020000c78      0x2c4 ./USB_DEVICE/App/usb_device.o
                0x0000000020000c78                hUsbDeviceFS
 COMMON         0x0000000020000f3c      0x400 ./USB_DEVICE/App/usbd_cdc_if.o
                0x0000000020000f3c                UserRxBufferFS
                0x000000002000113c                UserTxBufferFS
 COMMON         0x000000002000133c      0x200 ./USB_DEVICE/App/usbd_desc.o
                0x000000002000133c                USBD_StrDesc
 COMMON         0x000000002000153c      0x2ec ./USB_DEVICE/Target/usbd_conf.o
                0x000000002000153c                hpcd_USB_FS
                0x0000000020001828                . = ALIGN (0x4)
                0x0000000020001828                _ebss = .
                0x0000000020001828                __bss_end__ = _ebss

._user_heap_stack
                0x0000000020001828      0x600 load address 0x000000000800c088
                0x0000000020001828                . = ALIGN (0x8)
                [!provide]                        PROVIDE (end = .)
                0x0000000020001828                PROVIDE (_end = .)
                0x0000000020001a28                . = (. + _Min_Heap_Size)
 *fill*         0x0000000020001828      0x200 
                0x0000000020001e28                . = (. + _Min_Stack_Size)
 *fill*         0x0000000020001a28      0x400 
                0x0000000020001e28                . = ALIGN (0x8)

/DISCARD/
 libc.a(*)
 libm.a(*)
 libgcc.a(*)

.ARM.attributes
                0x0000000000000000       0x29
 *(.ARM.attributes)
 .ARM.attributes
                0x0000000000000000       0x1d e:/tm32cubeide_1.3.0/stm32cubeide_1.3.0/stm32cubeide/plugins/com.st.stm32cube.ide.mcu.externaltools.gnu-tools-for-stm32.9-2020-q2-update.win32_2.0.0.202105311346/tools/bin/../lib/gcc/arm-none-eabi/9.3.1/thumb/v7-m/nofp/crti.o
 .ARM.attributes
                0x000000000000001d       0x2d e:/tm32cubeide_1.3.0/stm32cubeide_1.3.0/stm32cubeide/plugins/com.st.stm32cube.ide.mcu.externaltools.gnu-tools-for-stm32.9-2020-q2-update.win32_2.0.0.202105311346/tools/bin/../lib/gcc/arm-none-eabi/9.3.1/thumb/v7-m/nofp/crtbegin.o
 .ARM.attributes
                0x000000000000004a       0x2d ./Core/Src/main.o
 .ARM.attributes
                0x0000000000000077       0x2d ./Core/Src/stm32f1xx_hal_msp.o
 .ARM.attributes
                0x00000000000000a4       0x2d ./Core/Src/stm32f1xx_it.o
 .ARM.attributes
                0x00000000000000d1       0x2d ./Core/Src/system_stm32f1xx.o
 .ARM.attributes
                0x00000000000000fe       0x21 ./Core/Startup/startup_stm32f103c8tx.o
 .ARM.attributes
                0x000000000000011f       0x2d ./Drivers/STM32F1xx_HAL_Driver/Src/stm32f1xx_hal.o
 .ARM.attributes
                0x000000000000014c       0x2d ./Drivers/STM32F1xx_HAL_Driver/Src/stm32f1xx_hal_adc.o
 .ARM.attributes
                0x0000000000000179       0x2d ./Drivers/STM32F1xx_HAL_Driver/Src/stm32f1xx_hal_cortex.o
 .ARM.attributes
                0x00000000000001a6       0x2d ./Drivers/STM32F1xx_HAL_Driver/Src/stm32f1xx_hal_dma.o
 .ARM.attributes
                0x00000000000001d3       0x2d ./Drivers/STM32F1xx_HAL_Driver/Src/stm32f1xx_hal_gpio.o
 .ARM.attributes
                0x0000000000000200       0x2d ./Drivers/STM32F1xx_HAL_Driver/Src/stm32f1xx_hal_i2c.o
 .ARM.attributes
                0x000000000000022d       0x2d ./Drivers/STM32F1xx_HAL_Driver/Src/stm32f1xx_hal_pcd.o
 .ARM.attributes
                0x000000000000025a       0x2d ./Drivers/STM32F1xx_HAL_Driver/Src/stm32f1xx_hal_pcd_ex.o
 .ARM.attributes
                0x0000000000000287       0x2d ./Drivers/STM32F1xx_HAL_Driver/Src/stm32f1xx_hal_rcc.o
 .ARM.attributes
                0x00000000000002b4       0x2d ./Drivers/STM32F1xx_HAL_Driver/Src/stm32f1xx_hal_rcc_ex.o
 .ARM.attributes
                0x00000000000002e1       0x2d ./Drivers/STM32F1xx_HAL_Driver/Src/stm32f1xx_hal_tim.o
 .ARM.attributes
                0x000000000000030e       0x2d ./Drivers/STM32F1xx_HAL_Driver/Src/stm32f1xx_hal_tim_ex.o
 .ARM.attributes
                0x000000000000033b       0x2d ./Drivers/STM32F1xx_HAL_Driver/Src/stm32f1xx_hal_uart.o
 .ARM.attributes
                0x0000000000000368       0x2d ./Drivers/STM32F1xx_HAL_Driver/Src/stm32f1xx_ll_usb.o
 .ARM.attributes
                0x0000000000000395       0x2d ./Middlewares/ST/STM32_USB_Device_Library/Class/CDC/Src/usbd_cdc.o
 .ARM.attributes
                0x00000000000003c2       0x2d ./Middlewares/ST/STM32_USB_Device_Library/Core/Src/usbd_core.o
 .ARM.attributes
                0x00000000000003ef       0x2d ./Middlewares/ST/STM32_USB_Device_Library/Core/Src/usbd_ctlreq.o
 .ARM.attributes
                0x000000000000041c       0x2d ./Middlewares/ST/STM32_USB_Device_Library/Core/Src/usbd_ioreq.o
 .ARM.attributes
                0x0000000000000449       0x2d ./USB_DEVICE/App/usb_device.o
 .ARM.attributes
                0x0000000000000476       0x2d ./USB_DEVICE/App/usbd_cdc_if.o
 .ARM.attributes
                0x00000000000004a3       0x2d ./USB_DEVICE/App/usbd_desc.o
 .ARM.attributes
                0x00000000000004d0       0x2d ./USB_DEVICE/Target/usbd_conf.o
 .ARM.attributes
                0x00000000000004fd       0x2d e:/tm32cubeide_1.3.0/stm32cubeide_1.3.0/stm32cubeide/plugins/com.st.stm32cube.ide.mcu.externaltools.gnu-tools-for-stm32.9-2020-q2-update.win32_2.0.0.202105311346/tools/bin/../lib/gcc/arm-none-eabi/9.3.1/../../../../arm-none-eabi/lib/thumb/v7-m/nofp\libc_nano.a(lib_a-init.o)
 .ARM.attributes
                0x000000000000052a       0x2d e:/tm32cubeide_1.3.0/stm32cubeide_1.3.0/stm32cubeide/plugins/com.st.stm32cube.ide.mcu.externaltools.gnu-tools-for-stm32.9-2020-q2-update.win32_2.0.0.202105311346/tools/bin/../lib/gcc/arm-none-eabi/9.3.1/../../../../arm-none-eabi/lib/thumb/v7-m/nofp\libc_nano.a(lib_a-memset.o)
 .ARM.attributes
                0x0000000000000557       0x1d e:/tm32cubeide_1.3.0/stm32cubeide_1.3.0/stm32cubeide/plugins/com.st.stm32cube.ide.mcu.externaltools.gnu-tools-for-stm32.9-2020-q2-update.win32_2.0.0.202105311346/tools/bin/../lib/gcc/arm-none-eabi/9.3.1/thumb/v7-m/nofp\libgcc.a(_arm_addsubdf3.o)
 .ARM.attributes
                0x0000000000000574       0x1d e:/tm32cubeide_1.3.0/stm32cubeide_1.3.0/stm32cubeide/plugins/com.st.stm32cube.ide.mcu.externaltools.gnu-tools-for-stm32.9-2020-q2-update.win32_2.0.0.202105311346/tools/bin/../lib/gcc/arm-none-eabi/9.3.1/thumb/v7-m/nofp\libgcc.a(_arm_fixunsdfsi.o)
 .ARM.attributes
                0x0000000000000591       0x1d e:/tm32cubeide_1.3.0/stm32cubeide_1.3.0/stm32cubeide/plugins/com.st.stm32cube.ide.mcu.externaltools.gnu-tools-for-stm32.9-2020-q2-update.win32_2.0.0.202105311346/tools/bin/../lib/gcc/arm-none-eabi/9.3.1/thumb/v7-m/nofp/crtn.o
OUTPUT(auto.elf elf32-littlearm)
LOAD linker stubs
LOAD e:/tm32cubeide_1.3.0/stm32cubeide_1.3.0/stm32cubeide/plugins/com.st.stm32cube.ide.mcu.externaltools.gnu-tools-for-stm32.9-2020-q2-update.win32_2.0.0.202105311346/tools/bin/../lib/gcc/arm-none-eabi/9.3.1/../../../../arm-none-eabi/lib/thumb/v7-m/nofp\libc.a
LOAD e:/tm32cubeide_1.3.0/stm32cubeide_1.3.0/stm32cubeide/plugins/com.st.stm32cube.ide.mcu.externaltools.gnu-tools-for-stm32.9-2020-q2-update.win32_2.0.0.202105311346/tools/bin/../lib/gcc/arm-none-eabi/9.3.1/../../../../arm-none-eabi/lib/thumb/v7-m/nofp\libm.a
LOAD e:/tm32cubeide_1.3.0/stm32cubeide_1.3.0/stm32cubeide/plugins/com.st.stm32cube.ide.mcu.externaltools.gnu-tools-for-stm32.9-2020-q2-update.win32_2.0.0.202105311346/tools/bin/../lib/gcc/arm-none-eabi/9.3.1/thumb/v7-m/nofp\libgcc.a

.debug_info     0x0000000000000000    0x1e5f9
 .debug_info    0x0000000000000000     0x3232 ./Core/Src/main.o
 .debug_info    0x0000000000003232     0x146c ./Core/Src/stm32f1xx_hal_msp.o
 .debug_info    0x000000000000469e      0xf04 ./Core/Src/stm32f1xx_it.o
 .debug_info    0x00000000000055a2      0x2be ./Core/Src/system_stm32f1xx.o
 .debug_info    0x0000000000005860       0x22 ./Core/Startup/startup_stm32f103c8tx.o
 .debug_info    0x0000000000005882      0x76a ./Drivers/STM32F1xx_HAL_Driver/Src/stm32f1xx_hal.o
 .debug_info    0x0000000000005fec      0xd2d ./Drivers/STM32F1xx_HAL_Driver/Src/stm32f1xx_hal_adc.o
 .debug_info    0x0000000000006d19      0xbdc ./Drivers/STM32F1xx_HAL_Driver/Src/stm32f1xx_hal_cortex.o
 .debug_info    0x00000000000078f5      0x81e ./Drivers/STM32F1xx_HAL_Driver/Src/stm32f1xx_hal_dma.o
 .debug_info    0x0000000000008113      0x701 ./Drivers/STM32F1xx_HAL_Driver/Src/stm32f1xx_hal_gpio.o
 .debug_info    0x0000000000008814     0x278e ./Drivers/STM32F1xx_HAL_Driver/Src/stm32f1xx_hal_i2c.o
 .debug_info    0x000000000000afa2     0x1509 ./Drivers/STM32F1xx_HAL_Driver/Src/stm32f1xx_hal_pcd.o
 .debug_info    0x000000000000c4ab      0x7fc ./Drivers/STM32F1xx_HAL_Driver/Src/stm32f1xx_hal_pcd_ex.o
 .debug_info    0x000000000000cca7      0x88e ./Drivers/STM32F1xx_HAL_Driver/Src/stm32f1xx_hal_rcc.o
 .debug_info    0x000000000000d535      0x480 ./Drivers/STM32F1xx_HAL_Driver/Src/stm32f1xx_hal_rcc_ex.o
 .debug_info    0x000000000000d9b5     0x2a45 ./Drivers/STM32F1xx_HAL_Driver/Src/stm32f1xx_hal_tim.o
 .debug_info    0x00000000000103fa     0x14d5 ./Drivers/STM32F1xx_HAL_Driver/Src/stm32f1xx_hal_tim_ex.o
 .debug_info    0x00000000000118cf     0x161a ./Drivers/STM32F1xx_HAL_Driver/Src/stm32f1xx_hal_uart.o
 .debug_info    0x0000000000012ee9     0x19e6 ./Drivers/STM32F1xx_HAL_Driver/Src/stm32f1xx_ll_usb.o
 .debug_info    0x00000000000148cf     0x193a ./Middlewares/ST/STM32_USB_Device_Library/Class/CDC/Src/usbd_cdc.o
 .debug_info    0x0000000000016209     0x12ef ./Middlewares/ST/STM32_USB_Device_Library/Core/Src/usbd_core.o
 .debug_info    0x00000000000174f8     0x125c ./Middlewares/ST/STM32_USB_Device_Library/Core/Src/usbd_ctlreq.o
 .debug_info    0x0000000000018754     0x102e ./Middlewares/ST/STM32_USB_Device_Library/Core/Src/usbd_ioreq.o
 .debug_info    0x0000000000019782      0xf6b ./USB_DEVICE/App/usb_device.o
 .debug_info    0x000000000001a6ed     0x119c ./USB_DEVICE/App/usbd_cdc_if.o
 .debug_info    0x000000000001b889      0xde8 ./USB_DEVICE/App/usbd_desc.o
 .debug_info    0x000000000001c671     0x1f88 ./USB_DEVICE/Target/usbd_conf.o

.debug_abbrev   0x0000000000000000     0x3d8a
 .debug_abbrev  0x0000000000000000      0x3e9 ./Core/Src/main.o
 .debug_abbrev  0x00000000000003e9      0x206 ./Core/Src/stm32f1xx_hal_msp.o
 .debug_abbrev  0x00000000000005ef      0x1c1 ./Core/Src/stm32f1xx_it.o
 .debug_abbrev  0x00000000000007b0      0x14e ./Core/Src/system_stm32f1xx.o
 .debug_abbrev  0x00000000000008fe       0x12 ./Core/Startup/startup_stm32f103c8tx.o
 .debug_abbrev  0x0000000000000910      0x1ed ./Drivers/STM32F1xx_HAL_Driver/Src/stm32f1xx_hal.o
 .debug_abbrev  0x0000000000000afd      0x1fb ./Drivers/STM32F1xx_HAL_Driver/Src/stm32f1xx_hal_adc.o
 .debug_abbrev  0x0000000000000cf8      0x313 ./Drivers/STM32F1xx_HAL_Driver/Src/stm32f1xx_hal_cortex.o
 .debug_abbrev  0x000000000000100b      0x228 ./Drivers/STM32F1xx_HAL_Driver/Src/stm32f1xx_hal_dma.o
 .debug_abbrev  0x0000000000001233      0x1e8 ./Drivers/STM32F1xx_HAL_Driver/Src/stm32f1xx_hal_gpio.o
 .debug_abbrev  0x000000000000141b      0x288 ./Drivers/STM32F1xx_HAL_Driver/Src/stm32f1xx_hal_i2c.o
 .debug_abbrev  0x00000000000016a3      0x29e ./Drivers/STM32F1xx_HAL_Driver/Src/stm32f1xx_hal_pcd.o
 .debug_abbrev  0x0000000000001941      0x1ac ./Drivers/STM32F1xx_HAL_Driver/Src/stm32f1xx_hal_pcd_ex.o
 .debug_abbrev  0x0000000000001aed      0x273 ./Drivers/STM32F1xx_HAL_Driver/Src/stm32f1xx_hal_rcc.o
 .debug_abbrev  0x0000000000001d60      0x193 ./Drivers/STM32F1xx_HAL_Driver/Src/stm32f1xx_hal_rcc_ex.o
 .debug_abbrev  0x0000000000001ef3      0x25e ./Drivers/STM32F1xx_HAL_Driver/Src/stm32f1xx_hal_tim.o
 .debug_abbrev  0x0000000000002151      0x266 ./Drivers/STM32F1xx_HAL_Driver/Src/stm32f1xx_hal_tim_ex.o
 .debug_abbrev  0x00000000000023b7      0x28b ./Drivers/STM32F1xx_HAL_Driver/Src/stm32f1xx_hal_uart.o
 .debug_abbrev  0x0000000000002642      0x1fa ./Drivers/STM32F1xx_HAL_Driver/Src/stm32f1xx_ll_usb.o
 .debug_abbrev  0x000000000000283c      0x2f6 ./Middlewares/ST/STM32_USB_Device_Library/Class/CDC/Src/usbd_cdc.o
 .debug_abbrev  0x0000000000002b32      0x2a8 ./Middlewares/ST/STM32_USB_Device_Library/Core/Src/usbd_core.o
 .debug_abbrev  0x0000000000002dda      0x2de ./Middlewares/ST/STM32_USB_Device_Library/Core/Src/usbd_ctlreq.o
 .debug_abbrev  0x00000000000030b8      0x20a ./Middlewares/ST/STM32_USB_Device_Library/Core/Src/usbd_ioreq.o
 .debug_abbrev  0x00000000000032c2      0x1e4 ./USB_DEVICE/App/usb_device.o
 .debug_abbrev  0x00000000000034a6      0x2fd ./USB_DEVICE/App/usbd_cdc_if.o
 .debug_abbrev  0x00000000000037a3      0x2ca ./USB_DEVICE/App/usbd_desc.o
 .debug_abbrev  0x0000000000003a6d      0x31d ./USB_DEVICE/Target/usbd_conf.o

.debug_aranges  0x0000000000000000     0x16e8
 .debug_aranges
                0x0000000000000000      0x108 ./Core/Src/main.o
 .debug_aranges
                0x0000000000000108       0x68 ./Core/Src/stm32f1xx_hal_msp.o
 .debug_aranges
                0x0000000000000170       0x88 ./Core/Src/stm32f1xx_it.o
 .debug_aranges
                0x00000000000001f8       0x28 ./Core/Src/system_stm32f1xx.o
 .debug_aranges
                0x0000000000000220       0x28 ./Core/Startup/startup_stm32f103c8tx.o
 .debug_aranges
                0x0000000000000248       0xe0 ./Drivers/STM32F1xx_HAL_Driver/Src/stm32f1xx_hal.o
 .debug_aranges
                0x0000000000000328       0xf0 ./Drivers/STM32F1xx_HAL_Driver/Src/stm32f1xx_hal_adc.o
 .debug_aranges
                0x0000000000000418      0x100 ./Drivers/STM32F1xx_HAL_Driver/Src/stm32f1xx_hal_cortex.o
 .debug_aranges
                0x0000000000000518       0x80 ./Drivers/STM32F1xx_HAL_Driver/Src/stm32f1xx_hal_dma.o
 .debug_aranges
                0x0000000000000598       0x58 ./Drivers/STM32F1xx_HAL_Driver/Src/stm32f1xx_hal_gpio.o
 .debug_aranges
                0x00000000000005f0      0x2a0 ./Drivers/STM32F1xx_HAL_Driver/Src/stm32f1xx_hal_i2c.o
 .debug_aranges
                0x0000000000000890      0x138 ./Drivers/STM32F1xx_HAL_Driver/Src/stm32f1xx_hal_pcd.o
 .debug_aranges
                0x00000000000009c8       0x38 ./Drivers/STM32F1xx_HAL_Driver/Src/stm32f1xx_hal_pcd_ex.o
 .debug_aranges
                0x0000000000000a00       0x90 ./Drivers/STM32F1xx_HAL_Driver/Src/stm32f1xx_hal_rcc.o
 .debug_aranges
                0x0000000000000a90       0x30 ./Drivers/STM32F1xx_HAL_Driver/Src/stm32f1xx_hal_rcc_ex.o
 .debug_aranges
                0x0000000000000ac0      0x3d0 ./Drivers/STM32F1xx_HAL_Driver/Src/stm32f1xx_hal_tim.o
 .debug_aranges
                0x0000000000000e90      0x168 ./Drivers/STM32F1xx_HAL_Driver/Src/stm32f1xx_hal_tim_ex.o
 .debug_aranges
                0x0000000000000ff8      0x200 ./Drivers/STM32F1xx_HAL_Driver/Src/stm32f1xx_hal_uart.o
 .debug_aranges
                0x00000000000011f8       0xf0 ./Drivers/STM32F1xx_HAL_Driver/Src/stm32f1xx_ll_usb.o
 .debug_aranges
                0x00000000000012e8       0x90 ./Middlewares/ST/STM32_USB_Device_Library/Class/CDC/Src/usbd_cdc.o
 .debug_aranges
                0x0000000000001378       0xb8 ./Middlewares/ST/STM32_USB_Device_Library/Core/Src/usbd_core.o
 .debug_aranges
                0x0000000000001430       0x88 ./Middlewares/ST/STM32_USB_Device_Library/Core/Src/usbd_ctlreq.o
 .debug_aranges
                0x00000000000014b8       0x50 ./Middlewares/ST/STM32_USB_Device_Library/Core/Src/usbd_ioreq.o
 .debug_aranges
                0x0000000000001508       0x20 ./USB_DEVICE/App/usb_device.o
 .debug_aranges
                0x0000000000001528       0x48 ./USB_DEVICE/App/usbd_cdc_if.o
 .debug_aranges
                0x0000000000001570       0x60 ./USB_DEVICE/App/usbd_desc.o
 .debug_aranges
                0x00000000000015d0      0x118 ./USB_DEVICE/Target/usbd_conf.o

.debug_ranges   0x0000000000000000     0x1598
 .debug_ranges  0x0000000000000000       0xf8 ./Core/Src/main.o
 .debug_ranges  0x00000000000000f8       0x58 ./Core/Src/stm32f1xx_hal_msp.o
 .debug_ranges  0x0000000000000150       0x78 ./Core/Src/stm32f1xx_it.o
 .debug_ranges  0x00000000000001c8       0x18 ./Core/Src/system_stm32f1xx.o
 .debug_ranges  0x00000000000001e0       0x20 ./Core/Startup/startup_stm32f103c8tx.o
 .debug_ranges  0x0000000000000200       0xd0 ./Drivers/STM32F1xx_HAL_Driver/Src/stm32f1xx_hal.o
 .debug_ranges  0x00000000000002d0       0xe0 ./Drivers/STM32F1xx_HAL_Driver/Src/stm32f1xx_hal_adc.o
 .debug_ranges  0x00000000000003b0       0xf0 ./Drivers/STM32F1xx_HAL_Driver/Src/stm32f1xx_hal_cortex.o
 .debug_ranges  0x00000000000004a0       0x70 ./Drivers/STM32F1xx_HAL_Driver/Src/stm32f1xx_hal_dma.o
 .debug_ranges  0x0000000000000510       0x48 ./Drivers/STM32F1xx_HAL_Driver/Src/stm32f1xx_hal_gpio.o
 .debug_ranges  0x0000000000000558      0x2b8 ./Drivers/STM32F1xx_HAL_Driver/Src/stm32f1xx_hal_i2c.o
 .debug_ranges  0x0000000000000810      0x128 ./Drivers/STM32F1xx_HAL_Driver/Src/stm32f1xx_hal_pcd.o
 .debug_ranges  0x0000000000000938       0x28 ./Drivers/STM32F1xx_HAL_Driver/Src/stm32f1xx_hal_pcd_ex.o
 .debug_ranges  0x0000000000000960       0x80 ./Drivers/STM32F1xx_HAL_Driver/Src/stm32f1xx_hal_rcc.o
 .debug_ranges  0x00000000000009e0       0x20 ./Drivers/STM32F1xx_HAL_Driver/Src/stm32f1xx_hal_rcc_ex.o
 .debug_ranges  0x0000000000000a00      0x3c0 ./Drivers/STM32F1xx_HAL_Driver/Src/stm32f1xx_hal_tim.o
 .debug_ranges  0x0000000000000dc0      0x158 ./Drivers/STM32F1xx_HAL_Driver/Src/stm32f1xx_hal_tim_ex.o
 .debug_ranges  0x0000000000000f18      0x220 ./Drivers/STM32F1xx_HAL_Driver/Src/stm32f1xx_hal_uart.o
 .debug_ranges  0x0000000000001138       0xe0 ./Drivers/STM32F1xx_HAL_Driver/Src/stm32f1xx_ll_usb.o
 .debug_ranges  0x0000000000001218       0x80 ./Middlewares/ST/STM32_USB_Device_Library/Class/CDC/Src/usbd_cdc.o
 .debug_ranges  0x0000000000001298       0xa8 ./Middlewares/ST/STM32_USB_Device_Library/Core/Src/usbd_core.o
 .debug_ranges  0x0000000000001340       0x78 ./Middlewares/ST/STM32_USB_Device_Library/Core/Src/usbd_ctlreq.o
 .debug_ranges  0x00000000000013b8       0x40 ./Middlewares/ST/STM32_USB_Device_Library/Core/Src/usbd_ioreq.o
 .debug_ranges  0x00000000000013f8       0x10 ./USB_DEVICE/App/usb_device.o
 .debug_ranges  0x0000000000001408       0x38 ./USB_DEVICE/App/usbd_cdc_if.o
 .debug_ranges  0x0000000000001440       0x50 ./USB_DEVICE/App/usbd_desc.o
 .debug_ranges  0x0000000000001490      0x108 ./USB_DEVICE/Target/usbd_conf.o

.debug_macro    0x0000000000000000    0x1bded
 .debug_macro   0x0000000000000000      0x4b8 ./Core/Src/main.o
 .debug_macro   0x00000000000004b8      0xa9c ./Core/Src/main.o
 .debug_macro   0x0000000000000f54      0x233 ./Core/Src/main.o
 .debug_macro   0x0000000000001187       0x2e ./Core/Src/main.o
 .debug_macro   0x00000000000011b5       0x22 ./Core/Src/main.o
 .debug_macro   0x00000000000011d7       0x22 ./Core/Src/main.o
 .debug_macro   0x00000000000011f9       0x8e ./Core/Src/main.o
 .debug_macro   0x0000000000001287       0x51 ./Core/Src/main.o
 .debug_macro   0x00000000000012d8      0x103 ./Core/Src/main.o
 .debug_macro   0x00000000000013db       0x6a ./Core/Src/main.o
 .debug_macro   0x0000000000001445      0x1df ./Core/Src/main.o
 .debug_macro   0x0000000000001624       0x1c ./Core/Src/main.o
 .debug_macro   0x0000000000001640       0x22 ./Core/Src/main.o
 .debug_macro   0x0000000000001662       0xc3 ./Core/Src/main.o
 .debug_macro   0x0000000000001725      0xd23 ./Core/Src/main.o
 .debug_macro   0x0000000000002448     0xe09e ./Core/Src/main.o
 .debug_macro   0x00000000000104e6       0x6d ./Core/Src/main.o
 .debug_macro   0x0000000000010553     0x3468 ./Core/Src/main.o
 .debug_macro   0x00000000000139bb      0x174 ./Core/Src/main.o
 .debug_macro   0x0000000000013b2f       0x5c ./Core/Src/main.o
 .debug_macro   0x0000000000013b8b      0x5be ./Core/Src/main.o
 .debug_macro   0x0000000000014149      0x289 ./Core/Src/main.o
 .debug_macro   0x00000000000143d2      0x1cb ./Core/Src/main.o
 .debug_macro   0x000000000001459d      0x114 ./Core/Src/main.o
 .debug_macro   0x00000000000146b1      0x1b2 ./Core/Src/main.o
 .debug_macro   0x0000000000014863       0x27 ./Core/Src/main.o
 .debug_macro   0x000000000001488a      0x136 ./Core/Src/main.o
 .debug_macro   0x00000000000149c0      0x1bc ./Core/Src/main.o
 .debug_macro   0x0000000000014b7c       0x34 ./Core/Src/main.o
 .debug_macro   0x0000000000014bb0       0x3c ./Core/Src/main.o
 .debug_macro   0x0000000000014bec       0x57 ./Core/Src/main.o
 .debug_macro   0x0000000000014c43      0x46a ./Core/Src/main.o
 .debug_macro   0x00000000000150ad      0x1b5 ./Core/Src/main.o
 .debug_macro   0x0000000000015262       0x88 ./Core/Src/main.o
 .debug_macro   0x00000000000152ea      0x241 ./Core/Src/main.o
 .debug_macro   0x000000000001552b      0x287 ./Core/Src/main.o
 .debug_macro   0x00000000000157b2      0x141 ./Core/Src/main.o
 .debug_macro   0x00000000000158f3      0x8d1 ./Core/Src/main.o
 .debug_macro   0x00000000000161c4      0x279 ./Core/Src/main.o
 .debug_macro   0x000000000001643d       0x65 ./Core/Src/main.o
 .debug_macro   0x00000000000164a2      0x249 ./Core/Src/main.o
 .debug_macro   0x00000000000166eb       0x83 ./Core/Src/main.o
 .debug_macro   0x000000000001676e       0x28 ./Core/Src/main.o
 .debug_macro   0x0000000000016796       0x52 ./Core/Src/main.o
 .debug_macro   0x00000000000167e8       0x18 ./Core/Src/main.o
 .debug_macro   0x0000000000016800       0x3c ./Core/Src/main.o
 .debug_macro   0x000000000001683c       0x34 ./Core/Src/main.o
 .debug_macro   0x0000000000016870       0x16 ./Core/Src/main.o
 .debug_macro   0x0000000000016886       0x35 ./Core/Src/main.o
 .debug_macro   0x00000000000168bb      0x333 ./Core/Src/main.o
 .debug_macro   0x0000000000016bee       0x10 ./Core/Src/main.o
 .debug_macro   0x0000000000016bfe       0x16 ./Core/Src/main.o
 .debug_macro   0x0000000000016c14       0x43 ./Core/Src/main.o
 .debug_macro   0x0000000000016c57       0x34 ./Core/Src/main.o
 .debug_macro   0x0000000000016c8b       0x10 ./Core/Src/main.o
 .debug_macro   0x0000000000016c9b       0x58 ./Core/Src/main.o