main.c:264:6:PID	16	static
main.c:298:6:ErrorCuadratico	32	static
main.c:337:6:InitEsp	16	static
main.c:380:6:HAL_TIM_PeriodElapsedCallback	16	static
main.c:427:6:DecodeESP	16	static
main.c:736:6:HAL_UART_RxCpltCallback	16	static
main.c:742:6:HAL_ADC_ConvCpltCallback	24	static
main.c:797:6:MyCallBackOnUSBData	24	static
main.c:803:9:GetByteFromRx	24	static
main.c:815:6:DecodeHeader	24	static
main.c:890:6:DecodeCmd	16	static
main.c:925:6:SendUDPData	16	static
main.c:944:6:PutByteOnTx	16	static
main.c:950:6:PutBuffOnTx	32	static
main.c:961:6:PutCIPSENDOnTx	24	static
main.c:970:6:PutHeaderOnTx	16	static
main.c:990:6:PutcksOnTx	24	static
main.c:1007:6:PutStrOnTx	24	static
main.c:1023:5:main	8	static
main.c:1242:6:SystemClock_Config	88	static
main.c:1289:13:MX_ADC1_Init	24	static
main.c:1390:13:MX_I2C2_Init	8	static
main.c:1424:13:MX_TIM3_Init	32	static
main.c:1469:13:MX_TIM4_Init	64	static
main.c:1540:13:MX_USART1_UART_Init	8	static
main.c:1571:13:MX_DMA_Init	16	static
main.c:1589:13:MX_GPIO_Init	40	static
main.c:1636:6:Error_Handler	4	static,ignoring_inline_asm
