main.c:272:6:PID	16	static
main.c:306:6:ErrorCuadratico	32	static
main.c:345:6:InitEsp	16	static
main.c:386:6:Reset	8	static
main.c:395:6:HAL_TIM_PeriodElapsedCallback	16	static
main.c:429:6:DecodeESP	16	static
main.c:689:6:HAL_UART_RxCpltCallback	24	static
main.c:698:6:HAL_ADC_ConvCpltCallback	16	static
main.c:707:6:ADC	24	static
main.c:758:6:MyCallBackOnUSBData	24	static
main.c:764:9:GetByteFromRx	24	static
main.c:776:6:DecodeHeader	24	static
main.c:851:6:DecodeCmd	16	static
main.c:884:6:PutCIPSENDOnTx	16	static
main.c:893:6:SendUDPData	8	static
main.c:984:6:PutStrOnTx	24	static
main.c:994:6:PutByteOnTx	16	static
main.c:1000:6:PutBuffOnTx	32	static
main.c:1011:6:PutHeaderOnTx	16	static
main.c:1031:6:PutcksOnTx	24	static
main.c:1054:5:main	8	static
main.c:1316:6:SystemClock_Config	88	static
main.c:1363:13:MX_ADC1_Init	24	static
main.c:1464:13:MX_I2C2_Init	8	static
main.c:1498:13:MX_TIM3_Init	32	static
main.c:1543:13:MX_TIM4_Init	64	static
main.c:1614:13:MX_USART1_UART_Init	8	static
main.c:1645:13:MX_DMA_Init	16	static
main.c:1663:13:MX_GPIO_Init	40	static
main.c:1710:6:Error_Handler	4	static,ignoring_inline_asm
